[autodl] run_id=20260912-103501-ttie-t009-a6000
[autodl] started_at=2026-09-12T10:35:06+08:00
/home/wenchang/anaconda3/envs/python3.12-tk2-2.3/lib/python3.12/site-packages/torch/cuda/__init__.py:654: UserWarning: Can't initialize NVML
  warnings.warn("Can't initialize NVML")
3.12.12 | packaged by conda-forge | (main, Jan 26 2026, 23:51:32) [GCC 14.3.0]
torch 2.4.0
torchvision 0.19.0
open_clip_torch 2.26.1
timm 1.0.29
Pillow 12.3.0
CUDA 12.1 NVIDIA RTX A6000
test_cpu_diagnostics_and_loss_decrease (test_adapt.AdaptTests.test_cpu_diagnostics_and_loss_decrease) ... <frozen importlib._bootstrap>:488: DeprecationWarning: Type google._upb._message.MessageMapContainer uses PyType_Spec with a metaclass that has custom tp_new. This is deprecated and will no longer be allowed in Python 3.14.
<frozen importlib._bootstrap>:488: DeprecationWarning: Type google._upb._message.ScalarMapContainer uses PyType_Spec with a metaclass that has custom tp_new. This is deprecated and will no longer be allowed in Python 3.14.
ok
test_episode_reset_reproducibility (test_adapt.AdaptTests.test_episode_reset_reproducibility) ... ok
test_fixed_prior_value (test_adapt.AdaptTests.test_fixed_prior_value) ... ok
test_only_fast_parameters_updated (test_adapt.AdaptTests.test_only_fast_parameters_updated) ... ok
test_zero_steps_identity (test_adapt.AdaptTests.test_zero_steps_identity) ... ok
test_auc_ties_and_literal_conjunction (test_clip_signal.ClipSignalTests.test_auc_ties_and_literal_conjunction) ... ok
test_calibration_ignores_heldout_values_and_dirty_calibration (test_clip_signal.ClipSignalTests.test_calibration_ignores_heldout_values_and_dirty_calibration) ... ok
test_detached_winner_threshold_and_zero_loss (test_clip_signal.ClipSignalTests.test_detached_winner_threshold_and_zero_loss) ... ok
test_frozen_encoder_has_pixel_gradient (test_clip_signal.ClipSignalTests.test_frozen_encoder_has_pixel_gradient) ... ok
test_scores_do_not_consume_evaluation_reference_or_labels (test_clip_signal.ClipSignalTests.test_scores_do_not_consume_evaluation_reference_or_labels) ... ok
test_evaluation_reference_does_not_affect_adaptation (test_demo.DemoTests.test_evaluation_reference_does_not_affect_adaptation) ... ok
test_full_demo_is_deterministic (test_demo.DemoTests.test_full_demo_is_deterministic) ... ok
test_metrics_known_value (test_demo.DemoTests.test_metrics_known_value) ... ok
test_coordinate_restrictions_exact (test_geometry.GeometryTests.test_coordinate_restrictions_exact) ... ok
test_development_manifest_excludes_all_old_data (test_geometry.GeometryTests.test_development_manifest_excludes_all_old_data) ... ok
test_diagnosis_rules_and_objective_priority_are_literal (test_geometry.GeometryTests.test_diagnosis_rules_and_objective_priority_are_literal) ... ok
test_literal_surface_and_tied_ranks (test_geometry.GeometryTests.test_literal_surface_and_tied_ranks) ... ok
test_oracle_resets_identity_and_is_diagnostic_only (test_geometry.GeometryTests.test_oracle_resets_identity_and_is_diagnostic_only) ... ok
test_piecewise_constant_equivalence_and_odd_quadrant_boundary (test_geometry.GeometryTests.test_piecewise_constant_equivalence_and_odd_quadrant_boundary) ... ok
test_recording_leaves_t008_trajectory_unchanged_and_reference_is_offline (test_geometry.GeometryTests.test_recording_leaves_t008_trajectory_unchanged_and_reference_is_offline) ... ok
test_reference_gradient_changes_without_affecting_semantic_api (test_geometry.GeometryTests.test_reference_gradient_changes_without_affecting_semantic_api) ... ok
test_constant_spatial_grid_matches_global (test_isp.ISPTests.test_constant_spatial_grid_matches_global) ... ok
test_each_operator_has_finite_nonzero_gradient (test_isp.ISPTests.test_each_operator_has_finite_nonzero_gradient) ... ok
test_identity_including_black_and_white (test_isp.ISPTests.test_identity_including_black_and_white) ... ok
test_single_operator_semantics (test_isp.ISPTests.test_single_operator_semantics) ... ok
test_spatial_interpolation_and_bounds (test_isp.ISPTests.test_spatial_interpolation_and_bounds) ... ok
test_image_any_denominators_tradeoffs_auc_and_gate (test_joint_audit.JointAuditTests.test_image_any_denominators_tradeoffs_auc_and_gate) ... ok
test_metadata_is_attached_after_persistence_cannot_change_pixel_inference (test_joint_audit.JointAuditTests.test_metadata_is_attached_after_persistence_cannot_change_pixel_inference) ... ok
test_calibration_image_max_linear_percentile_and_exclusion (test_joint_gate.JointGateTests.test_calibration_image_max_linear_percentile_and_exclusion) ... ok
test_exact_saved_prototype_and_t006_score_arithmetic (test_joint_gate.JointGateTests.test_exact_saved_prototype_and_t006_score_arithmetic) ... ok
test_fresh_manifest_excludes_every_prior_split (test_joint_gate.JointGateTests.test_fresh_manifest_excludes_every_prior_split) ... ok
test_same_scores_raw_winner_strict_boundary_and_activation_only (test_joint_gate.JointGateTests.test_same_scores_raw_winner_strict_boundary_and_activation_only) ... ok
test_clean_source_calibration_only (test_learned_prototypes.LearnedPrototypeTests.test_clean_source_calibration_only) ... ok
test_exact_initialization_and_gradient_ownership (test_learned_prototypes.LearnedPrototypeTests.test_exact_initialization_and_gradient_ownership) ... ok
test_fresh_deterministic_manifest (test_learned_prototypes.LearnedPrototypeTests.test_fresh_deterministic_manifest) ... ok
test_pixel_only_inference_and_decisions (test_learned_prototypes.LearnedPrototypeTests.test_pixel_only_inference_and_decisions) ... ok
test_source_only_training_freezes_before_inference (test_learned_prototypes.LearnedPrototypeTests.test_source_only_training_freezes_before_inference) ... ok
test_five_views_and_differentiable_geometry (test_natural.NaturalTests.test_five_views_and_differentiable_geometry) ... ok
test_gain_conventions_match_previous_suite (test_natural.NaturalTests.test_gain_conventions_match_previous_suite) ... ok
test_gate_requires_mixed_recall_and_low_wrong_activation (test_prototype_audit.PrototypeAuditTests.test_gate_requires_mixed_recall_and_low_wrong_activation) ... ok
test_metadata_changes_only_offline_localization (test_prototype_audit.PrototypeAuditTests.test_metadata_changes_only_offline_localization) ... ok
test_mixed_labels_and_all_view_denominators (test_prototype_audit.PrototypeAuditTests.test_mixed_labels_and_all_view_denominators) ... ok
test_global_unaffected_by_tv_and_components_reconstruct_total (test_regularization.RegularizationTests.test_global_unaffected_by_tv_and_components_reconstruct_total) ... ok
test_identity_normalization_anchor_and_bounds (test_regularization.RegularizationTests.test_identity_normalization_anchor_and_bounds) ... ok
test_tv_constant_varying_and_analytic_value (test_regularization.RegularizationTests.test_tv_constant_varying_and_analytic_value) ... ok
test_zero_weight_t001_fixed_numeric_regression (test_regularization.RegularizationTests.test_zero_weight_t001_fixed_numeric_regression) ... ok
test_exact_probe_sign_magnitude_and_response (test_relative_clip.RelativeTests.test_exact_probe_sign_magnitude_and_response) ... ok
test_fresh_manifest_and_calibration_excludes_other_rows (test_relative_clip.RelativeTests.test_fresh_manifest_and_calibration_excludes_other_rows) ... ok
test_literal_gate_uses_correct_type_tpr_and_precision (test_relative_clip.RelativeTests.test_literal_gate_uses_correct_type_tpr_and_precision) ... ok
test_metadata_does_not_change_responses_gates_targets (test_relative_clip.RelativeTests.test_metadata_does_not_change_responses_gates_targets) ... ok
test_literal_mean_gates_paired_rows_and_gradient_exclusion (test_restoration_metrics.RestorationMetricTests.test_literal_mean_gates_paired_rows_and_gradient_exclusion) ... ok
test_official_fresh_manifest_prefix_and_exclusions (test_restoration_metrics.RestorationMetricTests.test_official_fresh_manifest_prefix_and_exclusions) ... ok
test_replaced_reference_changes_metrics_only_after_methods_complete (test_restoration_metrics.RestorationMetricTests.test_replaced_reference_changes_metrics_only_after_methods_complete) ... ok
test_all_fixed_settings_and_component_trajectories (test_safety_sweep.SafetySweepTests.test_all_fixed_settings_and_component_trajectories) ... ok
test_clean_reference_replacement_never_changes_any_trajectory (test_safety_sweep.SafetySweepTests.test_clean_reference_replacement_never_changes_any_trajectory) ... ok
test_predeclared_decision_rule_known_values (test_safety_sweep.SafetySweepTests.test_predeclared_decision_rule_known_values) ... ok
test_direct_policy_and_exact_candidate_ties (test_semantic_ttt.SemanticTTTTests.test_direct_policy_and_exact_candidate_ties) ... ok
test_episode_reset_and_metadata_cannot_enter_trajectory (test_semantic_ttt.SemanticTTTTests.test_episode_reset_and_metadata_cannot_enter_trajectory) ... ok
test_fixed_original_mask_and_two_sided_hinge (test_semantic_ttt.SemanticTTTTests.test_fixed_original_mask_and_two_sided_hinge) ... ok
test_frozen_encoder_gradients_reach_both_isp_coordinates (test_semantic_ttt.SemanticTTTTests.test_frozen_encoder_gradients_reach_both_isp_coordinates) ... ok
test_global_spatial_constant_render_and_fixed_other_operators (test_semantic_ttt.SemanticTTTTests.test_global_spatial_constant_render_and_fixed_other_operators) ... ok
test_literal_saved_calibration_and_hash (test_semantic_ttt.SemanticTTTTests.test_literal_saved_calibration_and_hash) ... ok
test_no_active_is_bitwise_identity_for_every_method (test_semantic_ttt.SemanticTTTTests.test_no_active_is_bitwise_identity_for_every_method) ... ok
test_clean_families_and_determinism (test_suite.SuiteTests.test_clean_families_and_determinism) ... ok
test_degradation_masks_and_t001_equivalence (test_suite.SuiteTests.test_degradation_masks_and_t001_equivalence) ... ok
test_evaluation_only_reference_and_exports (test_suite.SuiteTests.test_evaluation_only_reference_and_exports) ... ok
test_identity_drift_clean_condition (test_suite.SuiteTests.test_identity_drift_clean_condition) ... ok
test_count_aggregation_and_uniform_field (test_uniform.UniformTests.test_count_aggregation_and_uniform_field) ... ok
test_spatial_one_matches_global_exactly (test_uniform.UniformTests.test_spatial_one_matches_global_exactly) ... ok
test_symmetric_control_stays_near_global_and_resets (test_uniform.UniformTests.test_symmetric_control_stays_near_global_and_resets) ... ok

----------------------------------------------------------------------
Ran 70 tests in 6.039s

OK
/home/wenchang/asdasdsad/wjq/TTIE/.venv/lib/python3.12/site-packages/timm/models/layers/__init__.py:49: FutureWarning: Importing from timm.models.layers is deprecated, please import via timm.layers
  warnings.warn(f"Importing from {__name__} is deprecated, please import via timm.layers", FutureWarning)
/home/wenchang/anaconda3/envs/python3.12-tk2-2.3/lib/python3.12/site-packages/torch/cuda/__init__.py:654: UserWarning: Can't initialize NVML
  warnings.warn("Can't initialize NVML")
/home/wenchang/asdasdsad/wjq/TTIE/.venv/lib/python3.12/site-packages/open_clip/factory.py:129: FutureWarning: You are using `torch.load` with `weights_only=False` (the current default value), which uses the default pickle module implicitly. It is possible to construct malicious pickle data which will execute arbitrary code during unpickling (See https://github.com/pytorch/pytorch/blob/main/SECURITY.md#untrusted-models for more details). In a future release, the default value for `weights_only` will be flipped to `True`. This limits the functions that could be executed during unpickling. Arbitrary objects will no longer be allowed to be loaded via this mode unless they are explicitly allowlisted by the user via `torch.serialization.add_safe_globals`. We recommend you start setting `weights_only=True` for any use case where you don't have full control of the loaded file. Please open an issue on GitHub for any issues related to this experimental feature.
  checkpoint = torch.load(checkpoint_path, map_location=map_location)
Finalized development 4395 clean episodes 1 seconds 10.62
Finalized development 4395 homogeneous_dark episodes 2 seconds 13.42
Finalized development 4395 homogeneous_bright episodes 3 seconds 12.3
Finalized development 4395 left_right episodes 4 seconds 14.21
Finalized development 4395 quadrants episodes 5 seconds 13.2
Finalized development 4495 clean episodes 6 seconds 0.03
Finalized development 4495 homogeneous_dark episodes 7 seconds 0.08
Finalized development 4495 homogeneous_bright episodes 8 seconds 14.04
Finalized development 4495 left_right episodes 9 seconds 14.71
Finalized development 4495 quadrants episodes 10 seconds 14.83
Finalized development 4765 clean episodes 11 seconds 13.13
Finalized development 4765 homogeneous_dark episodes 12 seconds 12.67
Finalized development 4765 homogeneous_bright episodes 13 seconds 11.63
Finalized development 4765 left_right episodes 14 seconds 11.87
Finalized development 4765 quadrants episodes 15 seconds 15.04
Finalized development 4795 clean episodes 16 seconds 0.03
Finalized development 4795 homogeneous_dark episodes 17 seconds 0.08
Finalized development 4795 homogeneous_bright episodes 18 seconds 14.35
Finalized development 4795 left_right episodes 19 seconds 15.38
Finalized development 4795 quadrants episodes 20 seconds 15.59
Finalized development 5001 clean episodes 21 seconds 13.5
Finalized development 5001 homogeneous_dark episodes 22 seconds 14.29
Finalized development 5001 homogeneous_bright episodes 23 seconds 14.1
Finalized development 5001 left_right episodes 24 seconds 15.35
Finalized development 5001 quadrants episodes 25 seconds 15.59
Finalized development 5037 clean episodes 26 seconds 0.03
Finalized development 5037 homogeneous_dark episodes 27 seconds 4.85
Finalized development 5037 homogeneous_bright episodes 28 seconds 6.23
Finalized development 5037 left_right episodes 29 seconds 11.1
Finalized development 5037 quadrants episodes 30 seconds 12.79
Finalized development 5060 clean episodes 31 seconds 0.03
Finalized development 5060 homogeneous_dark episodes 32 seconds 0.08
Finalized development 5060 homogeneous_bright episodes 33 seconds 14.32
Finalized development 5060 left_right episodes 34 seconds 15.21
Finalized development 5060 quadrants episodes 35 seconds 15.55
Finalized development 5193 clean episodes 36 seconds 0.03
Finalized development 5193 homogeneous_dark episodes 37 seconds 12.71
Finalized development 5193 homogeneous_bright episodes 38 seconds 14.29
Finalized development 5193 left_right episodes 39 seconds 15.3
Finalized development 5193 quadrants episodes 40 seconds 15.68
Finalized development 5477 clean episodes 41 seconds 0.03
Finalized development 5477 homogeneous_dark episodes 42 seconds 8.35
Finalized development 5477 homogeneous_bright episodes 43 seconds 14.3
Finalized development 5477 left_right episodes 44 seconds 15.09
Finalized development 5477 quadrants episodes 45 seconds 15.42
Finalized development 5503 clean episodes 46 seconds 0.03
Finalized development 5503 homogeneous_dark episodes 47 seconds 14.41
Finalized development 5503 homogeneous_bright episodes 48 seconds 6.24
Finalized development 5503 left_right episodes 49 seconds 15.48
Finalized development 5503 quadrants episodes 50 seconds 15.63
Finalized development 5529 clean episodes 51 seconds 0.03
Finalized development 5529 homogeneous_dark episodes 52 seconds 0.08
Finalized development 5529 homogeneous_bright episodes 53 seconds 14.37
Finalized development 5529 left_right episodes 54 seconds 15.31
Finalized development 5529 quadrants episodes 55 seconds 14.64
Finalized development 5600 clean episodes 56 seconds 0.03
Finalized development 5600 homogeneous_dark episodes 57 seconds 9.02
Finalized development 5600 homogeneous_bright episodes 58 seconds 12.57
Finalized development 5600 left_right episodes 59 seconds 15.59
Finalized development 5600 quadrants episodes 60 seconds 14.86
Finalized development 5992 clean episodes 61 seconds 0.03
Finalized development 5992 homogeneous_dark episodes 62 seconds 12.08
Finalized development 5992 homogeneous_bright episodes 63 seconds 12.69
Finalized development 5992 left_right episodes 64 seconds 9.36
Finalized development 5992 quadrants episodes 65 seconds 13.02
Finalized development 6012 clean episodes 66 seconds 0.03
Finalized development 6012 homogeneous_dark episodes 67 seconds 13.88
Finalized development 6012 homogeneous_bright episodes 68 seconds 13.76
Finalized development 6012 left_right episodes 69 seconds 15.22
Finalized development 6012 quadrants episodes 70 seconds 15.72
Finalized development 6040 clean episodes 71 seconds 0.03
Finalized development 6040 homogeneous_dark episodes 72 seconds 7.58
Finalized development 6040 homogeneous_bright episodes 73 seconds 11.41
Finalized development 6040 left_right episodes 74 seconds 2.62
Finalized development 6040 quadrants episodes 75 seconds 16.72
Finalized development 6213 clean episodes 76 seconds 0.1
Finalized development 6213 homogeneous_dark episodes 77 seconds 8.04
Finalized development 6213 homogeneous_bright episodes 78 seconds 14.05
Finalized development 6213 left_right episodes 79 seconds 12.06
Finalized development 6213 quadrants episodes 80 seconds 15.73
Finalized development 6460 clean episodes 81 seconds 0.03
Finalized development 6460 homogeneous_dark episodes 82 seconds 8.64
Finalized development 6460 homogeneous_bright episodes 83 seconds 14.17
Finalized development 6460 left_right episodes 84 seconds 15.36
Finalized development 6460 quadrants episodes 85 seconds 15.16
Finalized development 6471 clean episodes 86 seconds 0.04
Finalized development 6471 homogeneous_dark episodes 87 seconds 14.38
Finalized development 6471 homogeneous_bright episodes 88 seconds 14.24
Finalized development 6471 left_right episodes 89 seconds 15.46
Finalized development 6471 quadrants episodes 90 seconds 15.44
Finalized development 6614 clean episodes 91 seconds 5.68
Finalized development 6614 homogeneous_dark episodes 92 seconds 8.59
Finalized development 6614 homogeneous_bright episodes 93 seconds 13.67
Finalized development 6614 left_right episodes 94 seconds 14.22
Finalized development 6614 quadrants episodes 95 seconds 15.32
Finalized development 6723 clean episodes 96 seconds 0.03
Finalized development 6723 homogeneous_dark episodes 97 seconds 6.7
Finalized development 6723 homogeneous_bright episodes 98 seconds 14.24
Finalized development 6723 left_right episodes 99 seconds 15.6
Finalized development 6723 quadrants episodes 100 seconds 15.75
Finalized development 6763 clean episodes 101 seconds 13.37
Finalized development 6763 homogeneous_dark episodes 102 seconds 14.13
Finalized development 6763 homogeneous_bright episodes 103 seconds 14.13
Finalized development 6763 left_right episodes 104 seconds 17.31
Finalized development 6763 quadrants episodes 105 seconds 19.2
Finalized development 6771 clean episodes 106 seconds 0.09
Finalized development 6771 homogeneous_dark episodes 107 seconds 13.66
Finalized development 6771 homogeneous_bright episodes 108 seconds 16.82
Finalized development 6771 left_right episodes 109 seconds 18.84
Finalized development 6771 quadrants episodes 110 seconds 19.48
Finalized development 6818 clean episodes 111 seconds 0.04
Finalized development 6818 homogeneous_dark episodes 112 seconds 13.02
Finalized development 6818 homogeneous_bright episodes 113 seconds 17.7
Finalized development 6818 left_right episodes 114 seconds 19.22
Finalized development 6818 quadrants episodes 115 seconds 19.69
Finalized development 6894 clean episodes 116 seconds 0.06
Finalized development 6894 homogeneous_dark episodes 117 seconds 17.52
Finalized development 6894 homogeneous_bright episodes 118 seconds 17.11
Finalized development 6894 left_right episodes 119 seconds 18.72
Finalized development 6894 quadrants episodes 120 seconds 19.41
Finalized development 6954 clean episodes 121 seconds 0.06
Finalized development 6954 homogeneous_dark episodes 122 seconds 16.57
Finalized development 6954 homogeneous_bright episodes 123 seconds 17.2
Finalized development 6954 left_right episodes 124 seconds 19.09
Finalized development 6954 quadrants episodes 125 seconds 19.76
Finalized development 7088 clean episodes 126 seconds 0.06
Finalized development 7088 homogeneous_dark episodes 127 seconds 10.72
Finalized development 7088 homogeneous_bright episodes 128 seconds 17.36
Finalized development 7088 left_right episodes 129 seconds 19.09
Finalized development 7088 quadrants episodes 130 seconds 18.24
Finalized development 7108 clean episodes 131 seconds 0.08
Finalized development 7108 homogeneous_dark episodes 132 seconds 15.38
Finalized development 7108 homogeneous_bright episodes 133 seconds 18.13
Finalized development 7108 left_right episodes 134 seconds 19.59
Finalized development 7108 quadrants episodes 135 seconds 19.67
Finalized development 7278 clean episodes 136 seconds 15.76
Finalized development 7278 homogeneous_dark episodes 137 seconds 17.28
Finalized development 7278 homogeneous_bright episodes 138 seconds 17.34
Finalized development 7278 left_right episodes 139 seconds 18.92
Finalized development 7278 quadrants episodes 140 seconds 19.12
Finalized development 7281 clean episodes 141 seconds 0.1
Finalized development 7281 homogeneous_dark episodes 142 seconds 10.15
Finalized development 7281 homogeneous_bright episodes 143 seconds 17.72
Finalized development 7281 left_right episodes 144 seconds 20.12
Finalized development 7281 quadrants episodes 145 seconds 20.25
Finalized development 7386 clean episodes 146 seconds 0.04
Finalized development 7386 homogeneous_dark episodes 147 seconds 13.67
Finalized development 7386 homogeneous_bright episodes 148 seconds 0.27
Finalized development 7386 left_right episodes 149 seconds 15.94
Finalized development 7386 quadrants episodes 150 seconds 15.81
Finalized development 7511 clean episodes 151 seconds 0.07
Finalized development 7511 homogeneous_dark episodes 152 seconds 0.28
Finalized development 7511 homogeneous_bright episodes 153 seconds 17.16
Finalized development 7511 left_right episodes 154 seconds 19.02
Finalized development 7511 quadrants episodes 155 seconds 16.83
Finalized development 7574 clean episodes 156 seconds 0.08
Finalized development 7574 homogeneous_dark episodes 157 seconds 9.85
Finalized development 7574 homogeneous_bright episodes 158 seconds 7.28
Finalized development 7574 left_right episodes 159 seconds 15.17
Finalized development 7574 quadrants episodes 160 seconds 16.31
Finalized development 7784 clean episodes 161 seconds 0.1
Finalized development 7784 homogeneous_dark episodes 162 seconds 9.97
Finalized development 7784 homogeneous_bright episodes 163 seconds 16.96
Finalized development 7784 left_right episodes 164 seconds 19.04
Finalized development 7784 quadrants episodes 165 seconds 18.8
Finalized development 7795 clean episodes 166 seconds 0.07
Finalized development 7795 homogeneous_dark episodes 167 seconds 13.48
Finalized development 7795 homogeneous_bright episodes 168 seconds 8.62
Finalized development 7795 left_right episodes 169 seconds 14.12
Finalized development 7795 quadrants episodes 170 seconds 19.79
Finalized development 7816 clean episodes 171 seconds 0.06
Finalized development 7816 homogeneous_dark episodes 172 seconds 11.02
Finalized development 7816 homogeneous_bright episodes 173 seconds 11.33
Finalized development 7816 left_right episodes 174 seconds 16.9
Finalized development 7816 quadrants episodes 175 seconds 18.15
Finalized development 7818 clean episodes 176 seconds 9.73
Finalized development 7818 homogeneous_dark episodes 177 seconds 17.44
Finalized development 7818 homogeneous_bright episodes 178 seconds 17.43
Finalized development 7818 left_right episodes 179 seconds 19.49
Finalized development 7818 quadrants episodes 180 seconds 19.67
Finalized development 7888 clean episodes 181 seconds 0.08
Finalized development 7888 homogeneous_dark episodes 182 seconds 14.93
Finalized development 7888 homogeneous_bright episodes 183 seconds 17.07
Finalized development 7888 left_right episodes 184 seconds 18.19
Finalized development 7888 quadrants episodes 185 seconds 18.74
Finalized development 7977 clean episodes 186 seconds 0.08
Finalized development 7977 homogeneous_dark episodes 187 seconds 11.02
Finalized development 7977 homogeneous_bright episodes 188 seconds 18.22
Finalized development 7977 left_right episodes 189 seconds 18.73
Finalized development 7977 quadrants episodes 190 seconds 19.39
Finalized development 7991 clean episodes 191 seconds 0.09
Finalized development 7991 homogeneous_dark episodes 192 seconds 10.21
Finalized development 7991 homogeneous_bright episodes 193 seconds 9.31
Finalized development 7991 left_right episodes 194 seconds 18.08
Finalized development 7991 quadrants episodes 195 seconds 20.25
Finalized development 8021 clean episodes 196 seconds 15.72
Finalized development 8021 homogeneous_dark episodes 197 seconds 17.33
Finalized development 8021 homogeneous_bright episodes 198 seconds 16.85
Finalized development 8021 left_right episodes 199 seconds 18.69
Finalized development 8021 quadrants episodes 200 seconds 19.66
T009 diagnosis rules {'objective_gradient_failure': False, 'overcorrection_stopping_failure': True, 'gamma_failure': False, 'renderer_failure': True}
Development diagnosis complete; no T010/held-out qualification.
[autodl] finished_at=2026-09-12T11:15:20+08:00
[autodl] exit_code=0
