[autodl] run_id=20260915-123014-ttie-t041a-stage-b
[autodl] started_at=2026-09-15T12:30:21+08:00
/home/wenchang/anaconda3/envs/python3.12-tk2-2.3/lib/python3.12/site-packages/torch/cuda/__init__.py:654: UserWarning: Can't initialize NVML
  warnings.warn("Can't initialize NVML")
1/100 reference gradients
2/100 reference gradients
3/100 reference gradients
4/100 reference gradients
5/100 reference gradients
6/100 reference gradients
7/100 reference gradients
8/100 reference gradients
9/100 reference gradients
10/100 reference gradients
11/100 reference gradients
12/100 reference gradients
13/100 reference gradients
14/100 reference gradients
15/100 reference gradients
16/100 reference gradients
17/100 reference gradients
18/100 reference gradients
19/100 reference gradients
20/100 reference gradients
21/100 reference gradients
22/100 reference gradients
23/100 reference gradients
24/100 reference gradients
25/100 reference gradients
26/100 reference gradients
27/100 reference gradients
28/100 reference gradients
29/100 reference gradients
30/100 reference gradients
31/100 reference gradients
32/100 reference gradients
33/100 reference gradients
34/100 reference gradients
35/100 reference gradients
36/100 reference gradients
37/100 reference gradients
38/100 reference gradients
39/100 reference gradients
40/100 reference gradients
41/100 reference gradients
42/100 reference gradients
43/100 reference gradients
44/100 reference gradients
45/100 reference gradients
46/100 reference gradients
47/100 reference gradients
48/100 reference gradients
49/100 reference gradients
50/100 reference gradients
51/100 reference gradients
52/100 reference gradients
53/100 reference gradients
54/100 reference gradients
55/100 reference gradients
56/100 reference gradients
57/100 reference gradients
58/100 reference gradients
59/100 reference gradients
60/100 reference gradients
61/100 reference gradients
62/100 reference gradients
63/100 reference gradients
64/100 reference gradients
65/100 reference gradients
66/100 reference gradients
67/100 reference gradients
68/100 reference gradients
69/100 reference gradients
70/100 reference gradients
71/100 reference gradients
72/100 reference gradients
73/100 reference gradients
74/100 reference gradients
75/100 reference gradients
76/100 reference gradients
77/100 reference gradients
78/100 reference gradients
79/100 reference gradients
80/100 reference gradients
81/100 reference gradients
82/100 reference gradients
83/100 reference gradients
84/100 reference gradients
85/100 reference gradients
86/100 reference gradients
87/100 reference gradients
88/100 reference gradients
89/100 reference gradients
90/100 reference gradients
91/100 reference gradients
92/100 reference gradients
93/100 reference gradients
94/100 reference gradients
95/100 reference gradients
96/100 reference gradients
97/100 reference gradients
98/100 reference gradients
99/100 reference gradients
100/100 reference gradients
{"label": "REFERENCE_GRADIENT_DIAGNOSTIC_ONLY", "audited_states": 200, "fixed_gains": [1.25, 1.75], "by_gain": {"1.25": {"legacy": {"count": 100, "nondegenerate": 100, "cosine_mean": -0.03401569114859516, "cosine_median": -0.11623589200391998, "cosine_p10": -0.6580912039812923, "cosine_p90": 0.7055704921186575, "positive_dot_fraction": 0.4, "energy_zero_fraction": 0.0, "reference_zero_fraction": 0.0, "either_zero_fraction": 0.0, "energy_norm_median": 0.45322056744568673, "reference_norm_median": 0.05259242066966581, "dot_median": -0.002416813597440587}, "gain": {"count": 100, "nondegenerate": 100, "cosine_mean": 0.2595289821573359, "cosine_median": 0.3711464170323179, "cosine_p10": -0.6059865116139954, "cosine_p90": 0.85285931494249, "positive_dot_fraction": 0.7, "energy_zero_fraction": 0.0, "reference_zero_fraction": 0.0, "either_zero_fraction": 0.0, "energy_norm_median": 0.24294337073355876, "reference_norm_median": 0.027807938745190025, "dot_median": 0.002788087886662279}, "total": {"count": 100, "nondegenerate": 100, "cosine_mean": 0.04660038161245884, "cosine_median": 0.07633088234356633, "cosine_p10": -0.6086260059226514, "cosine_p90": 0.7296622235610886, "positive_dot_fraction": 0.53, "energy_zero_fraction": 0.0, "reference_zero_fraction": 0.0, "either_zero_fraction": 0.0, "energy_norm_median": 0.5420687591431861, "reference_norm_median": 0.059427153009978584, "dot_median": 0.002120505681238188}}, "1.75": {"legacy": {"count": 100, "nondegenerate": 100, "cosine_mean": -0.11002716480786749, "cosine_median": -0.22069829605369015, "cosine_p10": -0.6931755872624846, "cosine_p90": 0.6670078988255593, "positive_dot_fraction": 0.37, "energy_zero_fraction": 0.0, "reference_zero_fraction": 0.0, "either_zero_fraction": 0.0, "energy_norm_median": 0.5464708739295501, "reference_norm_median": 0.0559062666342159, "dot_median": -0.004153641624412667}, "gain": {"count": 100, "nondegenerate": 100, "cosine_mean": 0.20777339325906358, "cosine_median": 0.3090863930508363, "cosine_p10": -0.6563881229499284, "cosine_p90": 0.8087724320494091, "positive_dot_fraction": 0.71, "energy_zero_fraction": 0.0, "reference_zero_fraction": 0.0, "either_zero_fraction": 0.0, "energy_norm_median": 0.11706892155826505, "reference_norm_median": 0.012259019377428342, "dot_median": 0.0002792277018601405}, "total": {"count": 100, "nondegenerate": 100, "cosine_mean": -0.09285713351942963, "cosine_median": -0.18584799268346364, "cosine_p10": -0.6713666606585875, "cosine_p90": 0.5954835879593589, "positive_dot_fraction": 0.37, "energy_zero_fraction": 0.0, "reference_zero_fraction": 0.0, "either_zero_fraction": 0.0, "energy_norm_median": 0.5532322028228938, "reference_norm_median": 0.05708276205771991, "dot_median": -0.0033492553553015197}}}, "source_baselines": {"1.25": {"path": "research_log/T039A_result/stage_b/summary.json", "sha256": "6607b88f26b17cda18e6c34866d2f56b555e5164bdb8a6753dc8c3e607c43fdf", "groups": {"legacy": {"count": 7346, "nondegenerate": 7248, "cosine_mean": 0.8504589167558784, "cosine_median": 0.954278283515517, "cosine_p10": 0.6716262701166272, "cosine_p90": 0.9963325301695833, "positive_dot_fraction": 0.9659216335540839, "energy_zero_fraction": 0.013340593520283148, "reference_zero_fraction": 0.013340593520283148, "either_zero_fraction": 0.013340593520283148, "energy_norm_median": 2.5991942784841626, "reference_norm_median": 0.07469066905503635, "dot_median": 0.16788454746084208}, "gain": {"count": 7346, "nondegenerate": 7248, "cosine_mean": 0.6743913148810913, "cosine_median": 0.8621915002097442, "cosine_p10": 0.051383472812596975, "cosine_p90": 1.0, "positive_dot_fraction": 0.9078366445916115, "energy_zero_fraction": 0.013340593520283148, "reference_zero_fraction": 0.013340593520283148, "either_zero_fraction": 0.013340593520283148, "energy_norm_median": 0.4934541785111648, "reference_norm_median": 0.0321444272161021, "dot_median": 0.009380458587589497}, "total": {"count": 7346, "nondegenerate": 7248, "cosine_mean": 0.8186899315095408, "cosine_median": 0.9162738207143163, "cosine_p10": 0.6196287589078359, "cosine_p90": 0.976135573070497, "positive_dot_fraction": 0.9668874172185431, "energy_zero_fraction": 0.013340593520283148, "reference_zero_fraction": 0.013340593520283148, "either_zero_fraction": 0.013340593520283148, "energy_norm_median": 2.665219045808355, "reference_norm_median": 0.08158033508776863, "dot_median": 0.17885415348874165}}}, "1.75": {"path": "research_log/T040A_result/stage_b/summary.json", "sha256": "50abeaeb1a6d9bfc0c7c5a6cd5752f1bdf39001873b88c0397beaae6c0693799", "groups": {"legacy": {"count": 7346, "nondegenerate": 7248, "cosine_mean": 0.4655178168842153, "cosine_median": 0.7702737134557859, "cosine_p10": -0.8267178369930802, "cosine_p90": 0.9772683932756204, "positive_dot_fraction": 0.7964955849889624, "energy_zero_fraction": 0.013340593520283148, "reference_zero_fraction": 0.013340593520283148, "either_zero_fraction": 0.013340593520283148, "energy_norm_median": 2.5367963558178817, "reference_norm_median": 0.06666040634492826, "dot_median": 0.09152954281610393}, "gain": {"count": 7346, "nondegenerate": 7248, "cosine_mean": 0.35582278158751307, "cosine_median": 0.6120391019015122, "cosine_p10": -0.8281162188346688, "cosine_p90": 1.0, "positive_dot_fraction": 0.730546357615894, "energy_zero_fraction": 0.013340593520283148, "reference_zero_fraction": 0.013340593520283148, "either_zero_fraction": 0.013340593520283148, "energy_norm_median": 0.2100522260824786, "reference_norm_median": 0.01076934839390061, "dot_median": 0.0006959387048349934}, "total": {"count": 7346, "nondegenerate": 7248, "cosine_mean": 0.46260263306549043, "cosine_median": 0.7634593788571951, "cosine_p10": -0.8091905985854363, "cosine_p90": 0.9720719827063828, "positive_dot_fraction": 0.7966335540838853, "energy_zero_fraction": 0.013340593520283148, "reference_zero_fraction": 0.013340593520283148, "either_zero_fraction": 0.013340593520283148, "energy_norm_median": 2.5489196888270973, "reference_norm_median": 0.06757016643711816, "dot_median": 0.09197110454947587}}}}, "target_minus_source": {"1.25": {"legacy": {"positive_dot_fraction": -0.5659216335540839, "cosine_median": -1.070514175519437}, "gain": {"positive_dot_fraction": -0.20783664459161155, "cosine_median": -0.49104508317742634}, "total": {"positive_dot_fraction": -0.4368874172185431, "cosine_median": -0.83994293837075}}, "1.75": {"legacy": {"positive_dot_fraction": -0.42649558498896245, "cosine_median": -0.9909720095094761}, "gain": {"positive_dot_fraction": -0.020546357615894073, "cosine_median": -0.30295270885067593}, "total": {"positive_dot_fraction": -0.42663355408388526, "cosine_median": -0.9493073715406587}}}, "classification": "real selected-state field deficit beyond source high-gain supported"}
[autodl] finished_at=2026-09-15T12:30:29+08:00
[autodl] exit_code=0
