[autodl] run_id=20260920-054721-ttie-t062b-audit
[autodl] started_at=2026-09-20T05:47:26+08:00
...                                                                      [100%]
3 passed in 1.72s
scored 1
scored 2
scored 3
scored 4
scored 5
scored 6
scored 7
scored 8
scored 9
scored 10
scored 11
scored 12
scored 13
scored 14
scored 15
scored 16
scored 17
scored 18
scored 19
scored 20
scored 21
scored 22
scored 23
scored 24
scored 25
scored 26
scored 27
scored 28
scored 29
scored 30
scored 31
scored 32
scored 33
scored 34
scored 35
scored 36
scored 37
scored 38
scored 39
scored 40
scored 41
scored 42
scored 43
scored 44
scored 45
scored 46
scored 47
scored 48
scored 49
scored 50
scored 51
scored 52
scored 53
scored 54
scored 55
scored 56
scored 57
scored 58
scored 59
scored 60
scored 61
scored 62
scored 63
scored 64
scored 65
scored 66
scored 67
scored 68
scored 69
scored 70
scored 71
scored 72
scored 73
scored 74
scored 75
scored 76
scored 77
scored 78
scored 79
scored 80
scored 81
scored 82
scored 83
scored 84
scored 85
scored 86
scored 87
scored 88
scored 89
scored 90
scored 91
scored 92
scored 93
scored 94
scored 95
scored 96
scored 97
scored 98
scored 99
scored 100
{"k_star": 27, "chosen": {"step": 27, "mean_psnr": 14.702507277274128, "mean_ssim": 0.3582990618390737, "mean_delta": 3.4724671402614296, "median_delta": 2.9745557764389883, "improve": 94, "regress": 6, "tie": 0, "regressions_t026": 5, "worst_delta_t026": -5.580232304134121, "mean_delta_ssim": 0.011996745186623943, "safety_gates": {"regressions": true, "worst": true, "ssim": true}, "safety_eligible": true}, "eligible_steps": [17, 18, 19, 20, 21, 22, 23, 24, 25, 26, 27], "gates": {"safety": true, "mean_psnr": true, "median_psnr": true}, "verdict": "PASS", "classification": "the T062 zero-reference trajectory is useful and a global early stop rescues its safety/structure failure"}
{"status": "PASS", "state_lookups": 4100, "steps": 41, "max_aggregate_error": 1.7763568394002505e-15, "max_independent_metric_error": 1.0871303857129533e-12, "k_star": 27, "verdict": "PASS"}
[autodl] finished_at=2026-09-20T05:48:42+08:00
[autodl] exit_code=0
