Collecting torchvision==0.19.0
  Using cached torchvision-0.19.0-cp312-cp312-manylinux1_x86_64.whl.metadata (6.0 kB)
Collecting open_clip_torch==2.26.1
  Using cached open_clip_torch-2.26.1-py3-none-any.whl.metadata (31 kB)
Requirement already satisfied: numpy in /home/wenchang/anaconda3/envs/python3.12-tk2-2.3/lib/python3.12/site-packages (from torchvision==0.19.0) (1.26.4)
Requirement already satisfied: torch==2.4.0 in /home/wenchang/anaconda3/envs/python3.12-tk2-2.3/lib/python3.12/site-packages (from torchvision==0.19.0) (2.4.0)
Requirement already satisfied: pillow!=8.3.*,>=5.3.0 in /home/wenchang/asdasdsad/wjq/TTIE/.venv/lib/python3.12/site-packages (from torchvision==0.19.0) (12.3.0)
Collecting regex (from open_clip_torch==2.26.1)
  Using cached regex-2026.9.10-cp312-cp312-manylinux2014_x86_64.manylinux_2_17_x86_64.manylinux_2_28_x86_64.whl.metadata (40 kB)
Collecting ftfy (from open_clip_torch==2.26.1)
  Using cached ftfy-6.3.1-py3-none-any.whl.metadata (7.3 kB)
Requirement already satisfied: tqdm in /home/wenchang/anaconda3/envs/python3.12-tk2-2.3/lib/python3.12/site-packages (from open_clip_torch==2.26.1) (4.67.3)
Collecting huggingface-hub (from open_clip_torch==2.26.1)
  Using cached huggingface_hub-1.31.0-py3-none-any.whl.metadata (16 kB)
Collecting timm (from open_clip_torch==2.26.1)
  Using cached timm-1.0.29-py3-none-any.whl.metadata (43 kB)
Requirement already satisfied: filelock in /home/wenchang/anaconda3/envs/python3.12-tk2-2.3/lib/python3.12/site-packages (from torch==2.4.0->torchvision==0.19.0) (3.24.2)
Requirement already satisfied: typing-extensions>=4.8.0 in /home/wenchang/anaconda3/envs/python3.12-tk2-2.3/lib/python3.12/site-packages (from torch==2.4.0->torchvision==0.19.0) (4.15.0)
Requirement already satisfied: sympy in /home/wenchang/anaconda3/envs/python3.12-tk2-2.3/lib/python3.12/site-packages (from torch==2.4.0->torchvision==0.19.0) (1.14.0)
Requirement already satisfied: networkx in /home/wenchang/anaconda3/envs/python3.12-tk2-2.3/lib/python3.12/site-packages (from torch==2.4.0->torchvision==0.19.0) (3.6.1)
Requirement already satisfied: jinja2 in /home/wenchang/anaconda3/envs/python3.12-tk2-2.3/lib/python3.12/site-packages (from torch==2.4.0->torchvision==0.19.0) (3.1.6)
Requirement already satisfied: fsspec in /home/wenchang/anaconda3/envs/python3.12-tk2-2.3/lib/python3.12/site-packages (from torch==2.4.0->torchvision==0.19.0) (2026.2.0)
Requirement already satisfied: setuptools in /home/wenchang/anaconda3/envs/python3.12-tk2-2.3/lib/python3.12/site-packages (from torch==2.4.0->torchvision==0.19.0) (80.10.2)
Requirement already satisfied: nvidia-cuda-nvrtc-cu12==12.1.105 in /home/wenchang/anaconda3/envs/python3.12-tk2-2.3/lib/python3.12/site-packages (from torch==2.4.0->torchvision==0.19.0) (12.1.105)
Requirement already satisfied: nvidia-cuda-runtime-cu12==12.1.105 in /home/wenchang/anaconda3/envs/python3.12-tk2-2.3/lib/python3.12/site-packages (from torch==2.4.0->torchvision==0.19.0) (12.1.105)
Requirement already satisfied: nvidia-cuda-cupti-cu12==12.1.105 in /home/wenchang/anaconda3/envs/python3.12-tk2-2.3/lib/python3.12/site-packages (from torch==2.4.0->torchvision==0.19.0) (12.1.105)
Requirement already satisfied: nvidia-cudnn-cu12==9.1.0.70 in /home/wenchang/anaconda3/envs/python3.12-tk2-2.3/lib/python3.12/site-packages (from torch==2.4.0->torchvision==0.19.0) (9.1.0.70)
Requirement already satisfied: nvidia-cublas-cu12==12.1.3.1 in /home/wenchang/anaconda3/envs/python3.12-tk2-2.3/lib/python3.12/site-packages (from torch==2.4.0->torchvision==0.19.0) (12.1.3.1)
Requirement already satisfied: nvidia-cufft-cu12==11.0.2.54 in /home/wenchang/anaconda3/envs/python3.12-tk2-2.3/lib/python3.12/site-packages (from torch==2.4.0->torchvision==0.19.0) (11.0.2.54)
Requirement already satisfied: nvidia-curand-cu12==10.3.2.106 in /home/wenchang/anaconda3/envs/python3.12-tk2-2.3/lib/python3.12/site-packages (from torch==2.4.0->torchvision==0.19.0) (10.3.2.106)
Requirement already satisfied: nvidia-cusolver-cu12==11.4.5.107 in /home/wenchang/anaconda3/envs/python3.12-tk2-2.3/lib/python3.12/site-packages (from torch==2.4.0->torchvision==0.19.0) (11.4.5.107)
Requirement already satisfied: nvidia-cusparse-cu12==12.1.0.106 in /home/wenchang/anaconda3/envs/python3.12-tk2-2.3/lib/python3.12/site-packages (from torch==2.4.0->torchvision==0.19.0) (12.1.0.106)
Requirement already satisfied: nvidia-nccl-cu12==2.20.5 in /home/wenchang/anaconda3/envs/python3.12-tk2-2.3/lib/python3.12/site-packages (from torch==2.4.0->torchvision==0.19.0) (2.20.5)
Requirement already satisfied: nvidia-nvtx-cu12==12.1.105 in /home/wenchang/anaconda3/envs/python3.12-tk2-2.3/lib/python3.12/site-packages (from torch==2.4.0->torchvision==0.19.0) (12.1.105)
Requirement already satisfied: triton==3.0.0 in /home/wenchang/anaconda3/envs/python3.12-tk2-2.3/lib/python3.12/site-packages (from torch==2.4.0->torchvision==0.19.0) (3.0.0)
Requirement already satisfied: nvidia-nvjitlink-cu12 in /home/wenchang/anaconda3/envs/python3.12-tk2-2.3/lib/python3.12/site-packages (from nvidia-cusolver-cu12==11.4.5.107->torch==2.4.0->torchvision==0.19.0) (12.9.86)
Collecting wcwidth (from ftfy->open_clip_torch==2.26.1)
  Using cached wcwidth-0.8.3-py3-none-any.whl.metadata (43 kB)
Collecting click<9.0.0,>=8.4.2 (from huggingface-hub->open_clip_torch==2.26.1)
  Using cached click-8.5.0-py3-none-any.whl.metadata (2.6 kB)
Collecting hf-xet<2.0.0,>=1.5.2 (from huggingface-hub->open_clip_torch==2.26.1)
  Using cached hf_xet-1.6.0-cp38-abi3-manylinux2014_x86_64.manylinux_2_17_x86_64.whl.metadata (4.9 kB)
Collecting httpx<1,>=0.23.0 (from huggingface-hub->open_clip_torch==2.26.1)
  Using cached httpx-0.28.1-py3-none-any.whl.metadata (7.1 kB)
Requirement already satisfied: packaging>=20.9 in /home/wenchang/anaconda3/envs/python3.12-tk2-2.3/lib/python3.12/site-packages (from huggingface-hub->open_clip_torch==2.26.1) (26.0)
Collecting pyyaml>=5.1 (from huggingface-hub->open_clip_torch==2.26.1)
  Using cached pyyaml-6.0.3-cp312-cp312-manylinux2014_x86_64.manylinux_2_17_x86_64.manylinux_2_28_x86_64.whl.metadata (2.4 kB)
Collecting safetensors (from timm->open_clip_torch==2.26.1)
  Using cached safetensors-0.8.0-cp310-abi3-manylinux_2_17_x86_64.manylinux2014_x86_64.whl.metadata (4.2 kB)
Collecting anyio (from httpx<1,>=0.23.0->huggingface-hub->open_clip_torch==2.26.1)
  Using cached anyio-4.15.1-py3-none-any.whl.metadata (4.7 kB)
Requirement already satisfied: certifi in /home/wenchang/anaconda3/envs/python3.12-tk2-2.3/lib/python3.12/site-packages (from httpx<1,>=0.23.0->huggingface-hub->open_clip_torch==2.26.1) (2026.1.4)
Collecting httpcore==1.* (from httpx<1,>=0.23.0->huggingface-hub->open_clip_torch==2.26.1)
  Using cached httpcore-1.0.9-py3-none-any.whl.metadata (21 kB)
Requirement already satisfied: idna in /home/wenchang/anaconda3/envs/python3.12-tk2-2.3/lib/python3.12/site-packages (from httpx<1,>=0.23.0->huggingface-hub->open_clip_torch==2.26.1) (3.11)
Collecting h11>=0.16 (from httpcore==1.*->httpx<1,>=0.23.0->huggingface-hub->open_clip_torch==2.26.1)
  Using cached h11-0.16.0-py3-none-any.whl.metadata (8.3 kB)
Requirement already satisfied: MarkupSafe>=2.0 in /home/wenchang/anaconda3/envs/python3.12-tk2-2.3/lib/python3.12/site-packages (from jinja2->torch==2.4.0->torchvision==0.19.0) (3.0.3)
Requirement already satisfied: mpmath<1.4,>=1.1.0 in /home/wenchang/anaconda3/envs/python3.12-tk2-2.3/lib/python3.12/site-packages (from sympy->torch==2.4.0->torchvision==0.19.0) (1.3.0)
Collecting typing-extensions>=4.8.0 (from torch==2.4.0->torchvision==0.19.0)
  Using cached typing_extensions-4.16.0-py3-none-any.whl.metadata (3.3 kB)
Using cached torchvision-0.19.0-cp312-cp312-manylinux1_x86_64.whl (7.0 MB)
Using cached open_clip_torch-2.26.1-py3-none-any.whl (1.5 MB)
Using cached ftfy-6.3.1-py3-none-any.whl (44 kB)
Using cached huggingface_hub-1.31.0-py3-none-any.whl (798 kB)
Using cached regex-2026.9.10-cp312-cp312-manylinux2014_x86_64.manylinux_2_17_x86_64.manylinux_2_28_x86_64.whl (804 kB)
Using cached timm-1.0.29-py3-none-any.whl (2.6 MB)
Using cached click-8.5.0-py3-none-any.whl (125 kB)
Using cached hf_xet-1.6.0-cp38-abi3-manylinux2014_x86_64.manylinux_2_17_x86_64.whl (4.5 MB)
Using cached httpx-0.28.1-py3-none-any.whl (73 kB)
Using cached httpcore-1.0.9-py3-none-any.whl (78 kB)
Using cached pyyaml-6.0.3-cp312-cp312-manylinux2014_x86_64.manylinux_2_17_x86_64.manylinux_2_28_x86_64.whl (807 kB)
Using cached safetensors-0.8.0-cp310-abi3-manylinux_2_17_x86_64.manylinux2014_x86_64.whl (516 kB)
Using cached wcwidth-0.8.3-py3-none-any.whl (331 kB)
Using cached anyio-4.15.1-py3-none-any.whl (132 kB)
Using cached typing_extensions-4.16.0-py3-none-any.whl (45 kB)
Using cached h11-0.16.0-py3-none-any.whl (37 kB)
Installing collected packages: wcwidth, typing-extensions, safetensors, regex, pyyaml, hf-xet, h11, click, httpcore, ftfy, anyio, httpx, torchvision, huggingface-hub, timm, open_clip_torch
  Attempting uninstall: typing-extensions
    Found existing installation: typing_extensions 4.15.0
    Not uninstalling typing-extensions at /home/wenchang/anaconda3/envs/python3.12-tk2-2.3/lib/python3.12/site-packages, outside environment /home/wenchang/asdasdsad/wjq/TTIE/.venv
    Can't uninstall 'typing_extensions'. No files were found to uninstall.
Successfully installed anyio-4.15.1 click-8.5.0 ftfy-6.3.1 h11-0.16.0 hf-xet-1.6.0 httpcore-1.0.9 httpx-0.28.1 huggingface-hub-1.31.0 open_clip_torch-2.26.1 pyyaml-6.0.3 regex-2026.9.10 safetensors-0.8.0 timm-1.0.29 torchvision-0.19.0 typing-extensions-4.16.0 wcwidth-0.8.3

[notice] A new release of pip is available: 25.0.1 -> 26.2.1
[notice] To update, run: /home/wenchang/asdasdsad/wjq/TTIE/.venv/bin/python -m pip install --upgrade pip
