[autodl] run_id=20260912-071126-ttie-t006-a6000
[autodl] started_at=2026-09-12T07:11:30+08:00
/home/wenchang/anaconda3/envs/python3.12-tk2-2.3/lib/python3.12/site-packages/torch/cuda/__init__.py:654: UserWarning: Can't initialize NVML
  warnings.warn("Can't initialize NVML")
3.12.12 | packaged by conda-forge | (main, Jan 26 2026, 23:51:32) [GCC 14.3.0]
torch 2.4.0
torchvision 0.19.0
open_clip_torch 2.26.1
timm 1.0.29
Pillow 12.3.0
CUDA 12.1 NVIDIA RTX A6000
test_cpu_diagnostics_and_loss_decrease (test_adapt.AdaptTests.test_cpu_diagnostics_and_loss_decrease) ... <frozen importlib._bootstrap>:488: DeprecationWarning: Type google._upb._message.MessageMapContainer uses PyType_Spec with a metaclass that has custom tp_new. This is deprecated and will no longer be allowed in Python 3.14.
<frozen importlib._bootstrap>:488: DeprecationWarning: Type google._upb._message.ScalarMapContainer uses PyType_Spec with a metaclass that has custom tp_new. This is deprecated and will no longer be allowed in Python 3.14.
ok
test_episode_reset_reproducibility (test_adapt.AdaptTests.test_episode_reset_reproducibility) ... ok
test_fixed_prior_value (test_adapt.AdaptTests.test_fixed_prior_value) ... ok
test_only_fast_parameters_updated (test_adapt.AdaptTests.test_only_fast_parameters_updated) ... ok
test_zero_steps_identity (test_adapt.AdaptTests.test_zero_steps_identity) ... ok
test_auc_ties_and_literal_conjunction (test_clip_signal.ClipSignalTests.test_auc_ties_and_literal_conjunction) ... ok
test_calibration_ignores_heldout_values_and_dirty_calibration (test_clip_signal.ClipSignalTests.test_calibration_ignores_heldout_values_and_dirty_calibration) ... ok
test_detached_winner_threshold_and_zero_loss (test_clip_signal.ClipSignalTests.test_detached_winner_threshold_and_zero_loss) ... ok
test_frozen_encoder_has_pixel_gradient (test_clip_signal.ClipSignalTests.test_frozen_encoder_has_pixel_gradient) ... ok
test_scores_do_not_consume_evaluation_reference_or_labels (test_clip_signal.ClipSignalTests.test_scores_do_not_consume_evaluation_reference_or_labels) ... ok
test_evaluation_reference_does_not_affect_adaptation (test_demo.DemoTests.test_evaluation_reference_does_not_affect_adaptation) ... ok
test_full_demo_is_deterministic (test_demo.DemoTests.test_full_demo_is_deterministic) ... ok
test_metrics_known_value (test_demo.DemoTests.test_metrics_known_value) ... ok
test_constant_spatial_grid_matches_global (test_isp.ISPTests.test_constant_spatial_grid_matches_global) ... ok
test_each_operator_has_finite_nonzero_gradient (test_isp.ISPTests.test_each_operator_has_finite_nonzero_gradient) ... ok
test_identity_including_black_and_white (test_isp.ISPTests.test_identity_including_black_and_white) ... ok
test_single_operator_semantics (test_isp.ISPTests.test_single_operator_semantics) ... ok
test_spatial_interpolation_and_bounds (test_isp.ISPTests.test_spatial_interpolation_and_bounds) ... ok
test_clean_source_calibration_only (test_learned_prototypes.LearnedPrototypeTests.test_clean_source_calibration_only) ... ok
test_exact_initialization_and_gradient_ownership (test_learned_prototypes.LearnedPrototypeTests.test_exact_initialization_and_gradient_ownership) ... ok
test_fresh_deterministic_manifest (test_learned_prototypes.LearnedPrototypeTests.test_fresh_deterministic_manifest) ... ok
test_pixel_only_inference_and_decisions (test_learned_prototypes.LearnedPrototypeTests.test_pixel_only_inference_and_decisions) ... ok
test_source_only_training_freezes_before_inference (test_learned_prototypes.LearnedPrototypeTests.test_source_only_training_freezes_before_inference) ... ok
test_five_views_and_differentiable_geometry (test_natural.NaturalTests.test_five_views_and_differentiable_geometry) ... ok
test_gain_conventions_match_previous_suite (test_natural.NaturalTests.test_gain_conventions_match_previous_suite) ... ok
test_gate_requires_mixed_recall_and_low_wrong_activation (test_prototype_audit.PrototypeAuditTests.test_gate_requires_mixed_recall_and_low_wrong_activation) ... ok
test_metadata_changes_only_offline_localization (test_prototype_audit.PrototypeAuditTests.test_metadata_changes_only_offline_localization) ... ok
test_mixed_labels_and_all_view_denominators (test_prototype_audit.PrototypeAuditTests.test_mixed_labels_and_all_view_denominators) ... ok
test_global_unaffected_by_tv_and_components_reconstruct_total (test_regularization.RegularizationTests.test_global_unaffected_by_tv_and_components_reconstruct_total) ... ok
test_identity_normalization_anchor_and_bounds (test_regularization.RegularizationTests.test_identity_normalization_anchor_and_bounds) ... ok
test_tv_constant_varying_and_analytic_value (test_regularization.RegularizationTests.test_tv_constant_varying_and_analytic_value) ... ok
test_zero_weight_t001_fixed_numeric_regression (test_regularization.RegularizationTests.test_zero_weight_t001_fixed_numeric_regression) ... ok
test_exact_probe_sign_magnitude_and_response (test_relative_clip.RelativeTests.test_exact_probe_sign_magnitude_and_response) ... ok
test_fresh_manifest_and_calibration_excludes_other_rows (test_relative_clip.RelativeTests.test_fresh_manifest_and_calibration_excludes_other_rows) ... ok
test_literal_gate_uses_correct_type_tpr_and_precision (test_relative_clip.RelativeTests.test_literal_gate_uses_correct_type_tpr_and_precision) ... ok
test_metadata_does_not_change_responses_gates_targets (test_relative_clip.RelativeTests.test_metadata_does_not_change_responses_gates_targets) ... ok
test_all_fixed_settings_and_component_trajectories (test_safety_sweep.SafetySweepTests.test_all_fixed_settings_and_component_trajectories) ... ok
test_clean_reference_replacement_never_changes_any_trajectory (test_safety_sweep.SafetySweepTests.test_clean_reference_replacement_never_changes_any_trajectory) ... ok
test_predeclared_decision_rule_known_values (test_safety_sweep.SafetySweepTests.test_predeclared_decision_rule_known_values) ... ok
test_clean_families_and_determinism (test_suite.SuiteTests.test_clean_families_and_determinism) ... ok
test_degradation_masks_and_t001_equivalence (test_suite.SuiteTests.test_degradation_masks_and_t001_equivalence) ... ok
test_evaluation_only_reference_and_exports (test_suite.SuiteTests.test_evaluation_only_reference_and_exports) ... ok
test_identity_drift_clean_condition (test_suite.SuiteTests.test_identity_drift_clean_condition) ... ok
test_count_aggregation_and_uniform_field (test_uniform.UniformTests.test_count_aggregation_and_uniform_field) ... ok
test_spatial_one_matches_global_exactly (test_uniform.UniformTests.test_spatial_one_matches_global_exactly) ... ok
test_symmetric_control_stays_near_global_and_resets (test_uniform.UniformTests.test_symmetric_control_stays_near_global_and_resets) ... ok

----------------------------------------------------------------------
Ran 46 tests in 5.102s

OK
/home/wenchang/asdasdsad/wjq/TTIE/.venv/lib/python3.12/site-packages/timm/models/layers/__init__.py:49: FutureWarning: Importing from timm.models.layers is deprecated, please import via timm.layers
  warnings.warn(f"Importing from {__name__} is deprecated, please import via timm.layers", FutureWarning)
/home/wenchang/anaconda3/envs/python3.12-tk2-2.3/lib/python3.12/site-packages/torch/cuda/__init__.py:654: UserWarning: Can't initialize NVML
  warnings.warn("Can't initialize NVML")
/home/wenchang/asdasdsad/wjq/TTIE/.venv/lib/python3.12/site-packages/open_clip/factory.py:129: FutureWarning: You are using `torch.load` with `weights_only=False` (the current default value), which uses the default pickle module implicitly. It is possible to construct malicious pickle data which will execute arbitrary code during unpickling (See https://github.com/pytorch/pytorch/blob/main/SECURITY.md#untrusted-models for more details). In a future release, the default value for `weights_only` will be flipped to `True`. This limits the functions that could be executed during unpickling. Arbitrary objects will no longer be allowed to be loaded via this mode unless they are explicitly allowlisted by the user via `torch.serialization.add_safe_globals`. We recommend you start setting `weights_only=True` for any use case where you don't have full control of the loaded file. Please open an issue on GitHub for any issues related to this experimental feature.
  checkpoint = torch.load(checkpoint_path, map_location=map_location)
Encoded source 132703
Encoded source 134886
Encoded source 136466
Encoded source 144932
Encoded source 145665
Encoded source 147223
Encoded source 153632
Encoded source 155443
Encoded source 159458
Encoded source 160556
Encoded source 163155
Encoded source 163611
Encoded source 163682
Encoded source 165336
Encoded source 166259
Encoded source 170670
Encoded source 180751
Encoded source 181859
Encoded source 182923
Encoded source 183246
Encoded source 183675
Encoded source 186980
Encoded source 193884
Encoded source 193926
Encoded source 196009
Encoded source 197796
Encoded source 200667
Encoded source 200961
Encoded source 201418
Encoded source 201775
Encoded source 203095
Encoded source 210855
Encoded source 213605
Encoded source 214703
Encoded source 217060
Encoded source 217425
Encoded source 218997
Encoded source 220584
Encoded source 228981
Encoded source 229553
Encoded source 229601
Encoded source 232348
Encoded source 235778
Encoded source 237316
Encoded source 249219
Encoded source 250766
Encoded source 253819
Encoded source 255165
Encoded source 260105
Encoded source 267670
Encoded source 268729
Encoded source 271471
Encoded source 273551
Encoded source 273711
Encoded source 275727
Encoded source 280779
Encoded source 282037
Encoded source 283268
Encoded source 284279
Encoded source 286849
Source training saved/frozen: 0.995049774646759 0.35382187366485596 b4b32dbd96c65dcf606ee38d7450ebf348f5731823503b9c71ba15ec78217ac7
Both clean calibration constants persisted before held-out scores.
Scored held-out 360097
Scored held-out 361551
Scored held-out 361586
Scored held-out 365208
Scored held-out 365886
Scored held-out 369323
Scored held-out 369442
Scored held-out 378244
Scored held-out 382088
Scored held-out 389804
Scored held-out 396580
Scored held-out 398438
Scored held-out 403122
Scored held-out 403817
Scored held-out 409268
Scored held-out 409475
Scored held-out 411665
Scored held-out 416534
Scored held-out 416758
Scored held-out 417465
{
  "heldout_rows": 600,
  "learned": {
    "all": {
      "clean_view_count": 100,
      "clean_false_activation": 0.21,
      "dark": {
        "view_count": 100,
        "tpr_any_activation": 0.93,
        "tpr_correct_type": 0.93,
        "correct_type_among_active": 1.0,
        "roc_auc": 0.987,
        "paired_increase": 1.0
      },
      "bright": {
        "view_count": 100,
        "tpr_any_activation": 0.92,
        "tpr_correct_type": 0.92,
        "correct_type_among_active": 1.0,
        "roc_auc": 0.9366,
        "paired_increase": 1.0
      },
      "correct_type_among_all_active_homogeneous_degraded": 1.0
    },
    "full": {
      "clean_view_count": 20,
      "clean_false_activation": 0.25,
      "dark": {
        "view_count": 20,
        "tpr_any_activation": 0.9,
        "tpr_correct_type": 0.9,
        "correct_type_among_active": 1.0,
        "roc_auc": 0.99,
        "paired_increase": 1.0
      },
      "bright": {
        "view_count": 20,
        "tpr_any_activation": 0.85,
        "tpr_correct_type": 0.85,
        "correct_type_among_active": 1.0,
        "roc_auc": 0.9225,
        "paired_increase": 1.0
      },
      "correct_type_among_all_active_homogeneous_degraded": 1.0
    },
    "quadrants": {
      "clean_view_count": 80,
      "clean_false_activation": 0.2,
      "dark": {
        "view_count": 80,
        "tpr_any_activation": 0.9375,
        "tpr_correct_type": 0.9375,
        "correct_type_among_active": 1.0,
        "roc_auc": 0.986875,
        "paired_increase": 1.0
      },
      "bright": {
        "view_count": 80,
        "tpr_any_activation": 0.9375,
        "tpr_correct_type": 0.9375,
        "correct_type_among_active": 1.0,
        "roc_auc": 0.94109375,
        "paired_increase": 1.0
      },
      "correct_type_among_all_active_homogeneous_degraded": 1.0
    }
  },
  "zero_shot": {
    "all": {
      "clean_view_count": 100,
      "clean_false_activation": 0.04,
      "dark": {
        "view_count": 100,
        "tpr_any_activation": 0.11,
        "tpr_correct_type": 0.08,
        "correct_type_among_active": 0.7272727272727273,
        "roc_auc": 0.8755,
        "paired_increase": 1.0
      },
      "bright": {
        "view_count": 100,
        "tpr_any_activation": 0.1,
        "tpr_correct_type": 0.1,
        "correct_type_among_active": 1.0,
        "roc_auc": 0.6138,
        "paired_increase": 0.81
      },
      "correct_type_among_all_active_homogeneous_degraded": 0.8571428571428571
    },
    "full": {
      "clean_view_count": 20,
      "clean_false_activation": 0.05,
      "dark": {
        "view_count": 20,
        "tpr_any_activation": 0.05,
        "tpr_correct_type": 0.0,
        "correct_type_among_active": 0.0,
        "roc_auc": 0.895,
        "paired_increase": 1.0
      },
      "bright": {
        "view_count": 20,
        "tpr_any_activation": 0.2,
        "tpr_correct_type": 0.2,
        "correct_type_among_active": 1.0,
        "roc_auc": 0.6075,
        "paired_increase": 0.85
      },
      "correct_type_among_all_active_homogeneous_degraded": 0.8
    },
    "quadrants": {
      "clean_view_count": 80,
      "clean_false_activation": 0.0375,
      "dark": {
        "view_count": 80,
        "tpr_any_activation": 0.125,
        "tpr_correct_type": 0.1,
        "correct_type_among_active": 0.8,
        "roc_auc": 0.87171875,
        "paired_increase": 1.0
      },
      "bright": {
        "view_count": 80,
        "tpr_any_activation": 0.075,
        "tpr_correct_type": 0.075,
        "correct_type_among_active": 1.0,
        "roc_auc": 0.618125,
        "paired_increase": 0.8
      },
      "correct_type_among_all_active_homogeneous_degraded": 0.875
    }
  },
  "localization": {
    "learned": {
      "all": {
        "dark": {
          "view_count": 80,
          "correct_activation_recall": 0.9125,
          "wrong_type_activation_rate": 0.0,
          "correct_type_among_active": 1.0,
          "margin_mean": 0.21127670105779545,
          "margin_min": 0.026545029133558273,
          "margin_p25": 0.16009033098816872,
          "margin_median": 0.20663395710289478,
          "margin_p75": 0.26535448897629976,
          "margin_max": 0.39041219651699066
        },
        "bright": {
          "view_count": 80,
          "correct_activation_recall": 0.95,
          "wrong_type_activation_rate": 0.0,
          "correct_type_among_active": 1.0,
          "margin_mean": 0.2033556166337803,
          "margin_min": -0.02154911309480667,
          "margin_p25": 0.11410478502511978,
          "margin_median": 0.21136395633220673,
          "margin_p75": 0.26972918026149273,
          "margin_max": 0.4170142710208893
        }
      },
      "left_right": {
        "dark": {
          "view_count": 40,
          "correct_activation_recall": 0.925,
          "wrong_type_activation_rate": 0.0,
          "correct_type_among_active": 1.0,
          "margin_mean": 0.21087357182987035,
          "margin_min": 0.026545029133558273,
          "margin_p25": 0.1636046115309,
          "margin_median": 0.20663395710289478,
          "margin_p75": 0.2624526508152485,
          "margin_max": 0.39041219651699066
        },
        "bright": {
          "view_count": 40,
          "correct_activation_recall": 0.95,
          "wrong_type_activation_rate": 0.0,
          "correct_type_among_active": 1.0,
          "margin_mean": 0.20431189788505436,
          "margin_min": -0.02154911309480667,
          "margin_p25": 0.12946247309446335,
          "margin_median": 0.20862258225679398,
          "margin_p75": 0.26972918026149273,
          "margin_max": 0.4170142710208893
        }
      },
      "quadrants": {
        "dark": {
          "view_count": 40,
          "correct_activation_recall": 0.9,
          "wrong_type_activation_rate": 0.0,
          "correct_type_among_active": 1.0,
          "margin_mean": 0.21167983028572052,
          "margin_min": 0.0466442359611392,
          "margin_p25": 0.16009033098816872,
          "margin_median": 0.2164752371609211,
          "margin_p75": 0.2745750714093447,
          "margin_max": 0.3769052028656006
        },
        "bright": {
          "view_count": 40,
          "correct_activation_recall": 0.95,
          "wrong_type_activation_rate": 0.0,
          "correct_type_among_active": 1.0,
          "margin_mean": 0.20239933538250626,
          "margin_min": -0.02154911309480667,
          "margin_p25": 0.1100246999412775,
          "margin_median": 0.2114465869963169,
          "margin_p75": 0.26797048933804035,
          "margin_max": 0.3867783844470978
        }
      },
      "clean_quadrant_fpr": 0.2
    },
    "zero_shot": {
      "all": {
        "dark": {
          "view_count": 80,
          "correct_activation_recall": 0.15,
          "wrong_type_activation_rate": 0.025,
          "correct_type_among_active": 0.8571428571428571,
          "margin_mean": 0.019102998077869415,
          "margin_min": -0.03841757774353027,
          "margin_p25": -5.381926894187927e-05,
          "margin_median": 0.01681426167488098,
          "margin_p75": 0.03374664485454559,
          "margin_max": 0.07075653970241547
        },
        "bright": {
          "view_count": 80,
          "correct_activation_recall": 0.075,
          "wrong_type_activation_rate": 0.0,
          "correct_type_among_active": 1.0,
          "margin_mean": 0.029051559790968896,
          "margin_min": -0.033506929874420166,
          "margin_p25": 0.012587122619152069,
          "margin_median": 0.02868044376373291,
          "margin_p75": 0.04332306981086731,
          "margin_max": 0.09528255462646484
        }
      },
      "left_right": {
        "dark": {
          "view_count": 40,
          "correct_activation_recall": 0.125,
          "wrong_type_activation_rate": 0.025,
          "correct_type_among_active": 0.8333333333333334,
          "margin_mean": 0.01854226291179657,
          "margin_min": -0.03841757774353027,
          "margin_p25": -0.0013767480850219727,
          "margin_median": 0.01616043597459793,
          "margin_p75": 0.03260648995637894,
          "margin_max": 0.07075653970241547
        },
        "bright": {
          "view_count": 40,
          "correct_activation_recall": 0.1,
          "wrong_type_activation_rate": 0.0,
          "correct_type_among_active": 1.0,
          "margin_mean": 0.029547132179141046,
          "margin_min": -0.021108686923980713,
          "margin_p25": 0.011939086019992828,
          "margin_median": 0.02868044376373291,
          "margin_p75": 0.04663784056901932,
          "margin_max": 0.09528255462646484
        }
      },
      "quadrants": {
        "dark": {
          "view_count": 40,
          "correct_activation_recall": 0.175,
          "wrong_type_activation_rate": 0.025,
          "correct_type_among_active": 0.875,
          "margin_mean": 0.01966373324394226,
          "margin_min": -0.03841757774353027,
          "margin_p25": 0.0035442113876342773,
          "margin_median": 0.01681426167488098,
          "margin_p75": 0.038450635969638824,
          "margin_max": 0.07075653970241547
        },
        "bright": {
          "view_count": 40,
          "correct_activation_recall": 0.05,
          "wrong_type_activation_rate": 0.0,
          "correct_type_among_active": 1.0,
          "margin_mean": 0.028555987402796745,
          "margin_min": -0.033506929874420166,
          "margin_p25": 0.012587122619152069,
          "margin_median": 0.02899632602930069,
          "margin_p75": 0.039768051356077194,
          "margin_max": 0.09528255462646484
        }
      },
      "clean_quadrant_fpr": 0.0375
    }
  },
  "criteria": {
    "clean_fpr": false,
    "dark_auc": true,
    "bright_auc": true,
    "dark_correct_tpr": true,
    "bright_correct_tpr": true,
    "active_type_precision": true,
    "mixed_dark_recall": true,
    "mixed_bright_recall": true,
    "mixed_dark_wrong": true,
    "mixed_bright_wrong": true
  },
  "qualifies_later_pilot": false,
  "failed_criteria": [
    "clean_fpr"
  ]
}
T006 audit complete. ISP adaptation not authorized in this task.
[autodl] finished_at=2026-09-12T07:11:54+08:00
[autodl] exit_code=0
