[autodl] run_id=20260912-081629-ttie-t007-a6000
[autodl] started_at=2026-09-12T08:16:33+08:00
/home/wenchang/anaconda3/envs/python3.12-tk2-2.3/lib/python3.12/site-packages/torch/cuda/__init__.py:654: UserWarning: Can't initialize NVML
  warnings.warn("Can't initialize NVML")
3.12.12 | packaged by conda-forge | (main, Jan 26 2026, 23:51:32) [GCC 14.3.0]
torch 2.4.0
torchvision 0.19.0
open_clip_torch 2.26.1
timm 1.0.29
Pillow 12.3.0
CUDA 12.1 NVIDIA RTX A6000
test_cpu_diagnostics_and_loss_decrease (test_adapt.AdaptTests.test_cpu_diagnostics_and_loss_decrease) ... <frozen importlib._bootstrap>:488: DeprecationWarning: Type google._upb._message.MessageMapContainer uses PyType_Spec with a metaclass that has custom tp_new. This is deprecated and will no longer be allowed in Python 3.14.
<frozen importlib._bootstrap>:488: DeprecationWarning: Type google._upb._message.ScalarMapContainer uses PyType_Spec with a metaclass that has custom tp_new. This is deprecated and will no longer be allowed in Python 3.14.
ok
test_episode_reset_reproducibility (test_adapt.AdaptTests.test_episode_reset_reproducibility) ... ok
test_fixed_prior_value (test_adapt.AdaptTests.test_fixed_prior_value) ... ok
test_only_fast_parameters_updated (test_adapt.AdaptTests.test_only_fast_parameters_updated) ... ok
test_zero_steps_identity (test_adapt.AdaptTests.test_zero_steps_identity) ... ok
test_auc_ties_and_literal_conjunction (test_clip_signal.ClipSignalTests.test_auc_ties_and_literal_conjunction) ... ok
test_calibration_ignores_heldout_values_and_dirty_calibration (test_clip_signal.ClipSignalTests.test_calibration_ignores_heldout_values_and_dirty_calibration) ... ok
test_detached_winner_threshold_and_zero_loss (test_clip_signal.ClipSignalTests.test_detached_winner_threshold_and_zero_loss) ... ok
test_frozen_encoder_has_pixel_gradient (test_clip_signal.ClipSignalTests.test_frozen_encoder_has_pixel_gradient) ... ok
test_scores_do_not_consume_evaluation_reference_or_labels (test_clip_signal.ClipSignalTests.test_scores_do_not_consume_evaluation_reference_or_labels) ... ok
test_evaluation_reference_does_not_affect_adaptation (test_demo.DemoTests.test_evaluation_reference_does_not_affect_adaptation) ... ok
test_full_demo_is_deterministic (test_demo.DemoTests.test_full_demo_is_deterministic) ... ok
test_metrics_known_value (test_demo.DemoTests.test_metrics_known_value) ... ok
test_constant_spatial_grid_matches_global (test_isp.ISPTests.test_constant_spatial_grid_matches_global) ... ok
test_each_operator_has_finite_nonzero_gradient (test_isp.ISPTests.test_each_operator_has_finite_nonzero_gradient) ... ok
test_identity_including_black_and_white (test_isp.ISPTests.test_identity_including_black_and_white) ... ok
test_single_operator_semantics (test_isp.ISPTests.test_single_operator_semantics) ... ok
test_spatial_interpolation_and_bounds (test_isp.ISPTests.test_spatial_interpolation_and_bounds) ... ok
test_image_any_denominators_tradeoffs_auc_and_gate (test_joint_audit.JointAuditTests.test_image_any_denominators_tradeoffs_auc_and_gate) ... ok
test_metadata_is_attached_after_persistence_cannot_change_pixel_inference (test_joint_audit.JointAuditTests.test_metadata_is_attached_after_persistence_cannot_change_pixel_inference) ... ok
test_calibration_image_max_linear_percentile_and_exclusion (test_joint_gate.JointGateTests.test_calibration_image_max_linear_percentile_and_exclusion) ... ok
test_exact_saved_prototype_and_t006_score_arithmetic (test_joint_gate.JointGateTests.test_exact_saved_prototype_and_t006_score_arithmetic) ... ok
test_fresh_manifest_excludes_every_prior_split (test_joint_gate.JointGateTests.test_fresh_manifest_excludes_every_prior_split) ... ok
test_same_scores_raw_winner_strict_boundary_and_activation_only (test_joint_gate.JointGateTests.test_same_scores_raw_winner_strict_boundary_and_activation_only) ... ok
test_clean_source_calibration_only (test_learned_prototypes.LearnedPrototypeTests.test_clean_source_calibration_only) ... ok
test_exact_initialization_and_gradient_ownership (test_learned_prototypes.LearnedPrototypeTests.test_exact_initialization_and_gradient_ownership) ... ok
test_fresh_deterministic_manifest (test_learned_prototypes.LearnedPrototypeTests.test_fresh_deterministic_manifest) ... ok
test_pixel_only_inference_and_decisions (test_learned_prototypes.LearnedPrototypeTests.test_pixel_only_inference_and_decisions) ... ok
test_source_only_training_freezes_before_inference (test_learned_prototypes.LearnedPrototypeTests.test_source_only_training_freezes_before_inference) ... ok
test_five_views_and_differentiable_geometry (test_natural.NaturalTests.test_five_views_and_differentiable_geometry) ... ok
test_gain_conventions_match_previous_suite (test_natural.NaturalTests.test_gain_conventions_match_previous_suite) ... ok
test_gate_requires_mixed_recall_and_low_wrong_activation (test_prototype_audit.PrototypeAuditTests.test_gate_requires_mixed_recall_and_low_wrong_activation) ... ok
test_metadata_changes_only_offline_localization (test_prototype_audit.PrototypeAuditTests.test_metadata_changes_only_offline_localization) ... ok
test_mixed_labels_and_all_view_denominators (test_prototype_audit.PrototypeAuditTests.test_mixed_labels_and_all_view_denominators) ... ok
test_global_unaffected_by_tv_and_components_reconstruct_total (test_regularization.RegularizationTests.test_global_unaffected_by_tv_and_components_reconstruct_total) ... ok
test_identity_normalization_anchor_and_bounds (test_regularization.RegularizationTests.test_identity_normalization_anchor_and_bounds) ... ok
test_tv_constant_varying_and_analytic_value (test_regularization.RegularizationTests.test_tv_constant_varying_and_analytic_value) ... ok
test_zero_weight_t001_fixed_numeric_regression (test_regularization.RegularizationTests.test_zero_weight_t001_fixed_numeric_regression) ... ok
test_exact_probe_sign_magnitude_and_response (test_relative_clip.RelativeTests.test_exact_probe_sign_magnitude_and_response) ... ok
test_fresh_manifest_and_calibration_excludes_other_rows (test_relative_clip.RelativeTests.test_fresh_manifest_and_calibration_excludes_other_rows) ... ok
test_literal_gate_uses_correct_type_tpr_and_precision (test_relative_clip.RelativeTests.test_literal_gate_uses_correct_type_tpr_and_precision) ... ok
test_metadata_does_not_change_responses_gates_targets (test_relative_clip.RelativeTests.test_metadata_does_not_change_responses_gates_targets) ... ok
test_all_fixed_settings_and_component_trajectories (test_safety_sweep.SafetySweepTests.test_all_fixed_settings_and_component_trajectories) ... ok
test_clean_reference_replacement_never_changes_any_trajectory (test_safety_sweep.SafetySweepTests.test_clean_reference_replacement_never_changes_any_trajectory) ... ok
test_predeclared_decision_rule_known_values (test_safety_sweep.SafetySweepTests.test_predeclared_decision_rule_known_values) ... ok
test_clean_families_and_determinism (test_suite.SuiteTests.test_clean_families_and_determinism) ... ok
test_degradation_masks_and_t001_equivalence (test_suite.SuiteTests.test_degradation_masks_and_t001_equivalence) ... ok
test_evaluation_only_reference_and_exports (test_suite.SuiteTests.test_evaluation_only_reference_and_exports) ... ok
test_identity_drift_clean_condition (test_suite.SuiteTests.test_identity_drift_clean_condition) ... ok
test_count_aggregation_and_uniform_field (test_uniform.UniformTests.test_count_aggregation_and_uniform_field) ... ok
test_spatial_one_matches_global_exactly (test_uniform.UniformTests.test_spatial_one_matches_global_exactly) ... ok
test_symmetric_control_stays_near_global_and_resets (test_uniform.UniformTests.test_symmetric_control_stays_near_global_and_resets) ... ok

----------------------------------------------------------------------
Ran 52 tests in 5.310s

OK
/home/wenchang/asdasdsad/wjq/TTIE/.venv/lib/python3.12/site-packages/timm/models/layers/__init__.py:49: FutureWarning: Importing from timm.models.layers is deprecated, please import via timm.layers
  warnings.warn(f"Importing from {__name__} is deprecated, please import via timm.layers", FutureWarning)
/home/wenchang/anaconda3/envs/python3.12-tk2-2.3/lib/python3.12/site-packages/torch/cuda/__init__.py:654: UserWarning: Can't initialize NVML
  warnings.warn("Can't initialize NVML")
/home/wenchang/asdasdsad/wjq/TTIE/.venv/lib/python3.12/site-packages/open_clip/factory.py:129: FutureWarning: You are using `torch.load` with `weights_only=False` (the current default value), which uses the default pickle module implicitly. It is possible to construct malicious pickle data which will execute arbitrary code during unpickling (See https://github.com/pytorch/pytorch/blob/main/SECURITY.md#untrusted-models for more details). In a future release, the default value for `weights_only` will be flipped to `True`. This limits the functions that could be executed during unpickling. Arbitrary objects will no longer be allowed to be loaded via this mode unless they are explicitly allowlisted by the user via `torch.serialization.add_safe_globals`. We recommend you start setting `weights_only=True` for any use case where you don't have full control of the loaded file. Please open an issue on GitHub for any issues related to this experimental feature.
  checkpoint = torch.load(checkpoint_path, map_location=map_location)
Scored held-out 419882
Scored held-out 424721
Scored held-out 425226
Scored held-out 426376
Scored held-out 429109
Scored held-out 429623
Scored held-out 438304
Scored held-out 439773
Scored held-out 447200
Scored held-out 451090
Scored held-out 451155
Scored held-out 451714
Scored held-out 455301
Scored held-out 460841
Scored held-out 462031
Scored held-out 463802
Scored held-out 466156
Scored held-out 471567
Scored held-out 474170
Scored held-out 474452
Scored held-out 475365
Scored held-out 477623
Scored held-out 482100
Scored held-out 489091
Scored held-out 499266
Scored held-out 499313
Scored held-out 502737
Scored held-out 506310
Scored held-out 507042
Scored held-out 509258
Scored held-out 514979
Scored held-out 523782
Scored held-out 532058
Scored held-out 535523
Scored held-out 535578
Scored held-out 536038
Scored held-out 546219
Scored held-out 546826
Scored held-out 549167
Scored held-out 555012
{
  "baseline": {
    "homogeneous": {
      "all": {
        "clean_view_count": 200,
        "clean_false_activation": 0.215,
        "dark": {
          "view_count": 200,
          "tpr_any_activation": 0.935,
          "tpr_correct_type": 0.915,
          "correct_type_among_active": 0.9786096256684492,
          "roc_auc": 0.98365,
          "paired_increase": 1.0
        },
        "bright": {
          "view_count": 200,
          "tpr_any_activation": 0.87,
          "tpr_correct_type": 0.86,
          "correct_type_among_active": 0.9885057471264368,
          "roc_auc": 0.930125,
          "paired_increase": 0.99
        },
        "correct_type_among_all_active_homogeneous_degraded": 0.9833795013850416,
        "clean_image_count": 40,
        "clean_image_any_activation": 0.45
      },
      "full": {
        "clean_view_count": 40,
        "clean_false_activation": 0.275,
        "dark": {
          "view_count": 40,
          "tpr_any_activation": 0.95,
          "tpr_correct_type": 0.9,
          "correct_type_among_active": 0.9473684210526315,
          "roc_auc": 0.984375,
          "paired_increase": 1.0
        },
        "bright": {
          "view_count": 40,
          "tpr_any_activation": 0.875,
          "tpr_correct_type": 0.875,
          "correct_type_among_active": 1.0,
          "roc_auc": 0.930625,
          "paired_increase": 0.975
        },
        "correct_type_among_all_active_homogeneous_degraded": 0.9726027397260274,
        "clean_image_count": 40,
        "clean_image_any_activation": 0.275
      },
      "quadrants": {
        "clean_view_count": 160,
        "clean_false_activation": 0.2,
        "dark": {
          "view_count": 160,
          "tpr_any_activation": 0.93125,
          "tpr_correct_type": 0.91875,
          "correct_type_among_active": 0.9865771812080537,
          "roc_auc": 0.983359375,
          "paired_increase": 1.0
        },
        "bright": {
          "view_count": 160,
          "tpr_any_activation": 0.86875,
          "tpr_correct_type": 0.85625,
          "correct_type_among_active": 0.9856115107913669,
          "roc_auc": 0.9312109375,
          "paired_increase": 0.99375
        },
        "correct_type_among_all_active_homogeneous_degraded": 0.9861111111111112,
        "clean_image_count": 40,
        "clean_image_any_activation": 0.375
      }
    },
    "localization": {
      "all": {
        "dark": {
          "view_count": 160,
          "correct_activation_recall": 0.90625,
          "wrong_type_activation_rate": 0.0125,
          "correct_type_among_active": 0.9863945578231292,
          "margin_mean": 0.2070834808429936,
          "margin_min": -0.04623016342520714,
          "margin_p25": 0.15141282323747873,
          "margin_median": 0.20866254717111588,
          "margin_p75": 0.27120631001889706,
          "margin_max": 0.3982323408126831
        },
        "bright": {
          "view_count": 160,
          "correct_activation_recall": 0.875,
          "wrong_type_activation_rate": 0.0125,
          "correct_type_among_active": 0.9859154929577465,
          "margin_mean": 0.19688241063267925,
          "margin_min": -0.0703952219337225,
          "margin_p25": 0.14083355106413364,
          "margin_median": 0.19618000835180283,
          "margin_p75": 0.2579057551920414,
          "margin_max": 0.39409883320331573
        }
      },
      "left_right": {
        "dark": {
          "view_count": 80,
          "correct_activation_recall": 0.925,
          "wrong_type_activation_rate": 0.0125,
          "correct_type_among_active": 0.9866666666666667,
          "margin_mean": 0.20801835879683495,
          "margin_min": -0.04623016342520714,
          "margin_p25": 0.1559071857482195,
          "margin_median": 0.20978494733572006,
          "margin_p75": 0.27422177605330944,
          "margin_max": 0.3883040025830269
        },
        "bright": {
          "view_count": 80,
          "correct_activation_recall": 0.8625,
          "wrong_type_activation_rate": 0.0125,
          "correct_type_among_active": 0.9857142857142858,
          "margin_mean": 0.19610316306352615,
          "margin_min": -0.022339902818202972,
          "margin_p25": 0.13771851919591427,
          "margin_median": 0.19359727576375008,
          "margin_p75": 0.2579057551920414,
          "margin_max": 0.39409883320331573
        }
      },
      "quadrants": {
        "dark": {
          "view_count": 80,
          "correct_activation_recall": 0.8875,
          "wrong_type_activation_rate": 0.0125,
          "correct_type_among_active": 0.9861111111111112,
          "margin_mean": 0.20614860288915224,
          "margin_min": -0.033500418066978455,
          "margin_p25": 0.14932636264711618,
          "margin_median": 0.20818735472857952,
          "margin_p75": 0.2675337214022875,
          "margin_max": 0.3982323408126831
        },
        "bright": {
          "view_count": 80,
          "correct_activation_recall": 0.8875,
          "wrong_type_activation_rate": 0.0125,
          "correct_type_among_active": 0.9861111111111112,
          "margin_mean": 0.19766165820183232,
          "margin_min": -0.0703952219337225,
          "margin_p25": 0.14290417078882456,
          "margin_median": 0.198786199092865,
          "margin_p75": 0.25324868131428957,
          "margin_max": 0.39409883320331573
        }
      }
    }
  },
  "joint": {
    "homogeneous": {
      "all": {
        "clean_view_count": 200,
        "clean_false_activation": 0.06,
        "dark": {
          "view_count": 200,
          "tpr_any_activation": 0.635,
          "tpr_correct_type": 0.625,
          "correct_type_among_active": 0.984251968503937,
          "roc_auc": 0.98365,
          "paired_increase": 1.0
        },
        "bright": {
          "view_count": 200,
          "tpr_any_activation": 0.745,
          "tpr_correct_type": 0.745,
          "correct_type_among_active": 1.0,
          "roc_auc": 0.930125,
          "paired_increase": 0.99
        },
        "correct_type_among_all_active_homogeneous_degraded": 0.9927536231884058,
        "clean_image_count": 40,
        "clean_image_any_activation": 0.2
      },
      "full": {
        "clean_view_count": 40,
        "clean_false_activation": 0.075,
        "dark": {
          "view_count": 40,
          "tpr_any_activation": 0.7,
          "tpr_correct_type": 0.675,
          "correct_type_among_active": 0.9642857142857143,
          "roc_auc": 0.984375,
          "paired_increase": 1.0
        },
        "bright": {
          "view_count": 40,
          "tpr_any_activation": 0.775,
          "tpr_correct_type": 0.775,
          "correct_type_among_active": 1.0,
          "roc_auc": 0.930625,
          "paired_increase": 0.975
        },
        "correct_type_among_all_active_homogeneous_degraded": 0.9830508474576272,
        "clean_image_count": 40,
        "clean_image_any_activation": 0.075
      },
      "quadrants": {
        "clean_view_count": 160,
        "clean_false_activation": 0.05625,
        "dark": {
          "view_count": 160,
          "tpr_any_activation": 0.61875,
          "tpr_correct_type": 0.6125,
          "correct_type_among_active": 0.98989898989899,
          "roc_auc": 0.983359375,
          "paired_increase": 1.0
        },
        "bright": {
          "view_count": 160,
          "tpr_any_activation": 0.7375,
          "tpr_correct_type": 0.7375,
          "correct_type_among_active": 1.0,
          "roc_auc": 0.9312109375,
          "paired_increase": 0.99375
        },
        "correct_type_among_all_active_homogeneous_degraded": 0.9953917050691244,
        "clean_image_count": 40,
        "clean_image_any_activation": 0.175
      }
    },
    "localization": {
      "all": {
        "dark": {
          "view_count": 160,
          "correct_activation_recall": 0.61875,
          "wrong_type_activation_rate": 0.0125,
          "correct_type_among_active": 0.9801980198019802,
          "margin_mean": 0.2070834808429936,
          "margin_min": -0.04623016342520714,
          "margin_p25": 0.15141282323747873,
          "margin_median": 0.20866254717111588,
          "margin_p75": 0.27120631001889706,
          "margin_max": 0.3982323408126831
        },
        "bright": {
          "view_count": 160,
          "correct_activation_recall": 0.75625,
          "wrong_type_activation_rate": 0.0,
          "correct_type_among_active": 1.0,
          "margin_mean": 0.19688241063267925,
          "margin_min": -0.0703952219337225,
          "margin_p25": 0.14083355106413364,
          "margin_median": 0.19618000835180283,
          "margin_p75": 0.2579057551920414,
          "margin_max": 0.39409883320331573
        }
      },
      "left_right": {
        "dark": {
          "view_count": 80,
          "correct_activation_recall": 0.6125,
          "wrong_type_activation_rate": 0.0125,
          "correct_type_among_active": 0.98,
          "margin_mean": 0.20801835879683495,
          "margin_min": -0.04623016342520714,
          "margin_p25": 0.1559071857482195,
          "margin_median": 0.20978494733572006,
          "margin_p75": 0.27422177605330944,
          "margin_max": 0.3883040025830269
        },
        "bright": {
          "view_count": 80,
          "correct_activation_recall": 0.7375,
          "wrong_type_activation_rate": 0.0,
          "correct_type_among_active": 1.0,
          "margin_mean": 0.19610316306352615,
          "margin_min": -0.022339902818202972,
          "margin_p25": 0.13771851919591427,
          "margin_median": 0.19359727576375008,
          "margin_p75": 0.2579057551920414,
          "margin_max": 0.39409883320331573
        }
      },
      "quadrants": {
        "dark": {
          "view_count": 80,
          "correct_activation_recall": 0.625,
          "wrong_type_activation_rate": 0.0125,
          "correct_type_among_active": 0.9803921568627451,
          "margin_mean": 0.20614860288915224,
          "margin_min": -0.033500418066978455,
          "margin_p25": 0.14932636264711618,
          "margin_median": 0.20818735472857952,
          "margin_p75": 0.2675337214022875,
          "margin_max": 0.3982323408126831
        },
        "bright": {
          "view_count": 80,
          "correct_activation_recall": 0.775,
          "wrong_type_activation_rate": 0.0,
          "correct_type_among_active": 1.0,
          "margin_mean": 0.19766165820183232,
          "margin_min": -0.0703952219337225,
          "margin_p25": 0.14290417078882456,
          "margin_median": 0.198786199092865,
          "margin_p75": 0.25324868131428957,
          "margin_max": 0.39409883320331573
        }
      }
    }
  },
  "heldout_rows": 1200,
  "tradeoff_counts": {
    "all": {
      "clean_activations_removed": 31,
      "clean_activations_added": 0,
      "homogeneous_dark_correct_activations_lost": 58,
      "mixed_dark_correct_activations_lost": 46,
      "homogeneous_bright_correct_activations_lost": 23,
      "mixed_bright_correct_activations_lost": 19
    },
    "full": {
      "clean_activations_removed": 8,
      "clean_activations_added": 0,
      "homogeneous_dark_correct_activations_lost": 9,
      "mixed_dark_correct_activations_lost": 0,
      "homogeneous_bright_correct_activations_lost": 4,
      "mixed_bright_correct_activations_lost": 0
    },
    "quadrants": {
      "clean_activations_removed": 23,
      "clean_activations_added": 0,
      "homogeneous_dark_correct_activations_lost": 49,
      "mixed_dark_correct_activations_lost": 46,
      "homogeneous_bright_correct_activations_lost": 19,
      "mixed_bright_correct_activations_lost": 19
    }
  },
  "auc_identical": true,
  "criteria": {
    "clean_fpr": true,
    "clean_image_any": true,
    "dark_correct_tpr": true,
    "bright_correct_tpr": true,
    "active_type_precision": true,
    "mixed_dark_recall": true,
    "mixed_bright_recall": true,
    "mixed_dark_wrong": true,
    "mixed_bright_wrong": true,
    "frozen_score_type_identity": true
  },
  "qualifies_later_pilot": true,
  "failed_criteria": []
}
T007 completed; stop regardless of gate. No ISP adaptation.
[autodl] finished_at=2026-09-12T08:16:50+08:00
[autodl] exit_code=0
