[autodl] run_id=20260920-125640-ttie-t063d-fresh
[autodl] started_at=2026-09-20T12:56:47+08:00
.......                                                                  [100%]
=============================== warnings summary ===============================
research_log/T062CR2/test_core.py::test_exact_27_update_prefix
  <frozen importlib._bootstrap>:488: DeprecationWarning: Type google._upb._message.MessageMapContainer uses PyType_Spec with a metaclass that has custom tp_new. This is deprecated and will no longer be allowed in Python 3.14.

research_log/T062CR2/test_core.py::test_exact_27_update_prefix
  <frozen importlib._bootstrap>:488: DeprecationWarning: Type google._upb._message.ScalarMapContainer uses PyType_Spec with a metaclass that has custom tp_new. This is deprecated and will no longer be allowed in Python 3.14.

-- Docs: https://docs.pytest.org/en/stable/how-to/capture-warnings.html
7 passed, 2 warnings in 2.30s
100 low entries extracted; normal entries0
/home/wenchang/asdasdsad/wjq/TTIE/.venv/lib/python3.12/site-packages/timm/models/layers/__init__.py:49: FutureWarning: Importing from timm.models.layers is deprecated, please import via timm.layers
  warnings.warn(f"Importing from {__name__} is deprecated, please import via timm.layers", FutureWarning)
/home/wenchang/asdasdsad/wjq/TTIE/.venv/lib/python3.12/site-packages/open_clip/factory.py:129: FutureWarning: You are using `torch.load` with `weights_only=False` (the current default value), which uses the default pickle module implicitly. It is possible to construct malicious pickle data which will execute arbitrary code during unpickling (See https://github.com/pytorch/pytorch/blob/main/SECURITY.md#untrusted-models for more details). In a future release, the default value for `weights_only` will be flipped to `True`. This limits the functions that could be executed during unpickling. Arbitrary objects will no longer be allowed to be loaded via this mode unless they are explicitly allowlisted by the user via `torch.serialization.add_safe_globals`. We recommend you start setting `weights_only=True` for any use case where you don't have full control of the loaded file. Please open an issue on GitHub for any issues related to this experimental feature.
  checkpoint = torch.load(checkpoint_path, map_location=map_location)
{"completed": 1, "seconds": 5.357370721001644}
{"completed": 2, "seconds": 5.21319375600433}
{"completed": 3, "seconds": 5.270568893000018}
{"completed": 4, "seconds": 5.12214817199856}
{"completed": 5, "seconds": 5.204591960005928}
{"completed": 6, "seconds": 5.199710345012136}
{"completed": 7, "seconds": 5.173268466998707}
{"completed": 8, "seconds": 5.2339617279940285}
{"completed": 9, "seconds": 5.287552865003818}
{"completed": 10, "seconds": 5.279355184000451}
{"completed": 11, "seconds": 5.281863197000348}
{"completed": 12, "seconds": 5.2661703810008476}
{"completed": 13, "seconds": 5.246234285004903}
{"completed": 14, "seconds": 5.195994120003888}
{"completed": 15, "seconds": 5.303443493001396}
{"completed": 16, "seconds": 5.429341504001059}
{"completed": 17, "seconds": 5.170624135993421}
{"completed": 18, "seconds": 5.2627756360016065}
{"completed": 19, "seconds": 5.198170268005924}
{"completed": 20, "seconds": 5.246072137990268}
{"completed": 21, "seconds": 5.223548623005627}
{"completed": 22, "seconds": 5.3039804870059015}
{"completed": 23, "seconds": 5.275939011000446}
{"completed": 24, "seconds": 5.32055595399288}
{"completed": 25, "seconds": 5.180128656007582}
{"completed": 26, "seconds": 5.211178633995587}
{"completed": 27, "seconds": 5.28564999900118}
{"completed": 28, "seconds": 5.1847085429908475}
{"completed": 29, "seconds": 5.091915539000183}
{"completed": 30, "seconds": 5.218167451996123}
{"completed": 31, "seconds": 5.211182511004154}
{"completed": 32, "seconds": 5.185234168995521}
{"completed": 33, "seconds": 6.445974210000713}
{"completed": 34, "seconds": 8.417569904995617}
{"completed": 35, "seconds": 8.206286360000377}
{"completed": 36, "seconds": 8.249328810008592}
{"completed": 37, "seconds": 8.252371784998104}
{"completed": 38, "seconds": 8.291250148002291}
{"completed": 39, "seconds": 8.311976407989278}
{"completed": 40, "seconds": 8.26266906199453}
{"completed": 41, "seconds": 8.265895129006822}
{"completed": 42, "seconds": 6.965908211001079}
{"completed": 43, "seconds": 8.28089949900459}
{"completed": 44, "seconds": 8.3314499570115}
{"completed": 45, "seconds": 7.664757987993653}
{"completed": 46, "seconds": 6.525422360005905}
{"completed": 47, "seconds": 8.24537590399268}
{"completed": 48, "seconds": 8.271154551999643}
{"completed": 49, "seconds": 8.31560800599982}
{"completed": 50, "seconds": 8.193989360996056}
{"completed": 51, "seconds": 8.069451300994842}
{"completed": 52, "seconds": 8.214861721004127}
{"completed": 53, "seconds": 8.070559315994615}
{"completed": 54, "seconds": 8.274802814004943}
{"completed": 55, "seconds": 8.043357204995118}
{"completed": 56, "seconds": 8.192049667995889}
{"completed": 57, "seconds": 7.833828643008019}
{"completed": 58, "seconds": 8.081999692993122}
{"completed": 59, "seconds": 6.472791922002216}
{"completed": 60, "seconds": 5.254985100007616}
{"completed": 61, "seconds": 5.250725877005607}
{"completed": 62, "seconds": 4.971484485009569}
{"completed": 63, "seconds": 4.742420936992858}
{"completed": 64, "seconds": 4.101584439995349}
{"completed": 65, "seconds": 4.690835085013532}
{"completed": 66, "seconds": 4.93951168100466}
{"completed": 67, "seconds": 5.248461164999753}
{"completed": 68, "seconds": 5.319913227998768}
{"completed": 69, "seconds": 5.288029604998883}
{"completed": 70, "seconds": 5.242389546008781}
{"completed": 71, "seconds": 5.149820901002386}
{"completed": 72, "seconds": 5.253762915002881}
{"completed": 73, "seconds": 5.364227586003835}
{"completed": 74, "seconds": 5.226704530999996}
{"completed": 75, "seconds": 5.264288074002252}
{"completed": 76, "seconds": 5.313286959994002}
{"completed": 77, "seconds": 5.272065576995374}
{"completed": 78, "seconds": 5.27657275099773}
{"completed": 79, "seconds": 5.301953706992208}
{"completed": 80, "seconds": 5.252031737007201}
{"completed": 81, "seconds": 5.241050953991362}
{"completed": 82, "seconds": 5.271671103997505}
{"completed": 83, "seconds": 5.262816521004424}
{"completed": 84, "seconds": 5.274253839001176}
{"completed": 85, "seconds": 5.306283965997864}
{"completed": 86, "seconds": 5.279722620995017}
{"completed": 87, "seconds": 5.0795597300020745}
{"completed": 88, "seconds": 5.246481219000998}
{"completed": 89, "seconds": 5.343522283001221}
{"completed": 90, "seconds": 5.203650944007677}
{"completed": 91, "seconds": 5.2413252940023085}
{"completed": 92, "seconds": 5.2194680200045696}
{"completed": 93, "seconds": 5.256621609005379}
{"completed": 94, "seconds": 5.190532107997569}
{"completed": 95, "seconds": 5.242943096003728}
{"completed": 96, "seconds": 5.302697156002978}
{"completed": 97, "seconds": 5.215226271000574}
{"completed": 98, "seconds": 5.213445336004952}
{"completed": 99, "seconds": 5.274784264009213}
{"completed": 100, "seconds": 5.188134201991488}
ALL_300_FROZEN 7cdb658d380720f51c2519817953a9e0b6dc0d6f4f2b4bca1deb0bb5cdb3cdd2
{"task": "T063-D", "verdict": "FRESH_QUALIFICATION_NEGATIVE", "gates": {"mean_psnr": true, "median_psnr": true, "regressions": true, "worst": false, "mean_ssim": true}, "mean_delta_psnr": 3.8619303358477532, "median_delta_psnr": 3.8144066595104147, "regressions_t026": 12, "worst_delta_t026": -10.364944679494553, "mean_delta_ssim": 0.018421840981580232, "improve": 92, "regress": 8, "tie": 0, "absolute": {"identity": {"psnr": 8.245022083876107, "ssim": 0.18154869410657604}, "T026": {"psnr": 10.919660781416749, "ssim": 0.38122001043598985}, "T036": {"psnr": 11.6099148687251, "ssim": 0.3794750235541155}, "T063": {"psnr": 15.471845204572851, "ssim": 0.3978968645356957}}, "freeze_utc": "2026-09-20T05:06:51.047476+00:00", "first_reference_read_utc": "2026-09-20T05:06:54.711840+00:00", "freeze_sha256": "7cdb658d380720f51c2519817953a9e0b6dc0d6f4f2b4bca1deb0bb5cdb3cdd2", "seconds": 28.14669807998871, "completed_utc": "2026-09-20T05:07:21.387999+00:00", "selected_step_histogram": {"0": 0, "1": 0, "2": 0, "3": 0, "4": 0, "5": 0, "6": 0, "7": 0, "8": 0, "9": 0, "10": 0, "11": 0, "12": 0, "13": 0, "14": 0, "15": 0, "16": 0, "17": 0, "18": 1, "19": 0, "20": 0, "21": 3, "22": 0, "23": 0, "24": 3, "25": 6, "26": 22, "27": 65}}
verified-states 1
verified-states 2
verified-states 3
verified-states 4
verified-states 5
verified-states 6
verified-states 7
verified-states 8
verified-states 9
verified-states 10
verified-states 11
verified-states 12
verified-states 13
verified-states 14
verified-states 15
verified-states 16
verified-states 17
verified-states 18
verified-states 19
verified-states 20
verified-states 21
verified-states 22
verified-states 23
verified-states 24
verified-states 25
verified-states 26
verified-states 27
verified-states 28
verified-states 29
verified-states 30
verified-states 31
verified-states 32
verified-states 33
verified-states 34
verified-states 35
verified-states 36
verified-states 37
verified-states 38
verified-states 39
verified-states 40
verified-states 41
verified-states 42
verified-states 43
verified-states 44
verified-states 45
verified-states 46
verified-states 47
verified-states 48
verified-states 49
verified-states 50
verified-states 51
verified-states 52
verified-states 53
verified-states 54
verified-states 55
verified-states 56
verified-states 57
verified-states 58
verified-states 59
verified-states 60
verified-states 61
verified-states 62
verified-states 63
verified-states 64
verified-states 65
verified-states 66
verified-states 67
verified-states 68
verified-states 69
verified-states 70
verified-states 71
verified-states 72
verified-states 73
verified-states 74
verified-states 75
verified-states 76
verified-states 77
verified-states 78
verified-states 79
verified-states 80
verified-states 81
verified-states 82
verified-states 83
verified-states 84
verified-states 85
verified-states 86
verified-states 87
verified-states 88
verified-states 89
verified-states 90
verified-states 91
verified-states 92
verified-states 93
verified-states 94
verified-states 95
verified-states 96
verified-states 97
verified-states 98
verified-states 99
verified-states 100
{"state_verification": {"cohort": {"status": "PASS", "train": 689, "forbidden": 516, "remaining": 173, "selected": 100, "previous_reference_overlap": 0, "development_overlap": 0, "manifest_sha256": "3206ea57061f4b45164a81f105f818de6d6d15b342a77797ce9f1eaaccc52554"}, "T063_states": 2800, "control_selected_states": 200, "objective_progress_choices": 100}, "status": "PASS", "verdict": "FRESH_QUALIFICATION_NEGATIVE", "final_outputs": 300, "metrics_checked": 800, "max_metric_error": 8.846257060213247e-13, "gates": {"mean_psnr": true, "median_psnr": true, "regressions": true, "worst": false, "mean_ssim": true}, "cohort_sha256": "3206ea57061f4b45164a81f105f818de6d6d15b342a77797ce9f1eaaccc52554", "verified_utc": "2026-09-20T05:08:09.170673+00:00"}
[autodl] finished_at=2026-09-20T13:08:09+08:00
[autodl] exit_code=0
