[autodl] run_id=20260920-210459-ttie-t066a-dynamics
[autodl] started_at=2026-09-20T21:05:05+08:00
....................                                                     [100%]
20 passed in 1.64s
development-rendered 1
development-rendered 2
development-rendered 3
development-rendered 4
development-rendered 5
development-rendered 6
development-rendered 7
development-rendered 8
development-rendered 9
development-rendered 10
development-rendered 11
development-rendered 12
development-rendered 13
development-rendered 14
development-rendered 15
development-rendered 16
development-rendered 17
development-rendered 18
development-rendered 19
development-rendered 20
development-rendered 21
development-rendered 22
development-rendered 23
development-rendered 24
development-rendered 25
development-rendered 26
development-rendered 27
development-rendered 28
development-rendered 29
development-rendered 30
development-rendered 31
development-rendered 32
development-rendered 33
development-rendered 34
development-rendered 35
development-rendered 36
development-rendered 37
development-rendered 38
development-rendered 39
development-rendered 40
development-rendered 41
development-rendered 42
development-rendered 43
development-rendered 44
development-rendered 45
development-rendered 46
development-rendered 47
development-rendered 48
development-rendered 49
development-rendered 50
development-rendered 51
development-rendered 52
development-rendered 53
development-rendered 54
development-rendered 55
development-rendered 56
development-rendered 57
development-rendered 58
development-rendered 59
development-rendered 60
development-rendered 61
development-rendered 62
development-rendered 63
development-rendered 64
development-rendered 65
development-rendered 66
development-rendered 67
development-rendered 68
development-rendered 69
development-rendered 70
development-rendered 71
development-rendered 72
development-rendered 73
development-rendered 74
development-rendered 75
development-rendered 76
development-rendered 77
development-rendered 78
development-rendered 79
development-rendered 80
development-rendered 81
development-rendered 82
development-rendered 83
development-rendered 84
development-rendered 85
development-rendered 86
development-rendered 87
development-rendered 88
development-rendered 89
development-rendered 90
development-rendered 91
development-rendered 92
development-rendered 93
development-rendered 94
development-rendered 95
development-rendered 96
development-rendered 97
development-rendered 98
development-rendered 99
development-rendered 100
class_counts {"safe": 2719, "unsafe": 81, "n": 2800, "safe_weight": 0.5148951820522251, "unsafe_weight": 17.28395061728395}
loio-fit 1
loio-fit 2
loio-fit 3
loio-fit 4
loio-fit 5
loio-fit 6
loio-fit 7
loio-fit 8
loio-fit 9
loio-fit 10
loio-fit 11
loio-fit 12
loio-fit 13
loio-fit 14
loio-fit 15
loio-fit 16
loio-fit 17
loio-fit 18
loio-fit 19
loio-fit 20
loio-fit 21
loio-fit 22
loio-fit 23
loio-fit 24
loio-fit 25
loio-fit 26
loio-fit 27
loio-fit 28
loio-fit 29
loio-fit 30
loio-fit 31
loio-fit 32
loio-fit 33
loio-fit 34
loio-fit 35
loio-fit 36
loio-fit 37
loio-fit 38
loio-fit 39
loio-fit 40
loio-fit 41
loio-fit 42
loio-fit 43
loio-fit 44
loio-fit 45
loio-fit 46
loio-fit 47
loio-fit 48
loio-fit 49
loio-fit 50
loio-fit 51
loio-fit 52
loio-fit 53
loio-fit 54
loio-fit 55
loio-fit 56
loio-fit 57
loio-fit 58
loio-fit 59
loio-fit 60
loio-fit 61
loio-fit 62
loio-fit 63
loio-fit 64
loio-fit 65
loio-fit 66
loio-fit 67
loio-fit 68
loio-fit 69
loio-fit 70
loio-fit 71
loio-fit 72
loio-fit 73
loio-fit 74
loio-fit 75
loio-fit 76
loio-fit 77
loio-fit 78
loio-fit 79
loio-fit 80
loio-fit 81
loio-fit 82
loio-fit 83
loio-fit 84
loio-fit 85
loio-fit 86
loio-fit 87
loio-fit 88
loio-fit 89
loio-fit 90
loio-fit 91
loio-fit 92
loio-fit 93
loio-fit 94
loio-fit 95
loio-fit 96
loio-fit 97
loio-fit 98
loio-fit 99
loio-fit 100
transfer-selected 1
transfer-selected 2
transfer-selected 3
transfer-selected 4
transfer-selected 5
transfer-selected 6
transfer-selected 7
transfer-selected 8
transfer-selected 9
transfer-selected 10
transfer-selected 11
transfer-selected 12
transfer-selected 13
transfer-selected 14
transfer-selected 15
transfer-selected 16
transfer-selected 17
transfer-selected 18
transfer-selected 19
transfer-selected 20
transfer-selected 21
transfer-selected 22
transfer-selected 23
transfer-selected 24
transfer-selected 25
transfer-selected 26
transfer-selected 27
transfer-selected 28
transfer-selected 29
transfer-selected 30
transfer-selected 31
transfer-selected 32
transfer-selected 33
transfer-selected 34
transfer-selected 35
transfer-selected 36
transfer-selected 37
transfer-selected 38
transfer-selected 39
transfer-selected 40
transfer-selected 41
transfer-selected 42
transfer-selected 43
transfer-selected 44
transfer-selected 45
transfer-selected 46
transfer-selected 47
transfer-selected 48
transfer-selected 49
transfer-selected 50
transfer-selected 51
transfer-selected 52
transfer-selected 53
transfer-selected 54
transfer-selected 55
transfer-selected 56
transfer-selected 57
transfer-selected 58
transfer-selected 59
transfer-selected 60
transfer-selected 61
transfer-selected 62
transfer-selected 63
transfer-selected 64
transfer-selected 65
transfer-selected 66
transfer-selected 67
transfer-selected 68
transfer-selected 69
transfer-selected 70
transfer-selected 71
transfer-selected 72
transfer-selected 73
transfer-selected 74
transfer-selected 75
transfer-selected 76
transfer-selected 77
transfer-selected 78
transfer-selected 79
transfer-selected 80
transfer-selected 81
transfer-selected 82
transfer-selected 83
transfer-selected 84
transfer-selected 85
transfer-selected 86
transfer-selected 87
transfer-selected 88
transfer-selected 89
transfer-selected 90
transfer-selected 91
transfer-selected 92
transfer-selected 93
transfer-selected 94
transfer-selected 95
transfer-selected 96
transfer-selected 97
transfer-selected 98
transfer-selected 99
transfer-selected 100
{"classification": "TRANSFER_NEGATIVE", "label": "exposed-cohort transfer audit; not fresh qualification", "model_sha256": "33f878dd090d5e85ba2d099c0e16bc7e4f1731b41f0c5fd90f2a8a5a30f62be0", "mean_delta_psnr": 3.8619303358477532, "median_delta_psnr": 3.814406659510415, "regressions_t026": 12, "worst_delta_t026": -10.364944679494553, "mean_delta_ssim": 0.01842184098158023, "gates": {"mean_psnr": true, "median_psnr": true, "regressions": true, "worst": false, "mean_ssim": true}, "eligible": false, "selector_sha256": "2850fa7694dbfd5cf7753461321886d3fbe53c09692586c72dcb1c716af1a907", "transfer_freeze_sha256": "b5d84c5e8945dbaaea5f37a12972c3f6a8c9b81ca542938d7563302a9a66fd79", "selected_step_histogram": {"0": 0, "1": 0, "2": 0, "3": 0, "4": 0, "5": 0, "6": 0, "7": 0, "8": 0, "9": 0, "10": 0, "11": 0, "12": 0, "13": 0, "14": 0, "15": 0, "16": 0, "17": 0, "18": 1, "19": 0, "20": 0, "21": 3, "22": 0, "23": 0, "24": 3, "25": 6, "26": 22, "27": 65}, "choices_changed": 0, "first_reference_read_utc": "2026-09-20T13:07:44.577965+00:00", "completed_utc": "2026-09-20T13:07:48.362951+00:00", "seconds": 159.41020090400707, "optimizer_runs": 0}
verified-development 1
verified-development 2
verified-development 3
verified-development 4
verified-development 5
verified-development 6
verified-development 7
verified-development 8
verified-development 9
verified-development 10
verified-development 11
verified-development 12
verified-development 13
verified-development 14
verified-development 15
verified-development 16
verified-development 17
verified-development 18
verified-development 19
verified-development 20
verified-development 21
verified-development 22
verified-development 23
verified-development 24
verified-development 25
verified-development 26
verified-development 27
verified-development 28
verified-development 29
verified-development 30
verified-development 31
verified-development 32
verified-development 33
verified-development 34
verified-development 35
verified-development 36
verified-development 37
verified-development 38
verified-development 39
verified-development 40
verified-development 41
verified-development 42
verified-development 43
verified-development 44
verified-development 45
verified-development 46
verified-development 47
verified-development 48
verified-development 49
verified-development 50
verified-development 51
verified-development 52
verified-development 53
verified-development 54
verified-development 55
verified-development 56
verified-development 57
verified-development 58
verified-development 59
verified-development 60
verified-development 61
verified-development 62
verified-development 63
verified-development 64
verified-development 65
verified-development 66
verified-development 67
verified-development 68
verified-development 69
verified-development 70
verified-development 71
verified-development 72
verified-development 73
verified-development 74
verified-development 75
verified-development 76
verified-development 77
verified-development 78
verified-development 79
verified-development 80
verified-development 81
verified-development 82
verified-development 83
verified-development 84
verified-development 85
verified-development 86
verified-development 87
verified-development 88
verified-development 89
verified-development 90
verified-development 91
verified-development 92
verified-development 93
verified-development 94
verified-development 95
verified-development 96
verified-development 97
verified-development 98
verified-development 99
verified-development 100
verified-loio 1
verified-loio 2
verified-loio 3
verified-loio 4
verified-loio 5
verified-loio 6
verified-loio 7
verified-loio 8
verified-loio 9
verified-loio 10
verified-loio 11
verified-loio 12
verified-loio 13
verified-loio 14
verified-loio 15
verified-loio 16
verified-loio 17
verified-loio 18
verified-loio 19
verified-loio 20
verified-loio 21
verified-loio 22
verified-loio 23
verified-loio 24
verified-loio 25
verified-loio 26
verified-loio 27
verified-loio 28
verified-loio 29
verified-loio 30
verified-loio 31
verified-loio 32
verified-loio 33
verified-loio 34
verified-loio 35
verified-loio 36
verified-loio 37
verified-loio 38
verified-loio 39
verified-loio 40
verified-loio 41
verified-loio 42
verified-loio 43
verified-loio 44
verified-loio 45
verified-loio 46
verified-loio 47
verified-loio 48
verified-loio 49
verified-loio 50
verified-loio 51
verified-loio 52
verified-loio 53
verified-loio 54
verified-loio 55
verified-loio 56
verified-loio 57
verified-loio 58
verified-loio 59
verified-loio 60
verified-loio 61
verified-loio 62
verified-loio 63
verified-loio 64
verified-loio 65
verified-loio 66
verified-loio 67
verified-loio 68
verified-loio 69
verified-loio 70
verified-loio 71
verified-loio 72
verified-loio 73
verified-loio 74
verified-loio 75
verified-loio 76
verified-loio 77
verified-loio 78
verified-loio 79
verified-loio 80
verified-loio 81
verified-loio 82
verified-loio 83
verified-loio 84
verified-loio 85
verified-loio 86
verified-loio 87
verified-loio 88
verified-loio 89
verified-loio 90
verified-loio 91
verified-loio 92
verified-loio 93
verified-loio 94
verified-loio 95
verified-loio 96
verified-loio 97
verified-loio 98
verified-loio 99
verified-loio 100
verified-transfer 1
verified-transfer 2
verified-transfer 3
verified-transfer 4
verified-transfer 5
verified-transfer 6
verified-transfer 7
verified-transfer 8
verified-transfer 9
verified-transfer 10
verified-transfer 11
verified-transfer 12
verified-transfer 13
verified-transfer 14
verified-transfer 15
verified-transfer 16
verified-transfer 17
verified-transfer 18
verified-transfer 19
verified-transfer 20
verified-transfer 21
verified-transfer 22
verified-transfer 23
verified-transfer 24
verified-transfer 25
verified-transfer 26
verified-transfer 27
verified-transfer 28
verified-transfer 29
verified-transfer 30
verified-transfer 31
verified-transfer 32
verified-transfer 33
verified-transfer 34
verified-transfer 35
verified-transfer 36
verified-transfer 37
verified-transfer 38
verified-transfer 39
verified-transfer 40
verified-transfer 41
verified-transfer 42
verified-transfer 43
verified-transfer 44
verified-transfer 45
verified-transfer 46
verified-transfer 47
verified-transfer 48
verified-transfer 49
verified-transfer 50
verified-transfer 51
verified-transfer 52
verified-transfer 53
verified-transfer 54
verified-transfer 55
verified-transfer 56
verified-transfer 57
verified-transfer 58
verified-transfer 59
verified-transfer 60
verified-transfer 61
verified-transfer 62
verified-transfer 63
verified-transfer 64
verified-transfer 65
verified-transfer 66
verified-transfer 67
verified-transfer 68
verified-transfer 69
verified-transfer 70
verified-transfer 71
verified-transfer 72
verified-transfer 73
verified-transfer 74
verified-transfer 75
verified-transfer 76
verified-transfer 77
verified-transfer 78
verified-transfer 79
verified-transfer 80
verified-transfer 81
verified-transfer 82
verified-transfer 83
verified-transfer 84
verified-transfer 85
verified-transfer 86
verified-transfer 87
verified-transfer 88
verified-transfer 89
verified-transfer 90
verified-transfer 91
verified-transfer 92
verified-transfer 93
verified-transfer 94
verified-transfer 95
verified-transfer 96
verified-transfer 97
verified-transfer 98
verified-transfer 99
verified-transfer 100
{"status": "PASS", "development_renders": 2800, "development_feature_max_error": 7.105427357601002e-15, "loio_fits": 100, "coefficient_max_error": 1.2807760185751249e-08, "normalization_max_error": 1.942890293094024e-16, "newton_equation_max_residual": 6.864481205681727e-11, "development_metric_max_error": 1.0871303857129533e-12, "development_confusion": {"safe_pred_safe": 2532, "safe_pred_unsafe": 187, "unsafe_pred_safe": 8, "unsafe_pred_unsafe": 73}, "unsafe_recall": 0.9012345679012346, "classification": "TRANSFER_NEGATIVE", "transfer_feature_max_error": 6.217248937900877e-15, "transfer_renders": 2800, "selected_outputs": 100, "metric_max_error": 8.846257060213247e-13, "gates": {"mean_psnr": true, "median_psnr": true, "regressions": true, "worst": false, "mean_ssim": true}, "verified_utc": "2026-09-20T13:10:47.351942+00:00"}
[autodl] finished_at=2026-09-20T21:10:47+08:00
[autodl] exit_code=0
