1003_UHD_LL.JPG 3.481849053001497
1009_UHD_LL.JPG 3.296028748009121
1024_UHD_LL.JPG 3.293779140978586
1043_UHD_LL.JPG 3.29323575401213
1085_UHD_LL.JPG 3.308430339995539
1102_UHD_LL.JPG 3.28890860901447
1124_UHD_LL.JPG 3.289378504996421
1142_UHD_LL.JPG 3.2935551780101378
1165_UHD_LL.JPG 3.2897888709849212
1184_UHD_LL.JPG 3.290526814002078
1188_UHD_LL.JPG 3.2927992360200733
1191_UHD_LL.JPG 3.2796064220019616
1223_UHD_LL.JPG 3.310832112998469
1246_UHD_LL.JPG 3.3109802700055297
1256_UHD_LL.JPG 3.2926457499852404
1277_UHD_LL.JPG 3.297058885975275
1294_UHD_LL.JPG 3.2991103370150086
1312_UHD_LL.JPG 3.2976276249974035
1315_UHD_LL.JPG 3.2856735489913262
1335_UHD_LL.JPG 3.2945987159910146
1338_UHD_LL.JPG 3.287587024999084
1354_UHD_LL.JPG 3.286589608003851
1357_UHD_LL.JPG 3.2971259100013413
1365_UHD_LL.JPG 3.3040831910038833
1378_UHD_LL.JPG 3.3054199420148507
1388_UHD_LL.JPG 3.2932543200149667
1400_UHD_LL.JPG 3.28928468801314
1417_UHD_LL.JPG 3.2936998789955396
142_UHD_LL.JPG 3.2937456789950375
1446_UHD_LL.JPG 3.311090008006431
1453_UHD_LL.JPG 3.307364887004951
1464_UHD_LL.JPG 3.3043325080070645
1475_UHD_LL.JPG 3.3042484240140766
1513_UHD_LL.JPG 3.292370993003715
152_UHD_LL.JPG 3.2940127240144648
1539_UHD_LL.JPG 3.2807824150077067
1558_UHD_LL.JPG 3.2925288310216274
1583_UHD_LL.JPG 3.2866736599826254
1594_UHD_LL.JPG 3.314952348009683
1606_UHD_LL.JPG 3.295836020988645
161_UHD_LL.JPG 3.2847347630013246
1628_UHD_LL.JPG 3.2827537480043247
1637_UHD_LL.JPG 3.2846718300133944
1649_UHD_LL.JPG 3.300486077001551
164_UHD_LL.JPG 3.303881450992776
1662_UHD_LL.JPG 3.280447238998022
1663_UHD_LL.JPG 3.2842773009906523
1671_UHD_LL.JPG 3.294088165013818
1678_UHD_LL.JPG 3.280882642022334
1682_UHD_LL.JPG 3.2742706910066772
1686_UHD_LL.JPG 3.287024705001386
1694_UHD_LL.JPG 3.2865538749902043
1701_UHD_LL.JPG 3.2858255699975416
170_UHD_LL.JPG 3.3010348929965403
1718_UHD_LL.JPG 3.293093563988805
1725_UHD_LL.JPG 3.2913591880060267
172_UHD_LL.JPG 3.298076992010465
1756_UHD_LL.JPG 3.2975927829975262
175_UHD_LL.JPG 3.2981933019764256
1768_UHD_LL.JPG 3.294489783991594
1778_UHD_LL.JPG 3.290780175011605
1785_UHD_LL.JPG 3.3010428760026116
1791_UHD_LL.JPG 3.289011496002786
1792_UHD_LL.JPG 3.2907774280174635
17_UHD_LL.JPG 3.2926441979943775
1801_UHD_LL.JPG 3.291479151987005
1808_UHD_LL.JPG 3.2868402779859025
1838_UHD_LL.JPG 3.2949412079760805
1917_UHD_LL.JPG 3.2860098460223526
199_UHD_LL.JPG 3.2979497339983936
1_UHD_LL.JPG 3.29019513798994
200_UHD_LL.JPG 3.2980632609978784
2017_UHD_LL.JPG 3.304862860997673
2025_UHD_LL.JPG 3.2982029520208016
2034_UHD_LL.JPG 3.2960326409956906
2042_UHD_LL.JPG 3.2937758630141616
2045_UHD_LL.JPG 3.2923452989780344
204_UHD_LL.JPG 3.2919569299847353
2068_UHD_LL.JPG 3.2825000469747465
2142_UHD_LL.JPG 3.290976743999636
2145_UHD_LL.JPG 3.2937831440067384
223_UHD_LL.JPG 3.284689415973844
230_UHD_LL.JPG 3.286249829980079
231_UHD_LL.JPG 3.2848692719999235
240_UHD_LL.JPG 3.289446801005397
247_UHD_LL.JPG 3.286315536010079
272_UHD_LL.JPG 3.3048236960021313
278_UHD_LL.JPG 3.2935045519843698
286_UHD_LL.JPG 3.296157367993146
288_UHD_LL.JPG 3.2963749670016114
28_UHD_LL.JPG 3.292160907003563
292_UHD_LL.JPG 3.2930439510091674
29_UHD_LL.JPG 3.2982449830160476
306_UHD_LL.JPG 3.2943342280050274
345_UHD_LL.JPG 3.290622994012665
353_UHD_LL.JPG 3.2952618210110813
371_UHD_LL.JPG 3.3005800239916425
375_UHD_LL.JPG 3.2853188830194995
385_UHD_LL.JPG 3.286789520003367
389_UHD_LL.JPG 3.290058657992631
394_UHD_LL.JPG 3.2910107409988996
399_UHD_LL.JPG 3.296628423995571
40_UHD_LL.JPG 3.304083882976556
425_UHD_LL.JPG 3.300902730989037
434_UHD_LL.JPG 3.30228616099339
441_UHD_LL.JPG 3.303797583008418
442_UHD_LL.JPG 3.295632522989763
453_UHD_LL.JPG 3.299288546986645
457_UHD_LL.JPG 3.3008153009868693
462_UHD_LL.JPG 3.2906069780001417
47_UHD_LL.JPG 3.3032235209830105
499_UHD_LL.JPG 3.299952350993408
507_UHD_LL.JPG 3.287715055019362
545_UHD_LL.JPG 3.284896226017736
54_UHD_LL.JPG 3.294889298005728
584_UHD_LL.JPG 3.2996657990152016
60_UHD_LL.JPG 3.305408004001947
627_UHD_LL.JPG 3.2981677440111525
63_UHD_LL.JPG 3.3047358310141135
649_UHD_LL.JPG 3.295911340013845
674_UHD_LL.JPG 3.2925126629997976
677_UHD_LL.JPG 3.293880101002287
685_UHD_LL.JPG 3.2888369059946854
690_UHD_LL.JPG 3.2884924249956384
692_UHD_LL.JPG 3.2967545200081076
697_UHD_LL.JPG 3.2810391309903935
704_UHD_LL.JPG 3.2897908510058187
708_UHD_LL.JPG 3.2927584309945814
70_UHD_LL.JPG 3.2821689170086756
720_UHD_LL.JPG 3.2803620930062607
727_UHD_LL.JPG 3.294283203984378
741_UHD_LL.JPG 3.299759796995204
752_UHD_LL.JPG 3.296809599007247
769_UHD_LL.JPG 3.2926267820002977
771_UHD_LL.JPG 3.2940604359901045
788_UHD_LL.JPG 3.290771264000796
7_UHD_LL.JPG 3.291817365010502
810_UHD_LL.JPG 3.290631611016579
869_UHD_LL.JPG 3.2851663780165836
874_UHD_LL.JPG 3.2969947720121127
879_UHD_LL.JPG 3.280396190006286
890_UHD_LL.JPG 3.2901393929787446
895_UHD_LL.JPG 3.2810054949950427
8_UHD_LL.JPG 3.2854170389764477
914_UHD_LL.JPG 3.2824022700078785
920_UHD_LL.JPG 3.2802653549879324
945_UHD_LL.JPG 3.28507209700183
94_UHD_LL.JPG 3.2812543520121835
967_UHD_LL.JPG 3.2796079039981123
999_UHD_LL.JPG 3.2843313020130154
