1003_UHD_LL.JPG 2.0660867700062227
1009_UHD_LL.JPG 1.5286813369893935
1024_UHD_LL.JPG 1.5367287720146123
1043_UHD_LL.JPG 1.535359180008527
1085_UHD_LL.JPG 1.5419425519939978
1102_UHD_LL.JPG 1.5367174250131939
1124_UHD_LL.JPG 1.540819586982252
1142_UHD_LL.JPG 1.5329291749803815
1165_UHD_LL.JPG 1.5384588970046025
1184_UHD_LL.JPG 1.529116878984496
1188_UHD_LL.JPG 1.5339906549779698
1191_UHD_LL.JPG 1.5303218880144414
1223_UHD_LL.JPG 1.530176365020452
1246_UHD_LL.JPG 1.5309331949974876
1256_UHD_LL.JPG 1.5383105390064884
1277_UHD_LL.JPG 1.5365591399895493
1294_UHD_LL.JPG 1.5360081650142092
1312_UHD_LL.JPG 1.538048932008678
1315_UHD_LL.JPG 1.5396469880070072
1335_UHD_LL.JPG 1.5316458519955631
1338_UHD_LL.JPG 1.53165218301001
1354_UHD_LL.JPG 1.526816631987458
1357_UHD_LL.JPG 1.5308540780097246
1365_UHD_LL.JPG 1.5463310189952608
1378_UHD_LL.JPG 1.5404116959834937
1388_UHD_LL.JPG 1.5312792789773084
1400_UHD_LL.JPG 1.531786320003448
1417_UHD_LL.JPG 1.5359943869989365
142_UHD_LL.JPG 1.5375895499892067
1446_UHD_LL.JPG 1.530001239007106
1453_UHD_LL.JPG 1.5329024649981875
1464_UHD_LL.JPG 1.5413457679969724
1475_UHD_LL.JPG 1.5389644759998191
1513_UHD_LL.JPG 1.530582223989768
152_UHD_LL.JPG 1.5288520839822013
1539_UHD_LL.JPG 1.532469989004312
1558_UHD_LL.JPG 1.5297660210053436
1583_UHD_LL.JPG 1.5321774840122089
1594_UHD_LL.JPG 1.5386136950110085
1606_UHD_LL.JPG 1.5355607880046591
161_UHD_LL.JPG 1.5352579519967549
1628_UHD_LL.JPG 1.5278040510020219
1637_UHD_LL.JPG 1.5395837269898038
1649_UHD_LL.JPG 1.541458463005256
164_UHD_LL.JPG 1.5353304340096656
1662_UHD_LL.JPG 1.5378519789956044
1663_UHD_LL.JPG 1.5343416529940441
1671_UHD_LL.JPG 1.5311806310201064
1678_UHD_LL.JPG 1.535300750983879
1682_UHD_LL.JPG 1.537878875999013
1686_UHD_LL.JPG 1.5378404479997698
1694_UHD_LL.JPG 1.5370642320194747
1701_UHD_LL.JPG 1.5353647629963234
170_UHD_LL.JPG 1.5311401030048728
1718_UHD_LL.JPG 1.5350830319803208
1725_UHD_LL.JPG 1.5340649190184195
172_UHD_LL.JPG 1.539759242994478
1756_UHD_LL.JPG 1.5302230920060538
175_UHD_LL.JPG 1.5298824479978066
1768_UHD_LL.JPG 1.527584965020651
1778_UHD_LL.JPG 1.53089619698585
1785_UHD_LL.JPG 1.5286998100054916
1791_UHD_LL.JPG 1.5354116469970904
1792_UHD_LL.JPG 1.5351204030157533
17_UHD_LL.JPG 1.5386906519997865
1801_UHD_LL.JPG 1.5363403890223708
1808_UHD_LL.JPG 1.5277573799830861
1838_UHD_LL.JPG 1.5266295000037644
1917_UHD_LL.JPG 1.534374893992208
199_UHD_LL.JPG 1.540390205977019
1_UHD_LL.JPG 1.5316700889961794
200_UHD_LL.JPG 1.535003473982215
2017_UHD_LL.JPG 1.5338387599913403
2025_UHD_LL.JPG 1.533482587983599
2034_UHD_LL.JPG 1.5389778490061872
2042_UHD_LL.JPG 1.537190284987446
2045_UHD_LL.JPG 1.5317454239993822
204_UHD_LL.JPG 1.5374532169953454
2068_UHD_LL.JPG 1.5304475629818626
2142_UHD_LL.JPG 1.5364856920205057
2145_UHD_LL.JPG 1.5386044189799577
223_UHD_LL.JPG 1.5350289130001329
230_UHD_LL.JPG 1.5290412089962047
231_UHD_LL.JPG 1.5274706540221814
240_UHD_LL.JPG 1.5286943309765775
247_UHD_LL.JPG 1.5277214469970204
272_UHD_LL.JPG 1.5290879079839215
278_UHD_LL.JPG 1.534000156010734
286_UHD_LL.JPG 1.5368869729863945
288_UHD_LL.JPG 1.5334571890125517
28_UHD_LL.JPG 1.5393647800083272
292_UHD_LL.JPG 1.5265558420214802
29_UHD_LL.JPG 1.5401923860190436
306_UHD_LL.JPG 1.5381479540083092
345_UHD_LL.JPG 1.5338867609971203
353_UHD_LL.JPG 1.5290735680027865
371_UHD_LL.JPG 1.5274737550062127
375_UHD_LL.JPG 1.5309447690087836
385_UHD_LL.JPG 1.53946549599641
389_UHD_LL.JPG 1.5269148729857989
394_UHD_LL.JPG 1.5348891120229382
399_UHD_LL.JPG 1.5360399869969115
40_UHD_LL.JPG 1.5361165830108803
425_UHD_LL.JPG 1.5263923820166383
434_UHD_LL.JPG 1.5388042539998423
441_UHD_LL.JPG 1.5401777209772263
442_UHD_LL.JPG 1.5369716930144932
453_UHD_LL.JPG 1.531136270990828
457_UHD_LL.JPG 1.528769580007065
462_UHD_LL.JPG 1.525675004988443
47_UHD_LL.JPG 1.5309520050068386
499_UHD_LL.JPG 1.5284717050089967
507_UHD_LL.JPG 1.530044145998545
545_UHD_LL.JPG 1.5351614439859986
54_UHD_LL.JPG 1.538880567997694
584_UHD_LL.JPG 1.5280035600007977
60_UHD_LL.JPG 1.5305537660024129
627_UHD_LL.JPG 1.5386085840000305
63_UHD_LL.JPG 1.5363437549967784
649_UHD_LL.JPG 1.539847773994552
674_UHD_LL.JPG 1.5373926110041793
677_UHD_LL.JPG 1.5359979970089626
685_UHD_LL.JPG 1.533689723990392
690_UHD_LL.JPG 1.5441350979963318
692_UHD_LL.JPG 1.5274023780075368
697_UHD_LL.JPG 1.537225858977763
704_UHD_LL.JPG 1.5342007389990613
708_UHD_LL.JPG 1.539998166001169
70_UHD_LL.JPG 1.5377349210029934
720_UHD_LL.JPG 1.543237133009825
727_UHD_LL.JPG 1.5335970209853258
741_UHD_LL.JPG 1.5359913439897355
752_UHD_LL.JPG 1.5274712359823752
769_UHD_LL.JPG 1.533212463982636
771_UHD_LL.JPG 1.5275298799970187
788_UHD_LL.JPG 1.5273779559938703
7_UHD_LL.JPG 1.5325854890106712
810_UHD_LL.JPG 1.5394165879988577
869_UHD_LL.JPG 1.534805169008905
874_UHD_LL.JPG 1.533350719982991
879_UHD_LL.JPG 1.5274175759986974
890_UHD_LL.JPG 1.538834612001665
895_UHD_LL.JPG 1.5376412640034687
8_UHD_LL.JPG 1.535903526993934
914_UHD_LL.JPG 1.5377886120113544
920_UHD_LL.JPG 1.5275817750080023
945_UHD_LL.JPG 1.540233096020529
94_UHD_LL.JPG 1.5394776840112172
967_UHD_LL.JPG 1.5268791769922245
999_UHD_LL.JPG 1.5379162770113908
