[autodl] run_id=20260921-184705-ttie-t071b-official-baselines
[autodl] started_at=2026-09-21T18:47:10+08:00
low00690.png 0.996009074995527
low00691.png 0.0718898720224388
low00692.png 0.0702233689953573
low00693.png 0.07003406700096093
low00694.png 0.06803428300190717
low00695.png 0.06812029899447225
low00696.png 0.06955885398201644
low00697.png 0.06759135500760749
low00698.png 0.06944799100165255
low00699.png 0.06811231901519932
low00700.png 0.06769545300630853
low00701.png 0.06753951302380301
low00702.png 0.06761785101843998
low00703.png 0.0675645750015974
low00704.png 0.06952913900022395
low00705.png 0.06760309598757885
low00706.png 0.06763745000353083
low00707.png 0.06759577698539943
low00708.png 0.06757565899170004
low00709.png 0.06749828800093383
low00710.png 0.06758332101162523
low00711.png 0.06751858201459982
low00712.png 0.06730907098972239
low00713.png 0.06759625399718061
low00714.png 0.06753798999125138
low00715.png 0.06770569898071699
low00716.png 0.06744604100822471
low00717.png 0.06752868701005355
low00718.png 0.06629744402016513
low00719.png 0.06679025400080718
low00720.png 0.06633921799948439
low00721.png 0.06628470998839475
low00722.png 0.06635982799343765
low00723.png 0.06665066498680972
low00724.png 0.06650179999996908
low00725.png 0.06683931601583026
low00726.png 0.06681833101902157
low00727.png 0.06623770302394405
low00728.png 0.06703151398687623
low00729.png 0.06648850798956119
low00730.png 0.06641820198274218
low00731.png 0.06828719397890382
low00732.png 0.06633263899129815
low00733.png 0.06678929799818434
low00734.png 0.06761880399426445
low00735.png 0.06787520198849961
low00736.png 0.06759422301547602
low00737.png 0.06785021201358177
low00738.png 0.06760970599134453
low00739.png 0.06763149000471458
low00740.png 0.06636336402152665
low00741.png 0.06730522998259403
low00742.png 0.0675967590068467
low00743.png 0.06633019499713555
low00744.png 0.06688154299627058
low00745.png 0.06772138900123537
low00746.png 0.06719573400914669
low00747.png 0.06731865799520165
low00748.png 0.06805901200277731
low00749.png 0.06777803800650872
low00750.png 0.06805340902064927
low00751.png 0.06753310200292617
low00752.png 0.0668395170068834
low00753.png 0.06724328201380558
low00754.png 0.06687602499732748
low00755.png 0.06676571400021203
low00756.png 0.0667998059943784
low00757.png 0.06724918299005367
low00758.png 0.06853952299570665
low00759.png 0.06773558500572108
low00760.png 0.06785855698399246
low00761.png 0.06837951997295022
low00762.png 0.0675886100216303
low00763.png 0.06941950501641259
low00764.png 0.06889564101584256
low00765.png 0.06752960500307381
low00766.png 0.06871021600090899
low00767.png 0.06918202200904489
low00768.png 0.06759577800403349
low00769.png 0.0674389630148653
low00770.png 0.06747777402051724
low00771.png 0.06726574298227206
low00772.png 0.06756404900806956
low00773.png 0.06699612399097532
low00774.png 0.06684961199061945
low00775.png 0.06666253201547079
low00776.png 0.06677359601599164
low00777.png 0.06673618499189615
low00778.png 0.06661844201153144
low00779.png 0.06680310002411716
low00780.png 0.06664681300753728
low00781.png 0.0667190819804091
low00782.png 0.06740558400633745
low00783.png 0.06790312600787729
low00784.png 0.06774270601454191
low00785.png 0.06763659699936397
low00786.png 0.0675850459956564
low00787.png 0.06784330200753175
low00788.png 0.06663326697889715
low00789.png 0.06823764301952906
retinexformer FROZEN100 cffea2c485c4b7ca12a93448c5d85e705c45781d8a9de053e96239a95664e958
low00690.png 0.2588310560095124
low00691.png 0.02631857999949716
low00692.png 0.0229395049973391
low00693.png 0.02276391300256364
low00694.png 0.023733515001367778
low00695.png 0.022476957994513214
low00696.png 0.02218535798601806
low00697.png 0.022530199988977984
low00698.png 0.022582265024539083
low00699.png 0.02176305599277839
low00700.png 0.022061666008085012
low00701.png 0.02240786701440811
low00702.png 0.023132984002586454
low00703.png 0.021985748986480758
low00704.png 0.022133471007691696
low00705.png 0.022605756006669253
low00706.png 0.02199013900826685
low00707.png 0.021692083013476804
low00708.png 0.022303909994661808
low00709.png 0.022481583000626415
low00710.png 0.021610636002151296
low00711.png 0.022125494986539707
low00712.png 0.022440353001002222
low00713.png 0.022825675987405702
low00714.png 0.021886214992264286
low00715.png 0.022105966025264934
low00716.png 0.022469374001957476
low00717.png 0.02200294501380995
low00718.png 0.021662352985003963
low00719.png 0.02198396500898525
low00720.png 0.022247067012358457
low00721.png 0.021866952010896057
low00722.png 0.02248181900358759
low00723.png 0.022070761013310403
low00724.png 0.021944457985227928
low00725.png 0.021836732979863882
low00726.png 0.022244720021262765
low00727.png 0.021896348014706746
low00728.png 0.021676395001122728
low00729.png 0.022155195008963346
low00730.png 0.021733811008743942
low00731.png 0.021930118004092947
low00732.png 0.022226589993806556
low00733.png 0.02243780900607817
low00734.png 0.022067406011046842
low00735.png 0.026345956983277574
low00736.png 0.023032791999867186
low00737.png 0.022741049004253
low00738.png 0.02473801700398326
low00739.png 0.022853531991131604
low00740.png 0.022331582993501797
low00741.png 0.02404236898291856
low00742.png 0.024276428011944517
low00743.png 0.02271951499278657
low00744.png 0.022909944993443787
low00745.png 0.02492942300159484
low00746.png 0.02271979599026963
low00747.png 0.02470948698464781
low00748.png 0.022414807986933738
low00749.png 0.0249173280026298
low00750.png 0.02263530599884689
low00751.png 0.022755707992473617
low00752.png 0.02509865097817965
low00753.png 0.026486820017453283
low00754.png 0.02765547699527815
low00755.png 0.027124921994982287
low00756.png 0.02661247001378797
low00757.png 0.026138382992940024
low00758.png 0.026552316994639114
low00759.png 0.02638936700532213
low00760.png 0.02663295899401419
low00761.png 0.022147862997371703
low00762.png 0.024172371020540595
low00763.png 0.023781697993399575
low00764.png 0.022270717017818242
low00765.png 0.02211976097896695
low00766.png 0.02213717400445603
low00767.png 0.02269103701109998
low00768.png 0.022201342013431713
low00769.png 0.0219331800180953
low00770.png 0.021805121010402218
low00771.png 0.021443420002469793
low00772.png 0.021477188012795523
low00773.png 0.02154790802160278
low00774.png 0.02136941801290959
low00775.png 0.021347094007069245
low00776.png 0.02143704899935983
low00777.png 0.021589534007944167
low00778.png 0.021277176012517884
low00779.png 0.023983765015145764
low00780.png 0.022434982005506754
low00781.png 0.022485204972326756
low00782.png 0.023619126004632562
low00783.png 0.024173045996576548
low00784.png 0.022363056981703267
low00785.png 0.02638948999810964
low00786.png 0.02302439301274717
low00787.png 0.022847037005703896
low00788.png 0.02273702499223873
low00789.png 0.023163979989476502
snr_aware FROZEN100 f9b97872d87c0367a8be95e04329a682b63cad207d7ea354b4dbc7ff737a49f9
{"classification": "OFFICIAL_LOLV2_REAL_BASELINES_FROZEN", "baselines": {"retinexformer": {"images": 100, "mean_psnr": 22.795261943312983, "median_psnr": 22.910924898762914, "mean_rgb_ssim": 0.8390188289794175, "ours_minus_baseline_mean_psnr": -4.262995081885076, "ours_minus_baseline_median_psnr": -5.081350353114713, "inference_seconds": 7.682633999182144, "mean_image_seconds": 0.07682633999182144, "freeze_sha256": "cffea2c485c4b7ca12a93448c5d85e705c45781d8a9de053e96239a95664e958", "training": {"category": "target-domain paired supervised LOL-v2 Real Train checkpoint", "recipe": "Real_captured/Train/Low + Train/Normal", "upstream_validation": "Real_captured/Test/Low + Test/Normal", "limitation": "Published recipe and official checkpoint association; actual training/selection logs not available. No task-specific retraining or test tuning."}}, "snr_aware": {"images": 100, "mean_psnr": 21.365902073958065, "median_psnr": 21.5756290394475, "mean_rgb_ssim": 0.8495393435858116, "ours_minus_baseline_mean_psnr": -2.8336352125301625, "ours_minus_baseline_median_psnr": -1.7602761007121135, "inference_seconds": 2.534583340137033, "mean_image_seconds": 0.025345833401370328, "freeze_sha256": "f9b97872d87c0367a8be95e04329a682b63cad207d7ea354b4dbc7ff737a49f9", "training": {"category": "target-domain paired supervised LOL-v2 Real Train checkpoint", "recipe": "Real_captured/Train/Low + Train/Normal", "upstream_validation": "Real_captured/Train/Low + Train/Normal", "limitation": "Published recipe and official checkpoint association; actual training/selection logs not available. No task-specific retraining or test tuning."}}}, "ours": {"classification": "OFFICIAL_LOLV2_REAL_TEST_RESULT_FROZEN", "images": 100, "mean_psnr": 18.53226686142791, "median_psnr": 18.192788332030815, "mean_rgb_ssim": 0.5734772617839705, "selected_steps": {"min": 17, "median": 22.0, "max": 24, "histogram": {"17": 5, "19": 5, "20": 7, "21": 10, "22": 29, "23": 34, "24": 10}}, "ssim": {"data_range": 1.0, "window": 11, "sigma": 1.5, "K1": 0.01, "K2": 0.03, "covariance": "population", "channels": "RGB mean", "crop": 0, "padding": "reflect (half-sample symmetric)", "dtype": "float64"}, "psnr_convention": "per-image -10log10 full RGBMSE, float64 over float32[0,1]pixels, no crop/resize/outputquantization", "inference_seconds": 70.03712362400256, "mean_image_seconds": 0.7003712362400256, "output_freeze_sha256": "7b00345e2437b558f40e196eba4ce8114a50c219d24dd856c1da94c2596e32e3", "final_manifest_sha256": "e7f129d931d27531e5f6a14cd72e8c94734c474c40c3c403959cc8f5764e5ab9", "inference_reference_reads": 0, "reference_member_reads": 100, "optimizer_runs": 100, "optimizer_updates": 2700, "model_fits": 0, "completed_utc": "2026-09-21T09:23:04.674894+00:00"}, "ours_per_image_sha256": "eda432fbc802447ed273be37afba33118ceffa48a1c91925d07270446245be50", "pairs_manifest_sha256": "3fb94cbe7e81d37d719f106e5db5c144a48db062e51c3b2aa234555a1336fcfc", "ssim": {"data_range": 1.0, "window": 11, "sigma": 1.5, "K1": 0.01, "K2": 0.03, "covariance": "population", "channels": "RGB mean", "crop": 0, "padding": "reflect (half-sample symmetric)", "dtype": "float64"}, "reference_member_reads": 100, "inference_reference_reads": 0, "model_fits": 0, "optimizer_runs": 0, "completed_utc": "2026-09-21T10:47:49.335289+00:00"}
Independent verifier PASS 7.105427357601002e-15
[autodl] finished_at=2026-09-21T18:48:10+08:00
[autodl] exit_code=0
