[autodl] run_id=20260914-075823-ttie-t025a-oracle
[autodl] started_at=2026-09-14T07:58:28+08:00
/home/wenchang/anaconda3/envs/python3.12-tk2-2.3/lib/python3.12/site-packages/torch/cuda/__init__.py:654: UserWarning: Can't initialize NVML
  warnings.warn("Can't initialize NVML")
REFERENCE_ORACLE_ONLY 1/100 winner=T022C_selected step=500 delta_psnr=1.3351 seconds=11.68
REFERENCE_ORACLE_ONLY 2/100 winner=T022C_selected step=500 delta_psnr=1.5738 seconds=10.91
REFERENCE_ORACLE_ONLY 3/100 winner=T022C_selected step=138 delta_psnr=1.0085 seconds=11.70
REFERENCE_ORACLE_ONLY 4/100 winner=T022C_selected step=183 delta_psnr=3.6592 seconds=11.65
REFERENCE_ORACLE_ONLY 5/100 winner=T022C_selected step=500 delta_psnr=5.6595 seconds=11.83
REFERENCE_ORACLE_ONLY 6/100 winner=T022C_selected step=500 delta_psnr=2.3245 seconds=11.77
REFERENCE_ORACLE_ONLY 7/100 winner=T022C_selected step=500 delta_psnr=7.4719 seconds=11.70
REFERENCE_ORACLE_ONLY 8/100 winner=T022C_selected step=500 delta_psnr=5.2216 seconds=11.95
REFERENCE_ORACLE_ONLY 9/100 winner=T022C_selected step=262 delta_psnr=1.0100 seconds=11.94
REFERENCE_ORACLE_ONLY 10/100 winner=T022C_selected step=500 delta_psnr=0.7035 seconds=11.74
REFERENCE_ORACLE_ONLY 11/100 winner=T022C_selected step=500 delta_psnr=1.1126 seconds=11.96
REFERENCE_ORACLE_ONLY 12/100 winner=T022C_selected step=500 delta_psnr=2.9924 seconds=11.99
REFERENCE_ORACLE_ONLY 13/100 winner=T022C_selected step=500 delta_psnr=1.2526 seconds=11.96
REFERENCE_ORACLE_ONLY 14/100 winner=T022C_selected step=500 delta_psnr=1.6733 seconds=11.95
REFERENCE_ORACLE_ONLY 15/100 winner=T022C_selected step=500 delta_psnr=5.9982 seconds=11.98
REFERENCE_ORACLE_ONLY 16/100 winner=T022C_selected step=500 delta_psnr=4.9870 seconds=11.97
REFERENCE_ORACLE_ONLY 17/100 winner=T022C_selected step=500 delta_psnr=0.6760 seconds=11.94
REFERENCE_ORACLE_ONLY 18/100 winner=identity step=7 delta_psnr=1.2849 seconds=11.88
REFERENCE_ORACLE_ONLY 19/100 winner=T022C_selected step=361 delta_psnr=9.6330 seconds=11.83
REFERENCE_ORACLE_ONLY 20/100 winner=T022C_selected step=227 delta_psnr=1.8398 seconds=11.85
REFERENCE_ORACLE_ONLY 21/100 winner=T022C_selected step=500 delta_psnr=2.0473 seconds=11.73
REFERENCE_ORACLE_ONLY 22/100 winner=T022C_selected step=500 delta_psnr=1.5905 seconds=11.63
REFERENCE_ORACLE_ONLY 23/100 winner=identity step=282 delta_psnr=1.5753 seconds=11.89
REFERENCE_ORACLE_ONLY 24/100 winner=T022C_selected step=500 delta_psnr=3.0024 seconds=11.90
REFERENCE_ORACLE_ONLY 25/100 winner=T022C_selected step=180 delta_psnr=1.6885 seconds=11.75
REFERENCE_ORACLE_ONLY 26/100 winner=T022C_selected step=500 delta_psnr=2.5856 seconds=11.86
REFERENCE_ORACLE_ONLY 27/100 winner=T022C_selected step=500 delta_psnr=4.2470 seconds=11.97
REFERENCE_ORACLE_ONLY 28/100 winner=identity step=7 delta_psnr=1.6784 seconds=11.74
REFERENCE_ORACLE_ONLY 29/100 winner=T022C_selected step=500 delta_psnr=2.2317 seconds=11.80
REFERENCE_ORACLE_ONLY 30/100 winner=T022C_selected step=500 delta_psnr=3.9548 seconds=11.88
REFERENCE_ORACLE_ONLY 31/100 winner=T022C_selected step=500 delta_psnr=2.3564 seconds=11.94
REFERENCE_ORACLE_ONLY 32/100 winner=T022C_selected step=500 delta_psnr=1.1754 seconds=11.91
REFERENCE_ORACLE_ONLY 33/100 winner=T022C_selected step=500 delta_psnr=2.2468 seconds=11.81
REFERENCE_ORACLE_ONLY 34/100 winner=identity step=185 delta_psnr=1.3734 seconds=11.73
REFERENCE_ORACLE_ONLY 35/100 winner=T022C_selected step=500 delta_psnr=6.1970 seconds=11.71
REFERENCE_ORACLE_ONLY 36/100 winner=identity step=7 delta_psnr=1.0854 seconds=11.90
REFERENCE_ORACLE_ONLY 37/100 winner=identity step=319 delta_psnr=2.0677 seconds=11.76
REFERENCE_ORACLE_ONLY 38/100 winner=T022C_selected step=500 delta_psnr=5.3155 seconds=11.86
REFERENCE_ORACLE_ONLY 39/100 winner=T022C_selected step=500 delta_psnr=0.7989 seconds=11.86
REFERENCE_ORACLE_ONLY 40/100 winner=T022C_selected step=500 delta_psnr=3.4482 seconds=11.76
REFERENCE_ORACLE_ONLY 41/100 winner=T022C_selected step=500 delta_psnr=2.3029 seconds=11.74
REFERENCE_ORACLE_ONLY 42/100 winner=T022C_selected step=500 delta_psnr=8.2511 seconds=11.91
REFERENCE_ORACLE_ONLY 43/100 winner=T022C_selected step=500 delta_psnr=3.3501 seconds=11.87
REFERENCE_ORACLE_ONLY 44/100 winner=T022C_selected step=500 delta_psnr=6.6870 seconds=11.89
REFERENCE_ORACLE_ONLY 45/100 winner=T022C_selected step=500 delta_psnr=1.2835 seconds=11.76
REFERENCE_ORACLE_ONLY 46/100 winner=T022C_selected step=500 delta_psnr=1.7011 seconds=11.72
REFERENCE_ORACLE_ONLY 47/100 winner=T022C_selected step=500 delta_psnr=13.7681 seconds=11.84
REFERENCE_ORACLE_ONLY 48/100 winner=T022C_selected step=184 delta_psnr=3.0397 seconds=11.81
REFERENCE_ORACLE_ONLY 49/100 winner=identity step=7 delta_psnr=1.5462 seconds=11.82
REFERENCE_ORACLE_ONLY 50/100 winner=identity step=214 delta_psnr=1.8969 seconds=11.89
REFERENCE_ORACLE_ONLY 51/100 winner=identity step=7 delta_psnr=1.0992 seconds=11.89
REFERENCE_ORACLE_ONLY 52/100 winner=T022C_selected step=500 delta_psnr=2.8757 seconds=11.88
REFERENCE_ORACLE_ONLY 53/100 winner=T022C_selected step=500 delta_psnr=2.3645 seconds=11.87
REFERENCE_ORACLE_ONLY 54/100 winner=T022C_selected step=500 delta_psnr=4.7068 seconds=11.96
REFERENCE_ORACLE_ONLY 55/100 winner=T022C_selected step=500 delta_psnr=4.2725 seconds=11.93
REFERENCE_ORACLE_ONLY 56/100 winner=T022C_selected step=500 delta_psnr=2.3870 seconds=11.90
REFERENCE_ORACLE_ONLY 57/100 winner=identity step=7 delta_psnr=3.1066 seconds=11.69
REFERENCE_ORACLE_ONLY 58/100 winner=identity step=7 delta_psnr=1.0803 seconds=12.06
REFERENCE_ORACLE_ONLY 59/100 winner=T022C_selected step=500 delta_psnr=3.7867 seconds=11.94
REFERENCE_ORACLE_ONLY 60/100 winner=T022C_selected step=204 delta_psnr=4.9801 seconds=11.89
REFERENCE_ORACLE_ONLY 61/100 winner=T022C_selected step=500 delta_psnr=2.5276 seconds=11.97
REFERENCE_ORACLE_ONLY 62/100 winner=identity step=491 delta_psnr=11.4356 seconds=11.83
REFERENCE_ORACLE_ONLY 63/100 winner=T022C_selected step=200 delta_psnr=1.6770 seconds=11.97
REFERENCE_ORACLE_ONLY 64/100 winner=T022C_selected step=500 delta_psnr=1.8596 seconds=11.98
REFERENCE_ORACLE_ONLY 65/100 winner=T022C_selected step=283 delta_psnr=13.7090 seconds=11.81
REFERENCE_ORACLE_ONLY 66/100 winner=T022C_selected step=500 delta_psnr=1.0368 seconds=11.81
REFERENCE_ORACLE_ONLY 67/100 winner=identity step=7 delta_psnr=0.8729 seconds=11.92
REFERENCE_ORACLE_ONLY 68/100 winner=T022C_selected step=183 delta_psnr=1.1020 seconds=11.92
REFERENCE_ORACLE_ONLY 69/100 winner=T022C_selected step=500 delta_psnr=6.0026 seconds=11.96
REFERENCE_ORACLE_ONLY 70/100 winner=T022C_selected step=500 delta_psnr=1.4009 seconds=11.85
REFERENCE_ORACLE_ONLY 71/100 winner=T022C_selected step=500 delta_psnr=7.2191 seconds=11.93
REFERENCE_ORACLE_ONLY 72/100 winner=T022C_selected step=500 delta_psnr=3.7363 seconds=11.97
REFERENCE_ORACLE_ONLY 73/100 winner=T022C_selected step=232 delta_psnr=0.8299 seconds=11.86
REFERENCE_ORACLE_ONLY 74/100 winner=identity step=7 delta_psnr=1.3439 seconds=11.93
REFERENCE_ORACLE_ONLY 75/100 winner=T022C_selected step=500 delta_psnr=8.2249 seconds=11.94
REFERENCE_ORACLE_ONLY 76/100 winner=T022C_selected step=235 delta_psnr=12.0636 seconds=11.94
REFERENCE_ORACLE_ONLY 77/100 winner=identity step=7 delta_psnr=1.3811 seconds=11.83
REFERENCE_ORACLE_ONLY 78/100 winner=T022C_selected step=500 delta_psnr=3.4677 seconds=11.94
REFERENCE_ORACLE_ONLY 79/100 winner=T022C_selected step=500 delta_psnr=9.8494 seconds=12.00
REFERENCE_ORACLE_ONLY 80/100 winner=T022C_selected step=500 delta_psnr=1.1433 seconds=11.88
REFERENCE_ORACLE_ONLY 81/100 winner=identity step=7 delta_psnr=1.7687 seconds=12.03
REFERENCE_ORACLE_ONLY 82/100 winner=T022C_selected step=500 delta_psnr=3.9970 seconds=11.91
REFERENCE_ORACLE_ONLY 83/100 winner=T022C_selected step=500 delta_psnr=4.8161 seconds=12.01
REFERENCE_ORACLE_ONLY 84/100 winner=T022C_selected step=500 delta_psnr=1.9917 seconds=11.87
REFERENCE_ORACLE_ONLY 85/100 winner=T022C_selected step=500 delta_psnr=1.4243 seconds=11.99
REFERENCE_ORACLE_ONLY 86/100 winner=T022C_selected step=500 delta_psnr=3.4423 seconds=11.97
REFERENCE_ORACLE_ONLY 87/100 winner=identity step=7 delta_psnr=1.2860 seconds=11.87
REFERENCE_ORACLE_ONLY 88/100 winner=T022C_selected step=500 delta_psnr=3.3931 seconds=11.64
REFERENCE_ORACLE_ONLY 89/100 winner=T022C_selected step=500 delta_psnr=6.5710 seconds=11.43
REFERENCE_ORACLE_ONLY 90/100 winner=T022C_selected step=500 delta_psnr=1.2111 seconds=11.45
REFERENCE_ORACLE_ONLY 91/100 winner=identity step=7 delta_psnr=4.2315 seconds=11.90
REFERENCE_ORACLE_ONLY 92/100 winner=T022C_selected step=500 delta_psnr=2.6349 seconds=11.99
REFERENCE_ORACLE_ONLY 93/100 winner=T022C_selected step=500 delta_psnr=2.7820 seconds=11.85
REFERENCE_ORACLE_ONLY 94/100 winner=T022C_selected step=500 delta_psnr=0.7758 seconds=11.96
REFERENCE_ORACLE_ONLY 95/100 winner=T022C_selected step=500 delta_psnr=0.4712 seconds=11.86
REFERENCE_ORACLE_ONLY 96/100 winner=T022C_selected step=500 delta_psnr=2.4462 seconds=11.99
REFERENCE_ORACLE_ONLY 97/100 winner=T022C_selected step=500 delta_psnr=2.2292 seconds=11.81
REFERENCE_ORACLE_ONLY 98/100 winner=T022C_selected step=500 delta_psnr=3.4756 seconds=11.89
REFERENCE_ORACLE_ONLY 99/100 winner=T022C_selected step=500 delta_psnr=0.5434 seconds=11.78
REFERENCE_ORACLE_ONLY 100/100 winner=T022C_selected step=500 delta_psnr=4.6976 seconds=11.96
REFERENCE_ORACLE_ONLY all100 complete; no deployable state changed
{"label": "REFERENCE_ORACLE_ONLY", "status": "oracle ceiling measured", "pairs": 100, "aggregates": {"raw": {"psnr": {"mean": 8.109722671657906, "median": 7.600161540858166, "p10": 5.614712058102572, "p90": 11.325265016767327}, "ssim": {"mean": 0.1600228434803769, "median": 0.13897726549987016, "p10": 0.058135681528556214, "p90": 0.2518230726709055}}, "selected": {"psnr": {"mean": 10.229554025363404, "median": 9.650373829782268, "p10": 6.782460752797373, "p90": 14.190038810036947}, "ssim": {"mean": 0.32823147766129135, "median": 0.3002515375673881, "p10": 0.09792127233345782, "p90": 0.6069618657880054}}, "oracle": {"psnr": {"mean": 13.545967045019493, "median": 12.351664556203367, "p10": 7.95958628565043, "p90": 20.342644271232018}, "ssim": {"mean": 0.3840524849210327, "median": 0.38932858377414903, "p10": 0.10795968498869643, "p90": 0.6628417717927413}}}, "paired_oracle_minus_T022C": {"psnr": {"mean": 3.31641301965609, "median": 2.3404464245973324, "p10": 1.0341320631076794, "p90": 6.74019789015165}, "ssim": {"mean": 0.05582100725974135, "median": 0.054811715148712636, "p10": -0.006111037236114934, "p90": 0.11477978544348734}}, "start_wins": {"T022C_selected": 82, "identity": 18}, "step_histograms": {"best_step": {"7": 13, "138": 1, "180": 1, "183": 2, "184": 1, "185": 1, "200": 1, "204": 1, "214": 1, "227": 1, "232": 1, "235": 1, "262": 1, "282": 1, "283": 1, "319": 1, "361": 1, "491": 1, "500": 69}, "identity_best_step": {"7": 13, "185": 1, "186": 1, "189": 1, "206": 1, "207": 1, "210": 1, "214": 1, "217": 1, "243": 1, "250": 1, "255": 1, "264": 1, "282": 1, "309": 1, "319": 1, "352": 1, "491": 1, "496": 1, "500": 69}, "selected_best_step": {"14": 13, "138": 1, "162": 1, "180": 1, "183": 2, "184": 1, "200": 1, "204": 1, "205": 1, "227": 1, "232": 1, "235": 1, "240": 1, "262": 1, "283": 1, "293": 1, "361": 1, "382": 1, "500": 69}, "final_step_all_starts": {"500": 200}}, "saturation": {"ev_lower_active_count": {"count": 0, "denominator": 392, "fraction": 0.0}, "ev_lower_all_count": {"count": 8, "denominator": 400, "fraction": 0.02}, "ev_upper_active_count": {"count": 86, "denominator": 392, "fraction": 0.2193877551020408}, "ev_upper_all_count": {"count": 94, "denominator": 400, "fraction": 0.235}, "ev_either_active_count": {"count": 86, "denominator": 392, "fraction": 0.2193877551020408}, "ev_either_all_count": {"count": 94, "denominator": 400, "fraction": 0.235}, "gamma_lower_active_count": {"count": 388, "denominator": 392, "fraction": 0.9897959183673469}, "gamma_lower_all_count": {"count": 396, "denominator": 400, "fraction": 0.99}, "gamma_upper_active_count": {"count": 0, "denominator": 392, "fraction": 0.0}, "gamma_upper_all_count": {"count": 8, "denominator": 400, "fraction": 0.02}, "gamma_either_active_count": {"count": 388, "denominator": 392, "fraction": 0.9897959183673469}, "gamma_either_all_count": {"count": 396, "denominator": 400, "fraction": 0.99}}, "active_regions": 392, "inactive_regions": 8, "images_ssim_worse": 18, "images_psnr_improved": 100, "reproduction_max_abs": 0.0, "runtime_seconds": {"mean": 11.852396917241858, "median": 11.881877557490952, "p10": 11.71261933291098, "p90": 11.974915596091886}, "interpretation": "Fixed two-start local oracle search measures demonstrated reachability, not a certified global optimum or deployable enhancement result. MSE optimization need not improve SSIM on every image."}
[autodl] finished_at=2026-09-14T08:18:16+08:00
[autodl] exit_code=0
