[autodl] run_id=20260914-163238-ttie-t028a-oracle
[autodl] started_at=2026-09-14T16:32:44+08:00
/home/wenchang/anaconda3/envs/python3.12-tk2-2.3/lib/python3.12/site-packages/torch/cuda/__init__.py:654: UserWarning: Can't initialize NVML
  warnings.warn("Can't initialize NVML")
REFERENCE_ORACLE_ONLY 1/100 winner=T026A_selected step=500 seconds=12.16
REFERENCE_ORACLE_ONLY 2/100 winner=T026A_selected step=500 seconds=11.53
REFERENCE_ORACLE_ONLY 3/100 winner=T026A_selected step=500 seconds=11.85
REFERENCE_ORACLE_ONLY 4/100 winner=T026A_selected step=500 seconds=11.71
REFERENCE_ORACLE_ONLY 5/100 winner=T026A_selected step=500 seconds=11.69
REFERENCE_ORACLE_ONLY 6/100 winner=T026A_selected step=500 seconds=11.67
REFERENCE_ORACLE_ONLY 7/100 winner=T026A_selected step=500 seconds=11.89
REFERENCE_ORACLE_ONLY 8/100 winner=T026A_selected step=500 seconds=11.55
REFERENCE_ORACLE_ONLY 9/100 winner=T026A_selected step=500 seconds=11.51
REFERENCE_ORACLE_ONLY 10/100 winner=T026A_selected step=500 seconds=11.39
REFERENCE_ORACLE_ONLY 11/100 winner=T026A_selected step=500 seconds=11.36
REFERENCE_ORACLE_ONLY 12/100 winner=T026A_selected step=500 seconds=11.02
REFERENCE_ORACLE_ONLY 13/100 winner=T026A_selected step=500 seconds=11.21
REFERENCE_ORACLE_ONLY 14/100 winner=T026A_selected step=500 seconds=11.15
REFERENCE_ORACLE_ONLY 15/100 winner=T026A_selected step=500 seconds=10.15
REFERENCE_ORACLE_ONLY 16/100 winner=T026A_selected step=500 seconds=7.91
REFERENCE_ORACLE_ONLY 17/100 winner=T026A_selected step=500 seconds=8.30
REFERENCE_ORACLE_ONLY 18/100 winner=identity step=500 seconds=11.18
REFERENCE_ORACLE_ONLY 19/100 winner=T026A_selected step=362 seconds=11.58
REFERENCE_ORACLE_ONLY 20/100 winner=T026A_selected step=500 seconds=11.23
REFERENCE_ORACLE_ONLY 21/100 winner=T026A_selected step=500 seconds=11.19
REFERENCE_ORACLE_ONLY 22/100 winner=T026A_selected step=500 seconds=11.52
REFERENCE_ORACLE_ONLY 23/100 winner=T026A_selected step=500 seconds=11.49
REFERENCE_ORACLE_ONLY 24/100 winner=T026A_selected step=500 seconds=11.50
REFERENCE_ORACLE_ONLY 25/100 winner=T026A_selected step=500 seconds=11.67
REFERENCE_ORACLE_ONLY 26/100 winner=T026A_selected step=500 seconds=11.19
REFERENCE_ORACLE_ONLY 27/100 winner=T026A_selected step=500 seconds=11.22
REFERENCE_ORACLE_ONLY 28/100 winner=identity step=500 seconds=11.38
REFERENCE_ORACLE_ONLY 29/100 winner=T026A_selected step=500 seconds=11.46
REFERENCE_ORACLE_ONLY 30/100 winner=T026A_selected step=500 seconds=11.59
REFERENCE_ORACLE_ONLY 31/100 winner=T026A_selected step=500 seconds=11.50
REFERENCE_ORACLE_ONLY 32/100 winner=T026A_selected step=500 seconds=11.49
REFERENCE_ORACLE_ONLY 33/100 winner=T026A_selected step=500 seconds=11.66
REFERENCE_ORACLE_ONLY 34/100 winner=T026A_selected step=500 seconds=10.98
REFERENCE_ORACLE_ONLY 35/100 winner=T026A_selected step=500 seconds=11.02
REFERENCE_ORACLE_ONLY 36/100 winner=identity step=500 seconds=11.03
REFERENCE_ORACLE_ONLY 37/100 winner=T026A_selected step=500 seconds=11.03
REFERENCE_ORACLE_ONLY 38/100 winner=T026A_selected step=499 seconds=10.87
REFERENCE_ORACLE_ONLY 39/100 winner=T026A_selected step=500 seconds=10.85
REFERENCE_ORACLE_ONLY 40/100 winner=T026A_selected step=500 seconds=10.37
REFERENCE_ORACLE_ONLY 41/100 winner=T026A_selected step=500 seconds=9.46
REFERENCE_ORACLE_ONLY 42/100 winner=T026A_selected step=500 seconds=10.88
REFERENCE_ORACLE_ONLY 43/100 winner=T026A_selected step=500 seconds=10.88
REFERENCE_ORACLE_ONLY 44/100 winner=T026A_selected step=500 seconds=11.02
REFERENCE_ORACLE_ONLY 45/100 winner=T026A_selected step=500 seconds=10.89
REFERENCE_ORACLE_ONLY 46/100 winner=T026A_selected step=500 seconds=10.99
REFERENCE_ORACLE_ONLY 47/100 winner=T026A_selected step=500 seconds=11.02
REFERENCE_ORACLE_ONLY 48/100 winner=identity step=500 seconds=11.03
REFERENCE_ORACLE_ONLY 49/100 winner=identity step=500 seconds=11.03
REFERENCE_ORACLE_ONLY 50/100 winner=T026A_selected step=500 seconds=10.94
REFERENCE_ORACLE_ONLY 51/100 winner=identity step=500 seconds=10.59
REFERENCE_ORACLE_ONLY 52/100 winner=T026A_selected step=500 seconds=10.89
REFERENCE_ORACLE_ONLY 53/100 winner=T026A_selected step=500 seconds=10.88
REFERENCE_ORACLE_ONLY 54/100 winner=T026A_selected step=500 seconds=10.88
REFERENCE_ORACLE_ONLY 55/100 winner=T026A_selected step=500 seconds=10.91
REFERENCE_ORACLE_ONLY 56/100 winner=T026A_selected step=500 seconds=10.96
REFERENCE_ORACLE_ONLY 57/100 winner=identity step=500 seconds=10.30
REFERENCE_ORACLE_ONLY 58/100 winner=T026A_selected step=500 seconds=11.11
REFERENCE_ORACLE_ONLY 59/100 winner=T026A_selected step=500 seconds=11.12
REFERENCE_ORACLE_ONLY 60/100 winner=identity step=208 seconds=11.30
REFERENCE_ORACLE_ONLY 61/100 winner=T026A_selected step=500 seconds=11.00
REFERENCE_ORACLE_ONLY 62/100 winner=T026A_selected step=499 seconds=11.08
REFERENCE_ORACLE_ONLY 63/100 winner=T026A_selected step=500 seconds=11.01
REFERENCE_ORACLE_ONLY 64/100 winner=T026A_selected step=500 seconds=10.97
REFERENCE_ORACLE_ONLY 65/100 winner=T026A_selected step=500 seconds=10.97
REFERENCE_ORACLE_ONLY 66/100 winner=T026A_selected step=500 seconds=10.93
REFERENCE_ORACLE_ONLY 67/100 winner=identity step=500 seconds=11.26
REFERENCE_ORACLE_ONLY 68/100 winner=T026A_selected step=500 seconds=11.50
REFERENCE_ORACLE_ONLY 69/100 winner=T026A_selected step=500 seconds=10.45
REFERENCE_ORACLE_ONLY 70/100 winner=T026A_selected step=500 seconds=9.53
REFERENCE_ORACLE_ONLY 71/100 winner=T026A_selected step=500 seconds=11.51
REFERENCE_ORACLE_ONLY 72/100 winner=T026A_selected step=500 seconds=11.67
REFERENCE_ORACLE_ONLY 73/100 winner=T026A_selected step=500 seconds=11.55
REFERENCE_ORACLE_ONLY 74/100 winner=identity step=500 seconds=11.60
REFERENCE_ORACLE_ONLY 75/100 winner=T026A_selected step=500 seconds=11.62
REFERENCE_ORACLE_ONLY 76/100 winner=T026A_selected step=298 seconds=11.35
REFERENCE_ORACLE_ONLY 77/100 winner=T026A_selected step=500 seconds=11.33
REFERENCE_ORACLE_ONLY 78/100 winner=T026A_selected step=500 seconds=11.13
REFERENCE_ORACLE_ONLY 79/100 winner=T026A_selected step=500 seconds=11.52
REFERENCE_ORACLE_ONLY 80/100 winner=T026A_selected step=500 seconds=11.41
REFERENCE_ORACLE_ONLY 81/100 winner=identity step=500 seconds=11.25
REFERENCE_ORACLE_ONLY 82/100 winner=T026A_selected step=500 seconds=11.37
REFERENCE_ORACLE_ONLY 83/100 winner=T026A_selected step=500 seconds=11.59
REFERENCE_ORACLE_ONLY 84/100 winner=T026A_selected step=500 seconds=11.61
REFERENCE_ORACLE_ONLY 85/100 winner=T026A_selected step=500 seconds=11.53
REFERENCE_ORACLE_ONLY 86/100 winner=T026A_selected step=500 seconds=11.59
REFERENCE_ORACLE_ONLY 87/100 winner=identity step=500 seconds=11.47
REFERENCE_ORACLE_ONLY 88/100 winner=T026A_selected step=500 seconds=11.54
REFERENCE_ORACLE_ONLY 89/100 winner=T026A_selected step=500 seconds=11.53
REFERENCE_ORACLE_ONLY 90/100 winner=T026A_selected step=500 seconds=11.52
REFERENCE_ORACLE_ONLY 91/100 winner=identity step=461 seconds=11.59
REFERENCE_ORACLE_ONLY 92/100 winner=T026A_selected step=500 seconds=11.44
REFERENCE_ORACLE_ONLY 93/100 winner=T026A_selected step=500 seconds=11.40
REFERENCE_ORACLE_ONLY 94/100 winner=T026A_selected step=500 seconds=11.64
REFERENCE_ORACLE_ONLY 95/100 winner=T026A_selected step=500 seconds=11.52
REFERENCE_ORACLE_ONLY 96/100 winner=T026A_selected step=500 seconds=11.43
REFERENCE_ORACLE_ONLY 97/100 winner=T026A_selected step=500 seconds=11.50
REFERENCE_ORACLE_ONLY 98/100 winner=T026A_selected step=500 seconds=11.48
REFERENCE_ORACLE_ONLY 99/100 winner=T026A_selected step=500 seconds=11.56
REFERENCE_ORACLE_ONLY 100/100 winner=T026A_selected step=500 seconds=11.61
FROZEN100oracleoutputs/200histories; PSNR/SSIM not yet computed
Postfreeze scoring and independent metric checks PASS
{"label": "REFERENCE_ORACLE_ONLY", "status": "oracle ceiling measured", "pairs": 100, "aggregates": {"raw": {"psnr": {"mean": 8.109722671657906, "median": 7.600161540858166, "p10": 5.614712058102572, "p90": 11.325265016767327}, "ssim": {"mean": 0.1600228434803769, "median": 0.13897726549987016, "p10": 0.058135681528556214, "p90": 0.2518230726709055}}, "selected": {"psnr": {"mean": 11.120876417349557, "median": 10.607319298785859, "p10": 6.816695624968695, "p90": 15.191372106291052}, "ssim": {"mean": 0.3737918251517076, "median": 0.367924983123891, "p10": 0.10265065004366769, "p90": 0.6617588934775271}}, "oracle": {"psnr": {"mean": 17.459991778211897, "median": 16.342409074030474, "p10": 10.270362404263528, "p90": 26.202766074073427}, "ssim": {"mean": 0.4317158297906113, "median": 0.4804010061075191, "p10": 0.0935633975211453, "p90": 0.7366347138190348}}}, "paired_oracle_minus_T026A": {"psnr": {"mean": 6.339115360862341, "median": 5.771085392614673, "p10": 2.3934117900308354, "p90": 11.658975863782027}, "ssim": {"mean": 0.0579240046389037, "median": 0.05032664404185725, "p10": -0.020611525125303225, "p90": 0.1446116665643302}}, "start_wins": {"T026A_selected": 87, "identity": 13}, "step_histograms": {"best_step": {"208": 1, "298": 1, "362": 1, "461": 1, "499": 2, "500": 94}, "identity_best_step": {"192": 1, "208": 1, "461": 1, "500": 97}, "selected_best_step": {"202": 1, "298": 1, "362": 1, "487": 1, "499": 2, "500": 94}, "final_step_all_starts": {"500": 200}}, "saturation": {"ev_lower_active_count": {"count": 7, "denominator": 392, "fraction": 0.017857142857142856}, "ev_lower_inactive_count": {"count": 8, "denominator": 8, "fraction": 1.0}, "ev_lower_all_count": {"count": 15, "denominator": 400, "fraction": 0.0375}, "ev_upper_active_count": {"count": 75, "denominator": 392, "fraction": 0.1913265306122449}, "ev_upper_inactive_count": {"count": 8, "denominator": 8, "fraction": 1.0}, "ev_upper_all_count": {"count": 83, "denominator": 400, "fraction": 0.2075}, "ev_either_active_count": {"count": 82, "denominator": 392, "fraction": 0.20918367346938777}, "ev_either_inactive_count": {"count": 8, "denominator": 8, "fraction": 1.0}, "ev_either_all_count": {"count": 90, "denominator": 400, "fraction": 0.225}, "gamma_lower_active_count": {"count": 0, "denominator": 392, "fraction": 0.0}, "gamma_lower_inactive_count": {"count": 8, "denominator": 8, "fraction": 1.0}, "gamma_lower_all_count": {"count": 8, "denominator": 400, "fraction": 0.02}, "gamma_upper_active_count": {"count": 0, "denominator": 392, "fraction": 0.0}, "gamma_upper_inactive_count": {"count": 8, "denominator": 8, "fraction": 1.0}, "gamma_upper_all_count": {"count": 8, "denominator": 400, "fraction": 0.02}, "gamma_either_active_count": {"count": 0, "denominator": 392, "fraction": 0.0}, "gamma_either_inactive_count": {"count": 8, "denominator": 8, "fraction": 1.0}, "gamma_either_all_count": {"count": 8, "denominator": 400, "fraction": 0.02}}, "active_regions": 392, "inactive_regions": 8, "images_ssim_worse": 18, "images_psnr_improved": 100, "reproduction_max_abs": 0.0, "runtime_seconds": {"mean": 11.177044569157296, "median": 11.3434069645009, "p10": 10.864516698481747, "p90": 11.621524873602903}, "interpretation": "Fixed two-start local oracle search measures demonstrated reachability, not a certified global optimum or deployable enhancement result. MSE optimization need not improve SSIM on every image.", "classification": "substantial within-family headroom"}
[autodl] finished_at=2026-09-14T16:52:08+08:00
[autodl] exit_code=0
