[autodl] run_id=20260915-133153-ttie-t042a-stage-b
[autodl] started_at=2026-09-15T13:31:59+08:00
/home/wenchang/anaconda3/envs/python3.12-tk2-2.3/lib/python3.12/site-packages/torch/cuda/__init__.py:654: UserWarning: Can't initialize NVML
  warnings.warn("Can't initialize NVML")
1/100 reference gradients
2/100 reference gradients
3/100 reference gradients
4/100 reference gradients
5/100 reference gradients
6/100 reference gradients
7/100 reference gradients
8/100 reference gradients
9/100 reference gradients
10/100 reference gradients
11/100 reference gradients
12/100 reference gradients
13/100 reference gradients
14/100 reference gradients
15/100 reference gradients
16/100 reference gradients
17/100 reference gradients
18/100 reference gradients
19/100 reference gradients
20/100 reference gradients
21/100 reference gradients
22/100 reference gradients
23/100 reference gradients
24/100 reference gradients
25/100 reference gradients
26/100 reference gradients
27/100 reference gradients
28/100 reference gradients
29/100 reference gradients
30/100 reference gradients
31/100 reference gradients
32/100 reference gradients
33/100 reference gradients
34/100 reference gradients
35/100 reference gradients
36/100 reference gradients
37/100 reference gradients
38/100 reference gradients
39/100 reference gradients
40/100 reference gradients
41/100 reference gradients
42/100 reference gradients
43/100 reference gradients
44/100 reference gradients
45/100 reference gradients
46/100 reference gradients
47/100 reference gradients
48/100 reference gradients
49/100 reference gradients
50/100 reference gradients
51/100 reference gradients
52/100 reference gradients
53/100 reference gradients
54/100 reference gradients
55/100 reference gradients
56/100 reference gradients
57/100 reference gradients
58/100 reference gradients
59/100 reference gradients
60/100 reference gradients
61/100 reference gradients
62/100 reference gradients
63/100 reference gradients
64/100 reference gradients
65/100 reference gradients
66/100 reference gradients
67/100 reference gradients
68/100 reference gradients
69/100 reference gradients
70/100 reference gradients
71/100 reference gradients
72/100 reference gradients
73/100 reference gradients
74/100 reference gradients
75/100 reference gradients
76/100 reference gradients
77/100 reference gradients
78/100 reference gradients
79/100 reference gradients
80/100 reference gradients
81/100 reference gradients
82/100 reference gradients
83/100 reference gradients
84/100 reference gradients
85/100 reference gradients
86/100 reference gradients
87/100 reference gradients
88/100 reference gradients
89/100 reference gradients
90/100 reference gradients
91/100 reference gradients
92/100 reference gradients
93/100 reference gradients
94/100 reference gradients
95/100 reference gradients
96/100 reference gradients
97/100 reference gradients
98/100 reference gradients
99/100 reference gradients
100/100 reference gradients
{"label": "REFERENCE_GRADIENT_DIAGNOSTIC_ONLY", "audited_states": 100, "legacy_step": 10, "fixed_gain": 1.75, "groups": {"legacy": {"count": 100, "nondegenerate": 100, "cosine_mean": 0.604909439989705, "cosine_median": 0.686960501945299, "cosine_p10": 0.16021631029698016, "cosine_p90": 0.8704883582724828, "positive_dot_fraction": 0.94, "energy_zero_fraction": 0.0, "reference_zero_fraction": 0.0, "either_zero_fraction": 0.0, "energy_norm_median": 1.3226577478364607, "reference_norm_median": 0.07843297689197082, "dot_median": 0.07198211326246398}, "gain": {"count": 100, "nondegenerate": 100, "cosine_mean": 0.3682658374408223, "cosine_median": 0.5351152705812443, "cosine_p10": -0.49480268584671194, "cosine_p90": 0.8370912978278132, "positive_dot_fraction": 0.78, "energy_zero_fraction": 0.0, "reference_zero_fraction": 0.0, "either_zero_fraction": 0.0, "energy_norm_median": 0.0922834894789647, "reference_norm_median": 0.010142245568846006, "dot_median": 0.0006701513862604701}, "total": {"count": 100, "nondegenerate": 100, "cosine_mean": 0.6016876204659201, "cosine_median": 0.6852765438996968, "cosine_p10": 0.15813838259828694, "cosine_p90": 0.8655319092193091, "positive_dot_fraction": 0.94, "energy_zero_fraction": 0.0, "reference_zero_fraction": 0.0, "either_zero_fraction": 0.0, "energy_norm_median": 1.324673343999573, "reference_norm_median": 0.0792492350379514, "dot_median": 0.07295877857325453}}, "baselines": {"selected": {"path": "research_log/T041A_result/stage_b/summary.json", "sha256": "6c715fe80b79f421901f9ca448a2d5b42e99f3816c523880af7e0070b9079160", "groups": {"legacy": {"count": 100, "nondegenerate": 100, "cosine_mean": -0.11002716480786749, "cosine_median": -0.22069829605369015, "cosine_p10": -0.6931755872624846, "cosine_p90": 0.6670078988255593, "positive_dot_fraction": 0.37, "energy_zero_fraction": 0.0, "reference_zero_fraction": 0.0, "either_zero_fraction": 0.0, "energy_norm_median": 0.5464708739295501, "reference_norm_median": 0.0559062666342159, "dot_median": -0.004153641624412667}, "gain": {"count": 100, "nondegenerate": 100, "cosine_mean": 0.20777339325906358, "cosine_median": 0.3090863930508363, "cosine_p10": -0.6563881229499284, "cosine_p90": 0.8087724320494091, "positive_dot_fraction": 0.71, "energy_zero_fraction": 0.0, "reference_zero_fraction": 0.0, "either_zero_fraction": 0.0, "energy_norm_median": 0.11706892155826505, "reference_norm_median": 0.012259019377428342, "dot_median": 0.0002792277018601405}, "total": {"count": 100, "nondegenerate": 100, "cosine_mean": -0.09285713351942963, "cosine_median": -0.18584799268346364, "cosine_p10": -0.6713666606585875, "cosine_p90": 0.5954835879593589, "positive_dot_fraction": 0.37, "energy_zero_fraction": 0.0, "reference_zero_fraction": 0.0, "either_zero_fraction": 0.0, "energy_norm_median": 0.5532322028228938, "reference_norm_median": 0.05708276205771991, "dot_median": -0.0033492553553015197}}}, "source": {"path": "research_log/T040A_result/stage_b/summary.json", "sha256": "50abeaeb1a6d9bfc0c7c5a6cd5752f1bdf39001873b88c0397beaae6c0693799", "groups": {"legacy": {"count": 7346, "nondegenerate": 7248, "cosine_mean": 0.4655178168842153, "cosine_median": 0.7702737134557859, "cosine_p10": -0.8267178369930802, "cosine_p90": 0.9772683932756204, "positive_dot_fraction": 0.7964955849889624, "energy_zero_fraction": 0.013340593520283148, "reference_zero_fraction": 0.013340593520283148, "either_zero_fraction": 0.013340593520283148, "energy_norm_median": 2.5367963558178817, "reference_norm_median": 0.06666040634492826, "dot_median": 0.09152954281610393}, "gain": {"count": 7346, "nondegenerate": 7248, "cosine_mean": 0.35582278158751307, "cosine_median": 0.6120391019015122, "cosine_p10": -0.8281162188346688, "cosine_p90": 1.0, "positive_dot_fraction": 0.730546357615894, "energy_zero_fraction": 0.013340593520283148, "reference_zero_fraction": 0.013340593520283148, "either_zero_fraction": 0.013340593520283148, "energy_norm_median": 0.2100522260824786, "reference_norm_median": 0.01076934839390061, "dot_median": 0.0006959387048349934}, "total": {"count": 7346, "nondegenerate": 7248, "cosine_mean": 0.46260263306549043, "cosine_median": 0.7634593788571951, "cosine_p10": -0.8091905985854363, "cosine_p90": 0.9720719827063828, "positive_dot_fraction": 0.7966335540838853, "energy_zero_fraction": 0.013340593520283148, "reference_zero_fraction": 0.013340593520283148, "either_zero_fraction": 0.013340593520283148, "energy_norm_median": 2.5489196888270973, "reference_norm_median": 0.06757016643711816, "dot_median": 0.09197110454947587}}}}, "step10_minus_baseline": {"selected": {"legacy": {"positive_dot_fraction": 0.57, "cosine_median": 0.9076587979989892}, "gain": {"positive_dot_fraction": 0.07000000000000006, "cosine_median": 0.226028877530408}, "total": {"positive_dot_fraction": 0.57, "cosine_median": 0.8711245365831605}}, "source": {"legacy": {"positive_dot_fraction": 0.1435044150110375, "cosine_median": -0.08331321151048687}, "gain": {"positive_dot_fraction": 0.04945364238410599, "cosine_median": -0.07692383132026792}, "total": {"positive_dot_fraction": 0.1433664459161147, "cosine_median": -0.07818283495749823}}}, "classification": "late real legacy-state effect supported"}
[autodl] finished_at=2026-09-15T13:32:05+08:00
[autodl] exit_code=0
