[autodl] run_id=20260913-013458-ttie-t016b-selection
[autodl] started_at=2026-09-13T01:35:05+08:00
Traceback (most recent call last):
  File "<frozen runpy>", line 198, in _run_module_as_main
  File "<frozen runpy>", line 88, in _run_code
  File "/home/wenchang/asdasdsad/wjq/TTIE/releases/20260913-013400-ttie-t016b-selection/ttie/soft_basis/prepare.py", line 39, in <module>
    if __name__ == '__main__': main()
                               ^^^^^^
  File "/home/wenchang/asdasdsad/wjq/TTIE/releases/20260913-013400-ttie-t016b-selection/ttie/soft_basis/prepare.py", line 16, in main
    code = verify_source(a.source_sha, SOURCES)
           ^^^^^^^^^^^^^^^^^^^^^^^^^^^^^^^^^^^^
  File "/home/wenchang/asdasdsad/wjq/TTIE/releases/20260913-013400-ttie-t016b-selection/ttie/routing/provenance.py", line 49, in verify_source
    raise ValueError('Uncommitted scientific paths: ' + dirty.decode().strip())
ValueError: Uncommitted scientific paths: D  scripts/prepare_t015.py
D  scripts/run_t015_a6000.sh
D  scripts/run_t016b_a6000.sh
D  ttie/__init__.py
D  ttie/adapt.py
D  ttie/clip_audit.py
D  ttie/clip_signal.py
D  ttie/demo.py
D  ttie/energy_bank.py
D  ttie/energy_io.py
D  ttie/energy_metrics.py
D  ttie/energy_model.py
D  ttie/energy_pilot.py
D  ttie/energy_receipt.py
D  ttie/energy_ttt.py
D  ttie/geometry_audit.py
D  ttie/geometry_summary.py
D  ttie/isp.py
D  ttie/joint_audit.py
D  ttie/joint_gate.py
D  ttie/learned_prototypes.py
D  ttie/natural.py
D  ttie/offline_geometry.py
D  ttie/projected_metrics.py
D  ttie/projected_pilot.py
D  ttie/projected_ttt.py
D  ttie/prototype_audit.py
D  ttie/regularization.py
D  ttie/relative_audit.py
D  ttie/relative_clip.py
D  ttie/residual_data.py
D  ttie/residual_metrics.py
D  ttie/residual_pilot.py
D  ttie/residual_ttt.py
D  ttie/restoration_metrics.py
D  ttie/restoration_pilot.py
D  ttie/routing/__init__.py
D  ttie/routing/core.py
D  ttie/routing/io.py
D  ttie/routing/metrics.py
D  ttie/routing/pilot.py
D  ttie/routing/provenance.py
D  ttie/safety_summary.py
D  ttie/safety_sweep.py
D  ttie/semantic_ttt.py
D  ttie/sobolev_io.py
D  ttie/sobolev_metrics.py
D  ttie/sobolev_pilot.py
D  ttie/sobolev_receipt.py
D  ttie/sobolev_source.py
D  ttie/sobolev_train.py
D  ttie/soft_basis/__init__.py
D  ttie/soft_basis/evaluate.py
D  ttie/soft_basis/prepare.py
D  ttie/soft_basis/renderer.py
D  ttie/soft_basis/score.py
D  ttie/soft_basis/selection.py
D  ttie/stop_io.py
D  ttie/stop_metrics.py
D  ttie/stop_pilot.py
D  ttie/stop_quality.py
D  ttie/stop_receipt.py
D  ttie/stop_trajectory.py
D  ttie/suite.py
D  ttie/summarize.py
?? scripts/prepare_t015.py
?? scripts/run_t015_a6000.sh
?? scripts/run_t016b_a6000.sh
?? ttie/__init__.py
?? ttie/adapt.py
?? ttie/clip_audit.py
?? ttie/clip_signal.py
?? ttie/demo.py
?? ttie/energy_bank.py
?? ttie/energy_io.py
?? ttie/energy_metrics.py
?? ttie/energy_model.py
?? ttie/energy_pilot.py
?? ttie/energy_receipt.py
?? ttie/energy_ttt.py
?? ttie/geometry_audit.py
?? ttie/geometry_summary.py
?? ttie/isp.py
?? ttie/joint_audit.py
?? ttie/joint_gate.py
?? ttie/learned_prototypes.py
?? ttie/natural.py
?? ttie/offline_geometry.py
?? ttie/projected_metrics.py
?? ttie/projected_pilot.py
?? ttie/projected_ttt.py
?? ttie/prototype_audit.py
?? ttie/regularization.py
?? ttie/relative_audit.py
?? ttie/relative_clip.py
?? ttie/residual_data.py
?? ttie/residual_metrics.py
?? ttie/residual_pilot.py
?? ttie/residual_ttt.py
?? ttie/restoration_metrics.py
?? ttie/restoration_pilot.py
?? ttie/routing/__init__.py
?? ttie/routing/core.py
?? ttie/routing/io.py
?? ttie/routing/metrics.py
?? ttie/routing/pilot.py
?? ttie/routing/provenance.py
?? ttie/safety_summary.py
?? ttie/safety_sweep.py
?? ttie/semantic_ttt.py
?? ttie/sobolev_io.py
?? ttie/sobolev_metrics.py
?? ttie/sobolev_pilot.py
?? ttie/sobolev_receipt.py
?? ttie/sobolev_source.py
?? ttie/sobolev_train.py
?? ttie/soft_basis/__init__.py
?? ttie/soft_basis/evaluate.py
?? ttie/soft_basis/prepare.py
?? ttie/soft_basis/renderer.py
?? ttie/soft_basis/score.py
?? ttie/soft_basis/selection.py
?? ttie/stop_io.py
?? ttie/stop_metrics.py
?? ttie/stop_pilot.py
?? ttie/stop_quality.py
?? ttie/stop_receipt.py
?? ttie/stop_trajectory.py
?? ttie/suite.py
?? ttie/summarize.py
[autodl] finished_at=2026-09-13T01:35:07+08:00
[autodl] exit_code=1
