[autodl] run_id=20260913-193203-ttie-t020b-target-audit-fixed
[autodl] started_at=2026-09-13T19:32:10+08:00
/home/wenchang/anaconda3/envs/python3.12-tk2-2.3/lib/python3.12/site-packages/torch/cuda/__init__.py:654: UserWarning: Can't initialize NVML
  warnings.warn("Can't initialize NVML")
Cached canonical exact; rendered 1 /120
Cached canonical exact; rendered 2 /120
Cached canonical exact; rendered 3 /120
Cached canonical exact; rendered 4 /120
Cached canonical exact; rendered 5 /120
Cached canonical exact; rendered 6 /120
Cached canonical exact; rendered 7 /120
Cached canonical exact; rendered 8 /120
Cached canonical exact; rendered 9 /120
Cached canonical exact; rendered 10 /120
Cached canonical exact; rendered 11 /120
Cached canonical exact; rendered 12 /120
Cached canonical exact; rendered 13 /120
Cached canonical exact; rendered 14 /120
Cached canonical exact; rendered 15 /120
Cached canonical exact; rendered 16 /120
Cached canonical exact; rendered 17 /120
Cached canonical exact; rendered 18 /120
Cached canonical exact; rendered 19 /120
Cached canonical exact; rendered 20 /120
Cached canonical exact; rendered 21 /120
Cached canonical exact; rendered 22 /120
Cached canonical exact; rendered 23 /120
Cached canonical exact; rendered 24 /120
Cached canonical exact; rendered 25 /120
Cached canonical exact; rendered 26 /120
Cached canonical exact; rendered 27 /120
Cached canonical exact; rendered 28 /120
Cached canonical exact; rendered 29 /120
Cached canonical exact; rendered 30 /120
Cached canonical exact; rendered 31 /120
Cached canonical exact; rendered 32 /120
Cached canonical exact; rendered 33 /120
Cached canonical exact; rendered 34 /120
Cached canonical exact; rendered 35 /120
Cached canonical exact; rendered 36 /120
Cached canonical exact; rendered 37 /120
Cached canonical exact; rendered 38 /120
Cached canonical exact; rendered 39 /120
Cached canonical exact; rendered 40 /120
Cached canonical exact; rendered 41 /120
Cached canonical exact; rendered 42 /120
Cached canonical exact; rendered 43 /120
Cached canonical exact; rendered 44 /120
Cached canonical exact; rendered 45 /120
Cached canonical exact; rendered 46 /120
Cached canonical exact; rendered 47 /120
Cached canonical exact; rendered 48 /120
Cached canonical exact; rendered 49 /120
Cached canonical exact; rendered 50 /120
Cached canonical exact; rendered 51 /120
Cached canonical exact; rendered 52 /120
Cached canonical exact; rendered 53 /120
Cached canonical exact; rendered 54 /120
Cached canonical exact; rendered 55 /120
Cached canonical exact; rendered 56 /120
Cached canonical exact; rendered 57 /120
Cached canonical exact; rendered 58 /120
Cached canonical exact; rendered 59 /120
Cached canonical exact; rendered 60 /120
Cached canonical exact; rendered 61 /120
Cached canonical exact; rendered 62 /120
Cached canonical exact; rendered 63 /120
Cached canonical exact; rendered 64 /120
Cached canonical exact; rendered 65 /120
Cached canonical exact; rendered 66 /120
Cached canonical exact; rendered 67 /120
Cached canonical exact; rendered 68 /120
Cached canonical exact; rendered 69 /120
Cached canonical exact; rendered 70 /120
Cached canonical exact; rendered 71 /120
Cached canonical exact; rendered 72 /120
Cached canonical exact; rendered 73 /120
Cached canonical exact; rendered 74 /120
Cached canonical exact; rendered 75 /120
Cached canonical exact; rendered 76 /120
Cached canonical exact; rendered 77 /120
Cached canonical exact; rendered 78 /120
Cached canonical exact; rendered 79 /120
Cached canonical exact; rendered 80 /120
Cached canonical exact; rendered 81 /120
Cached canonical exact; rendered 82 /120
Cached canonical exact; rendered 83 /120
Cached canonical exact; rendered 84 /120
Cached canonical exact; rendered 85 /120
Cached canonical exact; rendered 86 /120
Cached canonical exact; rendered 87 /120
Cached canonical exact; rendered 88 /120
Cached canonical exact; rendered 89 /120
Cached canonical exact; rendered 90 /120
Cached canonical exact; rendered 91 /120
Cached canonical exact; rendered 92 /120
Cached canonical exact; rendered 93 /120
Cached canonical exact; rendered 94 /120
Cached canonical exact; rendered 95 /120
Cached canonical exact; rendered 96 /120
Cached canonical exact; rendered 97 /120
Cached canonical exact; rendered 98 /120
Cached canonical exact; rendered 99 /120
Cached canonical exact; rendered 100 /120
Cached canonical exact; rendered 101 /120
Cached canonical exact; rendered 102 /120
Cached canonical exact; rendered 103 /120
Cached canonical exact; rendered 104 /120
Cached canonical exact; rendered 105 /120
Cached canonical exact; rendered 106 /120
Cached canonical exact; rendered 107 /120
Cached canonical exact; rendered 108 /120
Cached canonical exact; rendered 109 /120
Cached canonical exact; rendered 110 /120
Cached canonical exact; rendered 111 /120
Cached canonical exact; rendered 112 /120
Cached canonical exact; rendered 113 /120
Cached canonical exact; rendered 114 /120
Cached canonical exact; rendered 115 /120
Cached canonical exact; rendered 116 /120
Cached canonical exact; rendered 117 /120
Cached canonical exact; rendered 118 /120
Cached canonical exact; rendered 119 /120
Cached canonical exact; rendered 120 /120
T020-B development target positive 5 /5 {'nonspatial_pool_safety': True, 'clean_safety': True, 'homogeneous_dark_safety': True, 'homogeneous_bright_safety': True, 'zero_harmful': True}
[autodl] finished_at=2026-09-13T19:32:17+08:00
[autodl] exit_code=0
