[autodl] run_id=20260920-101902-ttie-t063a-prefix
[autodl] started_at=2026-09-20T10:19:08+08:00
reconstructed 1
reconstructed 2
reconstructed 3
reconstructed 4
reconstructed 5
reconstructed 6
reconstructed 7
reconstructed 8
reconstructed 9
reconstructed 10
reconstructed 11
reconstructed 12
reconstructed 13
reconstructed 14
reconstructed 15
reconstructed 16
reconstructed 17
reconstructed 18
reconstructed 19
reconstructed 20
reconstructed 21
reconstructed 22
reconstructed 23
reconstructed 24
reconstructed 25
reconstructed 26
reconstructed 27
reconstructed 28
reconstructed 29
reconstructed 30
reconstructed 31
reconstructed 32
reconstructed 33
reconstructed 34
reconstructed 35
reconstructed 36
reconstructed 37
reconstructed 38
reconstructed 39
reconstructed 40
reconstructed 41
reconstructed 42
reconstructed 43
reconstructed 44
reconstructed 45
reconstructed 46
reconstructed 47
reconstructed 48
reconstructed 49
reconstructed 50
reconstructed 51
reconstructed 52
reconstructed 53
reconstructed 54
reconstructed 55
reconstructed 56
reconstructed 57
reconstructed 58
reconstructed 59
reconstructed 60
reconstructed 61
reconstructed 62
reconstructed 63
reconstructed 64
reconstructed 65
reconstructed 66
reconstructed 67
reconstructed 68
reconstructed 69
reconstructed 70
reconstructed 71
reconstructed 72
reconstructed 73
reconstructed 74
reconstructed 75
reconstructed 76
reconstructed 77
reconstructed 78
reconstructed 79
reconstructed 80
reconstructed 81
reconstructed 82
reconstructed 83
reconstructed 84
reconstructed 85
reconstructed 86
reconstructed 87
reconstructed 88
reconstructed 89
reconstructed 90
reconstructed 91
reconstructed 92
reconstructed 93
reconstructed 94
reconstructed 95
reconstructed 96
reconstructed 97
reconstructed 98
reconstructed 99
reconstructed 100
ALL_2800_FROZEN 87ce16ac06dc421ed5293c34205b3de6ad128341f57e3bb7ad9e8c2c53e497ca
{"label": "REFERENCE_ORACLE_ONLY", "classification": "SELECTION_HEADROOM_PRESENT", "reachable_images": 100, "unreachable_indices": [], "gates": {"mean_psnr": true, "median_psnr": true, "regressions": true, "worst": true, "mean_ssim": true}, "mean_delta_psnr": 5.2221903076820695, "median_delta_psnr": 4.235285911349255, "regressions_t026": 0, "worst_delta_t026": 0.8757352404048966, "mean_delta_ssim": 0.029564754312482195, "mean_psnr": 17.35972406042833, "mean_ssim": 0.43215928849429874, "step27_failure_indices": [66], "freeze_sha256": "87ce16ac06dc421ed5293c34205b3de6ad128341f57e3bb7ad9e8c2c53e497ca", "freeze_utc": "2026-09-20T02:19:45.141847+00:00", "first_reference_read_utc": "2026-09-20T02:19:46.969683+00:00", "seconds": 32.290997363001225, "completed_utc": "2026-09-20T02:20:19.259107+00:00", "optimizer_runs": 0}
SELECTION_HEADROOM_PRESENT VERIFIED 1.0444978215673473e-12
[autodl] finished_at=2026-09-20T10:21:09+08:00
[autodl] exit_code=0
