[autodl] run_id=20260915-152656-ttie-t044a-stage-b
[autodl] started_at=2026-09-15T15:28:12+08:00
{
  "roc_auc": 0.2491500728508985,
  "spearman": 0.4838043804380438,
  "loss_count": 29,
  "non_loss_count": 71,
  "groups": {
    "loss": {
      "count": 29,
      "mean": 0.12015553702065382,
      "q25": 0.08784470026799134,
      "median": 0.12025356809274654,
      "q75": 0.1432378502431442
    },
    "non_loss": {
      "count": 71,
      "mean": 0.15297883427696887,
      "q25": 0.14333393169420885,
      "median": 0.15549183659250035,
      "q75": 0.16790617580915407
    }
  },
  "classification": "legacy-extrapolation risk association not supported / mixed",
  "smallest": [
    {
      "index": 15,
      "low": "Train/Low/low00383.png",
      "selected_step": 40,
      "anchor_step": 10,
      "active": [
        true,
        false,
        true,
        true
      ],
      "active_regions": 3,
      "zero_active": false,
      "D_legacy": 0.03463946084703587,
      "gate_sha256": "4881ec6c3b1d82d670a56e013fde6c4a62e0a6c3c8f5bb0fdcfc5df509d70e7b",
      "anchor_sha256": "a4e31f25ef4d3998ae935905daff86425330f51abbf2646633f2906038d303e0",
      "selected_sha256": "81d6bdf4f4fb9813c1a3e39287d8f15e9adca5a29f738f6e0254b9c498a62cef",
      "anchor_legacy_sha256": "9795b5e9b61644e65eedb78e9165ecff571c55fe426a8538c95b6d2a4edc0d65",
      "selected_legacy_sha256": "1491bb08273a0d3fb1ec5a5f48b71de9c35d81662f1cf593fa617732c7d27cde",
      "trajectory_sha256": "9da780f7926727e1f2827f06e199d0ec841a1dedd8095da620cd4f6fee605dfa",
      "decision_sha256": "8eb43d2ff35f6f16f778a0324ec839d3561fd3b1735d91674609fc14e382b13b",
      "delta_psnr": 0.7649298690103539,
      "loss": false
    },
    {
      "index": 63,
      "low": "Train/Low/low00397.png",
      "selected_step": 40,
      "anchor_step": 10,
      "active": [
        true,
        true,
        true,
        true
      ],
      "active_regions": 4,
      "zero_active": false,
      "D_legacy": 0.03767878318779642,
      "gate_sha256": "f00f6f8f07dfcf37755abeffb85a98f4d71ac0cc15b05b782758b56c6f1b2085",
      "anchor_sha256": "9f6ff4d55191463423460bbd6d3c1abbb2e1aa340aee83b2af64fa84b7f17123",
      "selected_sha256": "097d0a930c52a66df8ef7d563893e4c4333dbb1dc77465268ad9d619f069afb9",
      "anchor_legacy_sha256": "deb0b1ab8206ba310c7b93edc9541c80035185b3d79dec26013d97e1d5e3f0a6",
      "selected_legacy_sha256": "fe8b33c8640d433ac4712b2d5301e7eee6f336e01fe7cc0294324bcb0e54413a",
      "trajectory_sha256": "9c72c7d244d2b8c0cf65d5446074d7aafc951c15aca511627b0b3a0fb82356ee",
      "decision_sha256": "f0ed96442c4f94409579a0b54a15135bc1db1dff7d889573fd55e964f5678aec",
      "delta_psnr": -0.1530343654949018,
      "loss": true
    },
    {
      "index": 0,
      "low": "Train/Low/low00353.png",
      "selected_step": 40,
      "anchor_step": 10,
      "active": [
        true,
        true,
        true,
        true
      ],
      "active_regions": 4,
      "zero_active": false,
      "D_legacy": 0.06898680525373067,
      "gate_sha256": "06fe59805327cc610778e2fc63c02dcee65a890efbe1cd01eed92fffe79f6858",
      "anchor_sha256": "faa9ecb8576c77a49b49dbbf4cd524a016d712fff8d1921331cf1b89a2e48ba9",
      "selected_sha256": "609b4c428424f8fb0408927317a06caea2206b53d74261ac471c4a2a6692fd25",
      "anchor_legacy_sha256": "b40cc54d6ab4108f791ba9af61cd0196ecd69e222d977bb31b7aa0c864dc6681",
      "selected_legacy_sha256": "144979033650bcdb221d7d9f46dfb2678440a75e3273dbdfad5f3a7e96f80d20",
      "trajectory_sha256": "386adb8bc3ffcab30da8727a6bd8319acd5d09e6111774d6a294edf7539aa41a",
      "decision_sha256": "72950ae7a30b132624feadbbd02ccfcfc85eb14aa08e28df0e391491712344da",
      "delta_psnr": -0.3020564983309679,
      "loss": true
    },
    {
      "index": 85,
      "low": "Train/Low/low00394.png",
      "selected_step": 40,
      "anchor_step": 10,
      "active": [
        true,
        true,
        true,
        true
      ],
      "active_regions": 4,
      "zero_active": false,
      "D_legacy": 0.0735498907249247,
      "gate_sha256": "fb0725b0e281d4e30a66221114f56aa2e05af18b8758f5f27127f98ab465025f",
      "anchor_sha256": "8aabaa7bb3a9cd03030674d5be6cdacea69ce205fe530ea09fc8bfc5fd06d510",
      "selected_sha256": "ffb68a063fcce470c8ec3807fcbda582df2827e1596de8bf7d5a41b87b8b752b",
      "anchor_legacy_sha256": "31ec171856c46bd3015fedcf3b8aced27f90431f8e2792904da513c1eb1d83a7",
      "selected_legacy_sha256": "4b07397cd9c08312c163c7a08cf188e160178b9f2ed92d0d2f4d9eab68f0f17f",
      "trajectory_sha256": "ce362b790af95cc5437852ac7dc9f35eeeb5a3a07848c2886e903a4b58f85c6d",
      "decision_sha256": "f844b15af22252326e1186e466eafc07fd937b76f4b94b7c37a3354a9cc43a1b",
      "delta_psnr": -0.4669985021323848,
      "loss": true
    },
    {
      "index": 53,
      "low": "Train/Low/low00379.png",
      "selected_step": 40,
      "anchor_step": 10,
      "active": [
        true,
        true,
        true,
        true
      ],
      "active_regions": 4,
      "zero_active": false,
      "D_legacy": 0.07473283518643808,
      "gate_sha256": "7e66c174f67b0e122956f152f98c36e4da727a45765e99304dfd268d3b81d8aa",
      "anchor_sha256": "f140119d38ba180b10c79a1aab84b835793bd5fd0d22564255f8d0ace5131d25",
      "selected_sha256": "42ef485e3c1470a5647ddc8ce6963ec0d80a4efe9a4becff2edb8a0151c17043",
      "anchor_legacy_sha256": "093a7dd0ec7fd03dad19b7758bb16e5b08b0286a497eef07e2275701b9cc03a9",
      "selected_legacy_sha256": "d59d080968784de811257019a712ceaaccf664346687c24a11e060d18c3fe07c",
      "trajectory_sha256": "41dc94397ad46d9e5e4076c3ad8a5e859c6e9c3f3915f7ec4cbe2c9578cf1d63",
      "decision_sha256": "00e45a957fe7776d9f6c3a039e9a24e5c82eab047896aed4b99505cb7fda802c",
      "delta_psnr": -0.8440028639040085,
      "loss": true
    }
  ],
  "largest": [
    {
      "index": 86,
      "low": "Train/Low/low00635.png",
      "selected_step": 40,
      "anchor_step": 10,
      "active": [
        true,
        true,
        true,
        true
      ],
      "active_regions": 4,
      "zero_active": false,
      "D_legacy": 0.21125722616277268,
      "gate_sha256": "3ade874aec94db68502e8f6e5dad7d4e1ff7cf35798968da8c4529be21cdd1f5",
      "anchor_sha256": "e9c27c33d44801bd32a2ebbe42d9bfff50775a0d40051b2180e436b3e28986be",
      "selected_sha256": "f27ec3350a641ff4ff26f4c973375f666d11f4bbb3282a4fa2bf972aea118d2a",
      "anchor_legacy_sha256": "22dd6d32eb593e5227d19488403164c439f54c9d6b6280b51a5009c09e87be8e",
      "selected_legacy_sha256": "5df03f4e8e9e1fdd848cbea67f28b8b576d93301bf96fdc6d01077144c7f3f86",
      "trajectory_sha256": "e3d6488f1758ae173bb4bf01a87af6b1ed6591c29d7c78109a29ba7d6e19326a",
      "decision_sha256": "d6986e9f5b5b0aad8b4e4fc9cb47af945a4b7c7e2f254117ec2813568f790cc5",
      "delta_psnr": 0.7391056819672794,
      "loss": false
    },
    {
      "index": 46,
      "low": "Train/Low/low00238.png",
      "selected_step": 40,
      "anchor_step": 10,
      "active": [
        true,
        true,
        true,
        true
      ],
      "active_regions": 4,
      "zero_active": false,
      "D_legacy": 0.20823635773223734,
      "gate_sha256": "2eccc0fadbd43d646c9bab7cd934f09529dbf3d3cf9e072eb9aa9f6aa32ae4b9",
      "anchor_sha256": "3c0c5b738fb16b08eb47b89a8c334cc99bd9fac55f2c102e74ccc0d6356facd5",
      "selected_sha256": "219e39552c8d35d3e531176e0449d11e54ed233ca3a9b08dbd7a17a5a65f4673",
      "anchor_legacy_sha256": "600622291de15d072fc07c47a1592141e32a5ce0e6075bbe65e6e6b005f28434",
      "selected_legacy_sha256": "f5effced30f23e605877681078f1049141b413bab0134ca81518b8f9e4769524",
      "trajectory_sha256": "533ad06d9b66c300bbe6fa6c17e8b557fcc42032d2ac8eb918d6e40828a564ba",
      "decision_sha256": "46b9ecb749e6ffa70803c18b3bfe26773ce54ec5c6f7ac01acd6992ef13b5b55",
      "delta_psnr": 0.8312503814641996,
      "loss": false
    },
    {
      "index": 17,
      "low": "Train/Low/low00018.png",
      "selected_step": 40,
      "anchor_step": 10,
      "active": [
        true,
        true,
        true,
        true
      ],
      "active_regions": 4,
      "zero_active": false,
      "D_legacy": 0.205151327315919,
      "gate_sha256": "7cb750c049e656f1e02bd518e064af1d4872eeece1961f6b4d1ee6902073651a",
      "anchor_sha256": "5ac3d01d07555673f0116b11358736951d5590781d7ee561326959479b9f23eb",
      "selected_sha256": "cc1dbb9a9ff5a7fd4782679a9fe08a1a351a32f65cc85ae8fb0e5bec31c2333c",
      "anchor_legacy_sha256": "163529fd410403ddabe3239f0ba4b49bbe79d9f9dae601a9b92fbffaafd1a4eb",
      "selected_legacy_sha256": "ccdb0d55c063289eac07c9288467630649a09c3f8ef8ece6b4b878f65095d80c",
      "trajectory_sha256": "8e6f447dbffeec9f63b1f132e8f1e742a6aebf161014242c6bbde7c7dfe6f9a1",
      "decision_sha256": "8ecbead61dbc98e36fbbd2f4020a7cc35e186ea38f4a2d5133488578cc76f216",
      "delta_psnr": 2.5467553578821462,
      "loss": false
    },
    {
      "index": 7,
      "low": "Train/Low/low00013.png",
      "selected_step": 40,
      "anchor_step": 10,
      "active": [
        true,
        true,
        true,
        true
      ],
      "active_regions": 4,
      "zero_active": false,
      "D_legacy": 0.2040225740570992,
      "gate_sha256": "5bfe283b7b69cc7e26e8991f4e6303164b1e0ccad513e0739d345174b8cfb73b",
      "anchor_sha256": "6e610eea505ac0f5e2cc3c3da5d46511fead7db73afb5faad616f5f1ccca5ca0",
      "selected_sha256": "6109cd0c072ce08a4c3090338ab8300249aeb38ff796108e4f8a806f508991a1",
      "anchor_legacy_sha256": "1ba941aab8131ed656caf53c97b13a4290ad3133a9316e79d18b2c2612903029",
      "selected_legacy_sha256": "c04d89751a32505d7f9eba98968740f35278d98ce4a5cbaa4373235ea99805c4",
      "trajectory_sha256": "195bfb37f1d358c49d687ca0386dc0a621ed5c609b5b948bbcc3bf411d621474",
      "decision_sha256": "b2712824becc5a963d15494f9d9677776045b94c3f0223d874ef3adcdf5181ea",
      "delta_psnr": 4.848330775436832,
      "loss": false
    },
    {
      "index": 91,
      "low": "Train/Low/low00580.png",
      "selected_step": 40,
      "anchor_step": 10,
      "active": [
        true,
        true,
        true,
        true
      ],
      "active_regions": 4,
      "zero_active": false,
      "D_legacy": 0.19774114150710095,
      "gate_sha256": "01f3fd169aefd957a13953126a9057e0c47443b010a32aad13bb8a0ad2afbacb",
      "anchor_sha256": "1730e09cb0783a6a628bd6a10c69d7e5893780e633a48eed6791722d40a88d80",
      "selected_sha256": "e93235b89d556be914ea03a99d02f9107f077dd6e889382c721b74e59bc0896c",
      "anchor_legacy_sha256": "80c30021ccf4e3ec395061b7d848ad9d1d0dbcb78641acc866af7e729747828f",
      "selected_legacy_sha256": "85452385b8634bf029bb5801660721a68e8a0731a953aa5c3527ed4066837bfc",
      "trajectory_sha256": "53009872a3b9f3af76fb4eb682aa27f0ffe8d40210bd7ae1839aee47459d3f73",
      "decision_sha256": "ca0fc66621e1bda54c6d4348e5350040c62e771477065d9b0954658ce4bfc723",
      "delta_psnr": -1.1643894578011071,
      "loss": true
    }
  ]
}
{
  "status": "PASS",
  "scores": 100,
  "scalar_checks": 210,
  "auc_pairs": 2059,
  "max_abs_error": 8.326672684688674e-17,
  "roc_auc": 0.2491500728508985,
  "spearman": 0.4838043804380438,
  "classification": "legacy-extrapolation risk association not supported / mixed",
  "all_frozen_states_and_gates_exact": true,
  "score_freeze_before_metrics": true,
  "seconds": 0.2198422679794021
}
[autodl] finished_at=2026-09-15T15:28:16+08:00
[autodl] exit_code=0
