[autodl] run_id=20260912-151505-ttie-t012-stage-a
[autodl] started_at=2026-09-12T15:15:10+08:00
/home/wenchang/anaconda3/envs/python3.12-tk2-2.3/lib/python3.12/site-packages/torch/cuda/__init__.py:654: UserWarning: Can't initialize NVML
  warnings.warn("Can't initialize NVML")
3.12.12 | packaged by conda-forge | (main, Jan 26 2026, 23:51:32) [GCC 14.3.0]
torch 2.4.0
torchvision 0.19.0
open_clip_torch 2.26.1
timm 1.0.29
Pillow 12.3.0
CUDA 12.1 NVIDIA RTX A6000
test_cpu_diagnostics_and_loss_decrease (test_adapt.AdaptTests.test_cpu_diagnostics_and_loss_decrease) ... <frozen importlib._bootstrap>:488: DeprecationWarning: Type google._upb._message.MessageMapContainer uses PyType_Spec with a metaclass that has custom tp_new. This is deprecated and will no longer be allowed in Python 3.14.
<frozen importlib._bootstrap>:488: DeprecationWarning: Type google._upb._message.ScalarMapContainer uses PyType_Spec with a metaclass that has custom tp_new. This is deprecated and will no longer be allowed in Python 3.14.
ok
test_episode_reset_reproducibility (test_adapt.AdaptTests.test_episode_reset_reproducibility) ... ok
test_fixed_prior_value (test_adapt.AdaptTests.test_fixed_prior_value) ... ok
test_only_fast_parameters_updated (test_adapt.AdaptTests.test_only_fast_parameters_updated) ... ok
test_zero_steps_identity (test_adapt.AdaptTests.test_zero_steps_identity) ... ok
test_auc_ties_and_literal_conjunction (test_clip_signal.ClipSignalTests.test_auc_ties_and_literal_conjunction) ... ok
test_calibration_ignores_heldout_values_and_dirty_calibration (test_clip_signal.ClipSignalTests.test_calibration_ignores_heldout_values_and_dirty_calibration) ... ok
test_detached_winner_threshold_and_zero_loss (test_clip_signal.ClipSignalTests.test_detached_winner_threshold_and_zero_loss) ... ok
test_frozen_encoder_has_pixel_gradient (test_clip_signal.ClipSignalTests.test_frozen_encoder_has_pixel_gradient) ... ok
test_scores_do_not_consume_evaluation_reference_or_labels (test_clip_signal.ClipSignalTests.test_scores_do_not_consume_evaluation_reference_or_labels) ... ok
test_evaluation_reference_does_not_affect_adaptation (test_demo.DemoTests.test_evaluation_reference_does_not_affect_adaptation) ... ok
test_full_demo_is_deterministic (test_demo.DemoTests.test_full_demo_is_deterministic) ... ok
test_metrics_known_value (test_demo.DemoTests.test_metrics_known_value) ... ok
test_coordinate_restrictions_exact (test_geometry.GeometryTests.test_coordinate_restrictions_exact) ... ok
test_development_manifest_excludes_all_old_data (test_geometry.GeometryTests.test_development_manifest_excludes_all_old_data) ... ok
test_diagnosis_rules_and_objective_priority_are_literal (test_geometry.GeometryTests.test_diagnosis_rules_and_objective_priority_are_literal) ... ok
test_literal_surface_and_tied_ranks (test_geometry.GeometryTests.test_literal_surface_and_tied_ranks) ... ok
test_oracle_resets_identity_and_is_diagnostic_only (test_geometry.GeometryTests.test_oracle_resets_identity_and_is_diagnostic_only) ... ok
test_piecewise_constant_equivalence_and_odd_quadrant_boundary (test_geometry.GeometryTests.test_piecewise_constant_equivalence_and_odd_quadrant_boundary) ... ok
test_recording_leaves_t008_trajectory_unchanged_and_reference_is_offline (test_geometry.GeometryTests.test_recording_leaves_t008_trajectory_unchanged_and_reference_is_offline) ... ok
test_reference_gradient_changes_without_affecting_semantic_api (test_geometry.GeometryTests.test_reference_gradient_changes_without_affecting_semantic_api) ... ok
test_constant_spatial_grid_matches_global (test_isp.ISPTests.test_constant_spatial_grid_matches_global) ... ok
test_each_operator_has_finite_nonzero_gradient (test_isp.ISPTests.test_each_operator_has_finite_nonzero_gradient) ... ok
test_identity_including_black_and_white (test_isp.ISPTests.test_identity_including_black_and_white) ... ok
test_single_operator_semantics (test_isp.ISPTests.test_single_operator_semantics) ... ok
test_spatial_interpolation_and_bounds (test_isp.ISPTests.test_spatial_interpolation_and_bounds) ... ok
test_image_any_denominators_tradeoffs_auc_and_gate (test_joint_audit.JointAuditTests.test_image_any_denominators_tradeoffs_auc_and_gate) ... ok
test_metadata_is_attached_after_persistence_cannot_change_pixel_inference (test_joint_audit.JointAuditTests.test_metadata_is_attached_after_persistence_cannot_change_pixel_inference) ... ok
test_calibration_image_max_linear_percentile_and_exclusion (test_joint_gate.JointGateTests.test_calibration_image_max_linear_percentile_and_exclusion) ... ok
test_exact_saved_prototype_and_t006_score_arithmetic (test_joint_gate.JointGateTests.test_exact_saved_prototype_and_t006_score_arithmetic) ... ok
test_fresh_manifest_excludes_every_prior_split (test_joint_gate.JointGateTests.test_fresh_manifest_excludes_every_prior_split) ... ok
test_same_scores_raw_winner_strict_boundary_and_activation_only (test_joint_gate.JointGateTests.test_same_scores_raw_winner_strict_boundary_and_activation_only) ... ok
test_clean_source_calibration_only (test_learned_prototypes.LearnedPrototypeTests.test_clean_source_calibration_only) ... ok
test_exact_initialization_and_gradient_ownership (test_learned_prototypes.LearnedPrototypeTests.test_exact_initialization_and_gradient_ownership) ... ok
test_fresh_deterministic_manifest (test_learned_prototypes.LearnedPrototypeTests.test_fresh_deterministic_manifest) ... ok
test_pixel_only_inference_and_decisions (test_learned_prototypes.LearnedPrototypeTests.test_pixel_only_inference_and_decisions) ... ok
test_source_only_training_freezes_before_inference (test_learned_prototypes.LearnedPrototypeTests.test_source_only_training_freezes_before_inference) ... ok
test_five_views_and_differentiable_geometry (test_natural.NaturalTests.test_five_views_and_differentiable_geometry) ... ok
test_gain_conventions_match_previous_suite (test_natural.NaturalTests.test_gain_conventions_match_previous_suite) ... ok
test_each_threshold_is_enforced (test_projected_metrics.ProjectedMetricsTests.test_each_threshold_is_enforced) ... ok
test_literal_criteria_one_step_not_selector_stress_excluded (test_projected_metrics.ProjectedMetricsTests.test_literal_criteria_one_step_not_selector_stress_excluded) ... ok
test_all_nine_outputs_decisions_and_hashes_precede_metrics (test_projected_pilot.ProjectedPilotTests.test_all_nine_outputs_decisions_and_hashes_precede_metrics) ... ok
test_fresh_manifest_uses_existing_order_exclusions_and_new_split (test_projected_pilot.ProjectedPilotTests.test_fresh_manifest_uses_existing_order_exclusions_and_new_split) ... ok
test_replacement_reference_leaves_outputs_gradients_and_states_unchanged (test_projected_pilot.ProjectedPilotTests.test_replacement_reference_leaves_outputs_gradients_and_states_unchanged) ... ok
test_discrete_candidates_are_legal_and_inactive_output_unchanged (test_projected_ttt.ProjectedTests.test_discrete_candidates_are_legal_and_inactive_output_unchanged) ... ok
test_episode_reset_no_active_and_no_metadata_api (test_projected_ttt.ProjectedTests.test_episode_reset_no_active_and_no_metadata_api) ... ok
test_global_conflict_agreement_and_no_active (test_projected_ttt.ProjectedTests.test_global_conflict_agreement_and_no_active) ... ok
test_inactive_low_value_pixels_are_bitwise_unchanged (test_projected_ttt.ProjectedTests.test_inactive_low_value_pixels_are_bitwise_unchanged) ... ok
test_one_step_matches_first_full_update_and_audits_projection (test_projected_ttt.ProjectedTests.test_one_step_matches_first_full_update_and_audits_projection) ... ok
test_projection_bounds_signs_and_inactive_exact_identity (test_projected_ttt.ProjectedTests.test_projection_bounds_signs_and_inactive_exact_identity) ... ok
test_renderer_and_envelope_baseline_parity (test_projected_ttt.ProjectedTests.test_renderer_and_envelope_baseline_parity) ... ok
test_gate_requires_mixed_recall_and_low_wrong_activation (test_prototype_audit.PrototypeAuditTests.test_gate_requires_mixed_recall_and_low_wrong_activation) ... ok
test_metadata_changes_only_offline_localization (test_prototype_audit.PrototypeAuditTests.test_metadata_changes_only_offline_localization) ... ok
test_mixed_labels_and_all_view_denominators (test_prototype_audit.PrototypeAuditTests.test_mixed_labels_and_all_view_denominators) ... ok
test_global_unaffected_by_tv_and_components_reconstruct_total (test_regularization.RegularizationTests.test_global_unaffected_by_tv_and_components_reconstruct_total) ... ok
test_identity_normalization_anchor_and_bounds (test_regularization.RegularizationTests.test_identity_normalization_anchor_and_bounds) ... ok
test_tv_constant_varying_and_analytic_value (test_regularization.RegularizationTests.test_tv_constant_varying_and_analytic_value) ... ok
test_zero_weight_t001_fixed_numeric_regression (test_regularization.RegularizationTests.test_zero_weight_t001_fixed_numeric_regression) ... ok
test_exact_probe_sign_magnitude_and_response (test_relative_clip.RelativeTests.test_exact_probe_sign_magnitude_and_response) ... ok
test_fresh_manifest_and_calibration_excludes_other_rows (test_relative_clip.RelativeTests.test_fresh_manifest_and_calibration_excludes_other_rows) ... ok
test_literal_gate_uses_correct_type_tpr_and_precision (test_relative_clip.RelativeTests.test_literal_gate_uses_correct_type_tpr_and_precision) ... ok
test_metadata_does_not_change_responses_gates_targets (test_relative_clip.RelativeTests.test_metadata_does_not_change_responses_gates_targets) ... ok
test_literal_grid_feasibility_and_conservative_tie (test_residual_metrics.ResidualMetricsTests.test_literal_grid_feasibility_and_conservative_tie) ... ok
test_offset_boundary_and_offline_regional_mse (test_residual_metrics.ResidualMetricsTests.test_offset_boundary_and_offline_regional_mse) ... ok
test_qualification_conjunction_and_stress_exclusion (test_residual_metrics.ResidualMetricsTests.test_qualification_conjunction_and_stress_exclusion) ... ok
test_all_eight_outputs_and_decisions_precede_reference_access (test_residual_pilot.ResidualPilotTests.test_all_eight_outputs_and_decisions_precede_reference_access) ... ok
test_manifest_algorithm_excludes_all_prior_ids_and_small_images (test_residual_pilot.ResidualPilotTests.test_manifest_algorithm_excludes_all_prior_ids_and_small_images) ... ok
test_source_actions_include_all_fixed_pairs_without_reference_api (test_residual_pilot.ResidualPilotTests.test_source_actions_include_all_fixed_pairs_without_reference_api) ... ok
test_all_methods_reset_and_reject_reference_metadata (test_residual_ttt.ResidualTests.test_all_methods_reset_and_reject_reference_metadata) ... ok
test_coordinate_only_region_matches_diagnostic_and_constant_bilinear (test_residual_ttt.ResidualTests.test_coordinate_only_region_matches_diagnostic_and_constant_bilinear) ... ok
test_equation_frozen_winner_initial_energy_opposite_penalty (test_residual_ttt.ResidualTests.test_equation_frozen_winner_initial_energy_opposite_penalty) ... ok
test_no_active_exact_identity_all_methods (test_residual_ttt.ResidualTests.test_no_active_exact_identity_all_methods) ... ok
test_zero_rho_loss_gradient_and_trajectory_match (test_residual_ttt.ResidualTests.test_zero_rho_loss_gradient_and_trajectory_match) ... ok
test_literal_mean_gates_paired_rows_and_gradient_exclusion (test_restoration_metrics.RestorationMetricTests.test_literal_mean_gates_paired_rows_and_gradient_exclusion) ... ok
test_official_fresh_manifest_prefix_and_exclusions (test_restoration_metrics.RestorationMetricTests.test_official_fresh_manifest_prefix_and_exclusions) ... ok
test_replaced_reference_changes_metrics_only_after_methods_complete (test_restoration_metrics.RestorationMetricTests.test_replaced_reference_changes_metrics_only_after_methods_complete) ... ok
test_all_fixed_settings_and_component_trajectories (test_safety_sweep.SafetySweepTests.test_all_fixed_settings_and_component_trajectories) ... ok
test_clean_reference_replacement_never_changes_any_trajectory (test_safety_sweep.SafetySweepTests.test_clean_reference_replacement_never_changes_any_trajectory) ... ok
test_predeclared_decision_rule_known_values (test_safety_sweep.SafetySweepTests.test_predeclared_decision_rule_known_values) ... ok
test_direct_policy_and_exact_candidate_ties (test_semantic_ttt.SemanticTTTTests.test_direct_policy_and_exact_candidate_ties) ... ok
test_episode_reset_and_metadata_cannot_enter_trajectory (test_semantic_ttt.SemanticTTTTests.test_episode_reset_and_metadata_cannot_enter_trajectory) ... ok
test_fixed_original_mask_and_two_sided_hinge (test_semantic_ttt.SemanticTTTTests.test_fixed_original_mask_and_two_sided_hinge) ... ok
test_frozen_encoder_gradients_reach_both_isp_coordinates (test_semantic_ttt.SemanticTTTTests.test_frozen_encoder_gradients_reach_both_isp_coordinates) ... ok
test_global_spatial_constant_render_and_fixed_other_operators (test_semantic_ttt.SemanticTTTTests.test_global_spatial_constant_render_and_fixed_other_operators) ... ok
test_literal_saved_calibration_and_hash (test_semantic_ttt.SemanticTTTTests.test_literal_saved_calibration_and_hash) ... ok
test_no_active_is_bitwise_identity_for_every_method (test_semantic_ttt.SemanticTTTTests.test_no_active_is_bitwise_identity_for_every_method) ... ok
test_fixed_step_safety_then_hetero_then_earliest (test_stop_metrics.StopMetricsTests.test_fixed_step_safety_then_hetero_then_earliest) ... ok
test_stage_a_five_clauses_and_stage_b_eleven_with_stress_exclusion (test_stop_metrics.StopMetricsTests.test_stage_a_five_clauses_and_stage_b_eleven_with_stress_exclusion) ... ok
test_development_80_20_split_and_fresh_barrier_precedes_pool_read (test_stop_pilot.StopPilotTests.test_development_80_20_split_and_fresh_barrier_precedes_pool_read) ... ok
test_freeze_checks_head_manifest_code_normalization_and_git_blob (test_stop_pilot.StopPilotTests.test_freeze_checks_head_manifest_code_normalization_and_git_blob) ... ok
test_source_training_and_calibration_end_to_end_without_fresh_data (test_stop_pilot.StopPilotTests.test_source_training_and_calibration_end_to_end_without_fresh_data) ... Stage A passes False failed ['homogeneous_dark', 'beyond_discrete', 'beyond_fixed_step'] fixed step 2
STOP: no fresh T012 manifest/scoring in this process. Commit a passing frozen receipt first.
ok
test_stage_b_persistence_and_reference_replacement (test_stop_pilot.StopPilotTests.test_stage_b_persistence_and_reference_replacement) ... ok
test_checkpoint_frozen_scores_and_cpu_cuda_selection (test_stop_quality.StopQualityTests.test_checkpoint_frozen_scores_and_cpu_cuda_selection) ... /home/wenchang/anaconda3/envs/python3.12-tk2-2.3/lib/python3.12/site-packages/torch/cuda/__init__.py:654: UserWarning: Can't initialize NVML
  warnings.warn("Can't initialize NVML")
ok
test_fixed_recipe_train_only_normalization_and_exact_repeat (test_stop_quality.StopQualityTests.test_fixed_recipe_train_only_normalization_and_exact_repeat) ... ok
test_earliest_tie_and_inactive_bypass (test_stop_trajectory.StopTrajectoryTests.test_earliest_tie_and_inactive_bypass) ... ok
test_feature_order_normalization_signs_terminal_and_projection_count (test_stop_trajectory.StopTrajectoryTests.test_feature_order_normalization_signs_terminal_and_projection_count) ... ok
test_metadata_cannot_enter_capture_features_selection_or_output (test_stop_trajectory.StopTrajectoryTests.test_metadata_cannot_enter_capture_features_selection_or_output) ... ok
test_passive_capture_exact_t011_outputs_gradients_and_states (test_stop_trajectory.StopTrajectoryTests.test_passive_capture_exact_t011_outputs_gradients_and_states) ... ok
test_clean_families_and_determinism (test_suite.SuiteTests.test_clean_families_and_determinism) ... ok
test_degradation_masks_and_t001_equivalence (test_suite.SuiteTests.test_degradation_masks_and_t001_equivalence) ... ok
test_evaluation_only_reference_and_exports (test_suite.SuiteTests.test_evaluation_only_reference_and_exports) ... ok
test_identity_drift_clean_condition (test_suite.SuiteTests.test_identity_drift_clean_condition) ... ok
test_count_aggregation_and_uniform_field (test_uniform.UniformTests.test_count_aggregation_and_uniform_field) ... ok
test_spatial_one_matches_global_exactly (test_uniform.UniformTests.test_spatial_one_matches_global_exactly) ... ok
test_symmetric_control_stays_near_global_and_resets (test_uniform.UniformTests.test_symmetric_control_stays_near_global_and_resets) ... ok

----------------------------------------------------------------------
Ran 105 tests in 8.892s

OK
/home/wenchang/asdasdsad/wjq/TTIE/.venv/lib/python3.12/site-packages/timm/models/layers/__init__.py:49: FutureWarning: Importing from timm.models.layers is deprecated, please import via timm.layers
  warnings.warn(f"Importing from {__name__} is deprecated, please import via timm.layers", FutureWarning)
/home/wenchang/anaconda3/envs/python3.12-tk2-2.3/lib/python3.12/site-packages/torch/cuda/__init__.py:654: UserWarning: Can't initialize NVML
  warnings.warn("Can't initialize NVML")
/home/wenchang/asdasdsad/wjq/TTIE/.venv/lib/python3.12/site-packages/open_clip/factory.py:129: FutureWarning: You are using `torch.load` with `weights_only=False` (the current default value), which uses the default pickle module implicitly. It is possible to construct malicious pickle data which will execute arbitrary code during unpickling (See https://github.com/pytorch/pytorch/blob/main/SECURITY.md#untrusted-models for more details). In a future release, the default value for `weights_only` will be flipped to `True`. This limits the functions that could be executed during unpickling. Arbitrary objects will no longer be allowed to be loaded via this mode unless they are explicitly allowlisted by the user via `torch.serialization.add_safe_globals`. We recommend you start setting `weights_only=True` for any use case where you don't have full control of the loaded file. Please open an issue on GitHub for any issues related to this experimental feature.
  checkpoint = torch.load(checkpoint_path, map_location=map_location)
Finalized T012 A 12748 clean inputs 1 checkpoints 1 seconds 0.12
Finalized T012 A 12748 homogeneous_dark inputs 2 checkpoints 41 seconds 2.53
Finalized T012 A 12748 homogeneous_bright inputs 3 checkpoints 41 seconds 2.69
Finalized T012 A 12748 left_right inputs 4 checkpoints 41 seconds 2.75
Finalized T012 A 12748 quadrants inputs 5 checkpoints 41 seconds 2.84
Finalized T012 A 13004 clean inputs 6 checkpoints 1 seconds 0.04
Finalized T012 A 13004 homogeneous_dark inputs 7 checkpoints 1 seconds 0.04
Finalized T012 A 13004 homogeneous_bright inputs 8 checkpoints 41 seconds 2.6
Finalized T012 A 13004 left_right inputs 9 checkpoints 10 seconds 0.6
Finalized T012 A 13004 quadrants inputs 10 checkpoints 41 seconds 2.77
Finalized T012 A 13177 clean inputs 11 checkpoints 1 seconds 0.04
Finalized T012 A 13177 homogeneous_dark inputs 12 checkpoints 41 seconds 2.74
Finalized T012 A 13177 homogeneous_bright inputs 13 checkpoints 15 seconds 0.86
Finalized T012 A 13177 left_right inputs 14 checkpoints 41 seconds 2.91
Finalized T012 A 13177 quadrants inputs 15 checkpoints 41 seconds 2.83
Finalized T012 A 13201 clean inputs 16 checkpoints 1 seconds 0.04
Finalized T012 A 13201 homogeneous_dark inputs 17 checkpoints 41 seconds 2.65
Finalized T012 A 13201 homogeneous_bright inputs 18 checkpoints 10 seconds 0.64
Finalized T012 A 13201 left_right inputs 19 checkpoints 10 seconds 0.61
Finalized T012 A 13201 quadrants inputs 20 checkpoints 41 seconds 2.75
Finalized T012 A 13291 clean inputs 21 checkpoints 1 seconds 0.04
Finalized T012 A 13291 homogeneous_dark inputs 22 checkpoints 41 seconds 2.71
Finalized T012 A 13291 homogeneous_bright inputs 23 checkpoints 6 seconds 0.35
Finalized T012 A 13291 left_right inputs 24 checkpoints 41 seconds 2.2
Finalized T012 A 13291 quadrants inputs 25 checkpoints 41 seconds 2.89
Finalized T012 A 13348 clean inputs 26 checkpoints 1 seconds 0.04
Finalized T012 A 13348 homogeneous_dark inputs 27 checkpoints 8 seconds 0.46
Finalized T012 A 13348 homogeneous_bright inputs 28 checkpoints 41 seconds 2.63
Finalized T012 A 13348 left_right inputs 29 checkpoints 8 seconds 0.4
Finalized T012 A 13348 quadrants inputs 30 checkpoints 8 seconds 0.39
Finalized T012 A 13546 clean inputs 31 checkpoints 1 seconds 0.04
Finalized T012 A 13546 homogeneous_dark inputs 32 checkpoints 41 seconds 2.55
Finalized T012 A 13546 homogeneous_bright inputs 33 checkpoints 12 seconds 0.74
Finalized T012 A 13546 left_right inputs 34 checkpoints 8 seconds 0.49
Finalized T012 A 13546 quadrants inputs 35 checkpoints 41 seconds 2.8
Finalized T012 A 13597 clean inputs 36 checkpoints 1 seconds 0.04
Finalized T012 A 13597 homogeneous_dark inputs 37 checkpoints 41 seconds 2.69
Finalized T012 A 13597 homogeneous_bright inputs 38 checkpoints 41 seconds 2.59
Finalized T012 A 13597 left_right inputs 39 checkpoints 41 seconds 2.63
Finalized T012 A 13597 quadrants inputs 40 checkpoints 41 seconds 2.8
Finalized T012 A 13659 clean inputs 41 checkpoints 1 seconds 0.04
Finalized T012 A 13659 homogeneous_dark inputs 42 checkpoints 10 seconds 0.53
Finalized T012 A 13659 homogeneous_bright inputs 43 checkpoints 7 seconds 0.3
Finalized T012 A 13659 left_right inputs 44 checkpoints 9 seconds 0.5
Finalized T012 A 13659 quadrants inputs 45 checkpoints 10 seconds 0.57
Finalized T012 A 13729 clean inputs 46 checkpoints 1 seconds 0.04
Finalized T012 A 13729 homogeneous_dark inputs 47 checkpoints 10 seconds 0.52
Finalized T012 A 13729 homogeneous_bright inputs 48 checkpoints 41 seconds 2.66
Finalized T012 A 13729 left_right inputs 49 checkpoints 41 seconds 2.14
Finalized T012 A 13729 quadrants inputs 50 checkpoints 41 seconds 2.7
Finalized T012 A 13774 clean inputs 51 checkpoints 1 seconds 0.04
Finalized T012 A 13774 homogeneous_dark inputs 52 checkpoints 41 seconds 2.67
Finalized T012 A 13774 homogeneous_bright inputs 53 checkpoints 41 seconds 2.61
Finalized T012 A 13774 left_right inputs 54 checkpoints 41 seconds 2.72
Finalized T012 A 13774 quadrants inputs 55 checkpoints 41 seconds 2.62
Finalized T012 A 13923 clean inputs 56 checkpoints 1 seconds 0.04
Finalized T012 A 13923 homogeneous_dark inputs 57 checkpoints 11 seconds 0.58
Finalized T012 A 13923 homogeneous_bright inputs 58 checkpoints 41 seconds 2.65
Finalized T012 A 13923 left_right inputs 59 checkpoints 41 seconds 2.64
Finalized T012 A 13923 quadrants inputs 60 checkpoints 41 seconds 2.72
Finalized T012 A 14007 clean inputs 61 checkpoints 1 seconds 0.04
Finalized T012 A 14007 homogeneous_dark inputs 62 checkpoints 41 seconds 2.73
Finalized T012 A 14007 homogeneous_bright inputs 63 checkpoints 41 seconds 2.37
Finalized T012 A 14007 left_right inputs 64 checkpoints 41 seconds 2.87
Finalized T012 A 14007 quadrants inputs 65 checkpoints 41 seconds 2.63
Finalized T012 A 14038 clean inputs 66 checkpoints 1 seconds 0.04
Finalized T012 A 14038 homogeneous_dark inputs 67 checkpoints 41 seconds 2.68
Finalized T012 A 14038 homogeneous_bright inputs 68 checkpoints 41 seconds 2.63
Finalized T012 A 14038 left_right inputs 69 checkpoints 41 seconds 2.56
Finalized T012 A 14038 quadrants inputs 70 checkpoints 41 seconds 2.84
Finalized T012 A 14226 clean inputs 71 checkpoints 41 seconds 2.62
Finalized T012 A 14226 homogeneous_dark inputs 72 checkpoints 41 seconds 2.58
Finalized T012 A 14226 homogeneous_bright inputs 73 checkpoints 41 seconds 2.66
Finalized T012 A 14226 left_right inputs 74 checkpoints 41 seconds 2.47
Finalized T012 A 14226 quadrants inputs 75 checkpoints 41 seconds 2.74
Finalized T012 A 14380 clean inputs 76 checkpoints 1 seconds 0.04
Finalized T012 A 14380 homogeneous_dark inputs 77 checkpoints 41 seconds 2.73
Finalized T012 A 14380 homogeneous_bright inputs 78 checkpoints 4 seconds 0.24
Finalized T012 A 14380 left_right inputs 79 checkpoints 10 seconds 0.62
Finalized T012 A 14380 quadrants inputs 80 checkpoints 41 seconds 2.93
Finalized T012 A 14439 clean inputs 81 checkpoints 1 seconds 0.05
Finalized T012 A 14439 homogeneous_dark inputs 82 checkpoints 10 seconds 0.56
Finalized T012 A 14439 homogeneous_bright inputs 83 checkpoints 13 seconds 0.77
Finalized T012 A 14439 left_right inputs 84 checkpoints 13 seconds 0.83
Finalized T012 A 14439 quadrants inputs 85 checkpoints 13 seconds 0.78
Finalized T012 A 14473 clean inputs 86 checkpoints 1 seconds 0.05
Finalized T012 A 14473 homogeneous_dark inputs 87 checkpoints 41 seconds 2.68
Finalized T012 A 14473 homogeneous_bright inputs 88 checkpoints 3 seconds 0.17
Finalized T012 A 14473 left_right inputs 89 checkpoints 41 seconds 2.72
Finalized T012 A 14473 quadrants inputs 90 checkpoints 41 seconds 2.77
Finalized T012 A 14831 clean inputs 91 checkpoints 1 seconds 0.04
Finalized T012 A 14831 homogeneous_dark inputs 92 checkpoints 41 seconds 2.6
Finalized T012 A 14831 homogeneous_bright inputs 93 checkpoints 41 seconds 2.45
Finalized T012 A 14831 left_right inputs 94 checkpoints 41 seconds 2.82
Finalized T012 A 14831 quadrants inputs 95 checkpoints 41 seconds 2.18
Finalized T012 A 14888 clean inputs 96 checkpoints 1 seconds 0.04
Finalized T012 A 14888 homogeneous_dark inputs 97 checkpoints 41 seconds 2.66
Finalized T012 A 14888 homogeneous_bright inputs 98 checkpoints 13 seconds 0.71
Finalized T012 A 14888 left_right inputs 99 checkpoints 11 seconds 0.64
Finalized T012 A 14888 quadrants inputs 100 checkpoints 41 seconds 2.49
Finalized T012 A 15079 clean inputs 101 checkpoints 41 seconds 2.72
Finalized T012 A 15079 homogeneous_dark inputs 102 checkpoints 41 seconds 2.02
Finalized T012 A 15079 homogeneous_bright inputs 103 checkpoints 1 seconds 0.05
Finalized T012 A 15079 left_right inputs 104 checkpoints 41 seconds 2.78
Finalized T012 A 15079 quadrants inputs 105 checkpoints 41 seconds 2.78
Finalized T012 A 15254 clean inputs 106 checkpoints 1 seconds 0.05
Finalized T012 A 15254 homogeneous_dark inputs 107 checkpoints 8 seconds 0.46
Finalized T012 A 15254 homogeneous_bright inputs 108 checkpoints 6 seconds 0.33
Finalized T012 A 15254 left_right inputs 109 checkpoints 1 seconds 0.07
Finalized T012 A 15254 quadrants inputs 110 checkpoints 6 seconds 0.36
Finalized T012 A 15272 clean inputs 111 checkpoints 1 seconds 0.05
Finalized T012 A 15272 homogeneous_dark inputs 112 checkpoints 1 seconds 0.04
Finalized T012 A 15272 homogeneous_bright inputs 113 checkpoints 7 seconds 0.38
Finalized T012 A 15272 left_right inputs 114 checkpoints 7 seconds 0.42
Finalized T012 A 15272 quadrants inputs 115 checkpoints 7 seconds 0.41
Finalized T012 A 15278 clean inputs 116 checkpoints 1 seconds 0.04
Finalized T012 A 15278 homogeneous_dark inputs 117 checkpoints 1 seconds 0.04
Finalized T012 A 15278 homogeneous_bright inputs 118 checkpoints 41 seconds 2.63
Finalized T012 A 15278 left_right inputs 119 checkpoints 41 seconds 2.74
Finalized T012 A 15278 quadrants inputs 120 checkpoints 41 seconds 2.81
Finalized T012 A 15335 clean inputs 121 checkpoints 41 seconds 2.58
Finalized T012 A 15335 homogeneous_dark inputs 122 checkpoints 41 seconds 2.68
Finalized T012 A 15335 homogeneous_bright inputs 123 checkpoints 41 seconds 2.56
Finalized T012 A 15335 left_right inputs 124 checkpoints 41 seconds 2.81
Finalized T012 A 15335 quadrants inputs 125 checkpoints 41 seconds 2.64
Finalized T012 A 15338 clean inputs 126 checkpoints 1 seconds 0.05
Finalized T012 A 15338 homogeneous_dark inputs 127 checkpoints 41 seconds 2.63
Finalized T012 A 15338 homogeneous_bright inputs 128 checkpoints 6 seconds 0.35
Finalized T012 A 15338 left_right inputs 129 checkpoints 41 seconds 2.65
Finalized T012 A 15338 quadrants inputs 130 checkpoints 41 seconds 2.87
Finalized T012 A 15440 clean inputs 131 checkpoints 1 seconds 0.05
Finalized T012 A 15440 homogeneous_dark inputs 132 checkpoints 41 seconds 2.59
Finalized T012 A 15440 homogeneous_bright inputs 133 checkpoints 41 seconds 2.36
Finalized T012 A 15440 left_right inputs 134 checkpoints 41 seconds 2.9
Finalized T012 A 15440 quadrants inputs 135 checkpoints 41 seconds 2.82
Finalized T012 A 15497 clean inputs 136 checkpoints 1 seconds 0.04
Finalized T012 A 15497 homogeneous_dark inputs 137 checkpoints 41 seconds 2.55
Finalized T012 A 15497 homogeneous_bright inputs 138 checkpoints 1 seconds 0.04
Finalized T012 A 15497 left_right inputs 139 checkpoints 41 seconds 2.53
Finalized T012 A 15497 quadrants inputs 140 checkpoints 41 seconds 2.67
Finalized T012 A 15517 clean inputs 141 checkpoints 1 seconds 0.04
Finalized T012 A 15517 homogeneous_dark inputs 142 checkpoints 41 seconds 2.38
Finalized T012 A 15517 homogeneous_bright inputs 143 checkpoints 41 seconds 2.43
Finalized T012 A 15517 left_right inputs 144 checkpoints 41 seconds 2.82
Finalized T012 A 15517 quadrants inputs 145 checkpoints 41 seconds 2.62
Finalized T012 A 15597 clean inputs 146 checkpoints 1 seconds 0.05
Finalized T012 A 15597 homogeneous_dark inputs 147 checkpoints 41 seconds 2.72
Finalized T012 A 15597 homogeneous_bright inputs 148 checkpoints 41 seconds 2.63
Finalized T012 A 15597 left_right inputs 149 checkpoints 41 seconds 2.41
Finalized T012 A 15597 quadrants inputs 150 checkpoints 41 seconds 2.78
Finalized T012 A 15660 clean inputs 151 checkpoints 1 seconds 0.05
Finalized T012 A 15660 homogeneous_dark inputs 152 checkpoints 1 seconds 0.05
Finalized T012 A 15660 homogeneous_bright inputs 153 checkpoints 41 seconds 2.88
Finalized T012 A 15660 left_right inputs 154 checkpoints 41 seconds 2.75
Finalized T012 A 15660 quadrants inputs 155 checkpoints 41 seconds 2.96
Finalized T012 A 15746 clean inputs 156 checkpoints 1 seconds 0.05
Finalized T012 A 15746 homogeneous_dark inputs 157 checkpoints 1 seconds 0.05
Finalized T012 A 15746 homogeneous_bright inputs 158 checkpoints 4 seconds 0.23
Finalized T012 A 15746 left_right inputs 159 checkpoints 4 seconds 0.25
Finalized T012 A 15746 quadrants inputs 160 checkpoints 4 seconds 0.26
Finalized T012 A 15751 clean inputs 161 checkpoints 1 seconds 0.05
Finalized T012 A 15751 homogeneous_dark inputs 162 checkpoints 41 seconds 2.64
Finalized T012 A 15751 homogeneous_bright inputs 163 checkpoints 41 seconds 2.69
Finalized T012 A 15751 left_right inputs 164 checkpoints 41 seconds 2.61
Finalized T012 A 15751 quadrants inputs 165 checkpoints 41 seconds 2.81
Finalized T012 A 15956 clean inputs 166 checkpoints 1 seconds 0.04
Finalized T012 A 15956 homogeneous_dark inputs 167 checkpoints 10 seconds 0.56
Finalized T012 A 15956 homogeneous_bright inputs 168 checkpoints 7 seconds 0.37
Finalized T012 A 15956 left_right inputs 169 checkpoints 10 seconds 0.59
Finalized T012 A 15956 quadrants inputs 170 checkpoints 7 seconds 0.48
Finalized T012 A 16010 clean inputs 171 checkpoints 1 seconds 0.05
Finalized T012 A 16010 homogeneous_dark inputs 172 checkpoints 41 seconds 2.34
Finalized T012 A 16010 homogeneous_bright inputs 173 checkpoints 41 seconds 2.65
Finalized T012 A 16010 left_right inputs 174 checkpoints 41 seconds 2.76
Finalized T012 A 16010 quadrants inputs 175 checkpoints 41 seconds 2.54
Finalized T012 A 16228 clean inputs 176 checkpoints 1 seconds 0.05
Finalized T012 A 16228 homogeneous_dark inputs 177 checkpoints 41 seconds 2.62
Finalized T012 A 16228 homogeneous_bright inputs 178 checkpoints 41 seconds 2.71
Finalized T012 A 16228 left_right inputs 179 checkpoints 41 seconds 2.79
Finalized T012 A 16228 quadrants inputs 180 checkpoints 41 seconds 2.88
Finalized T012 A 16249 clean inputs 181 checkpoints 1 seconds 0.05
Finalized T012 A 16249 homogeneous_dark inputs 182 checkpoints 41 seconds 2.6
Finalized T012 A 16249 homogeneous_bright inputs 183 checkpoints 5 seconds 0.28
Finalized T012 A 16249 left_right inputs 184 checkpoints 41 seconds 2.59
Finalized T012 A 16249 quadrants inputs 185 checkpoints 41 seconds 2.78
Finalized T012 A 16439 clean inputs 186 checkpoints 7 seconds 0.39
Finalized T012 A 16439 homogeneous_dark inputs 187 checkpoints 41 seconds 2.62
Finalized T012 A 16439 homogeneous_bright inputs 188 checkpoints 41 seconds 2.41
Finalized T012 A 16439 left_right inputs 189 checkpoints 41 seconds 2.7
Finalized T012 A 16439 quadrants inputs 190 checkpoints 41 seconds 2.73
Finalized T012 A 16451 clean inputs 191 checkpoints 1 seconds 0.04
Finalized T012 A 16451 homogeneous_dark inputs 192 checkpoints 10 seconds 0.52
Finalized T012 A 16451 homogeneous_bright inputs 193 checkpoints 41 seconds 2.58
Finalized T012 A 16451 left_right inputs 194 checkpoints 41 seconds 2.55
Finalized T012 A 16451 quadrants inputs 195 checkpoints 41 seconds 2.66
Finalized T012 A 16502 clean inputs 196 checkpoints 1 seconds 0.05
Finalized T012 A 16502 homogeneous_dark inputs 197 checkpoints 41 seconds 2.59
Finalized T012 A 16502 homogeneous_bright inputs 198 checkpoints 41 seconds 2.0
Finalized T012 A 16502 left_right inputs 199 checkpoints 41 seconds 2.68
Finalized T012 A 16502 quadrants inputs 200 checkpoints 41 seconds 2.66
Finalized T012 A 16598 clean inputs 201 checkpoints 6 seconds 0.33
Finalized T012 A 16598 homogeneous_dark inputs 202 checkpoints 41 seconds 2.63
Finalized T012 A 16598 homogeneous_bright inputs 203 checkpoints 41 seconds 1.93
Finalized T012 A 16598 left_right inputs 204 checkpoints 41 seconds 2.79
Finalized T012 A 16598 quadrants inputs 205 checkpoints 41 seconds 2.77
Finalized T012 A 16958 clean inputs 206 checkpoints 1 seconds 0.05
Finalized T012 A 16958 homogeneous_dark inputs 207 checkpoints 41 seconds 2.63
Finalized T012 A 16958 homogeneous_bright inputs 208 checkpoints 1 seconds 0.05
Finalized T012 A 16958 left_right inputs 209 checkpoints 41 seconds 2.8
Finalized T012 A 16958 quadrants inputs 210 checkpoints 41 seconds 2.75
Finalized T012 A 17029 clean inputs 211 checkpoints 1 seconds 0.04
Finalized T012 A 17029 homogeneous_dark inputs 212 checkpoints 41 seconds 2.54
Finalized T012 A 17029 homogeneous_bright inputs 213 checkpoints 41 seconds 2.44
Finalized T012 A 17029 left_right inputs 214 checkpoints 41 seconds 2.66
Finalized T012 A 17029 quadrants inputs 215 checkpoints 41 seconds 2.58
Finalized T012 A 17031 clean inputs 216 checkpoints 1 seconds 0.05
Finalized T012 A 17031 homogeneous_dark inputs 217 checkpoints 41 seconds 2.74
Finalized T012 A 17031 homogeneous_bright inputs 218 checkpoints 41 seconds 2.63
Finalized T012 A 17031 left_right inputs 219 checkpoints 41 seconds 2.89
Finalized T012 A 17031 quadrants inputs 220 checkpoints 10 seconds 0.63
Finalized T012 A 17115 clean inputs 221 checkpoints 1 seconds 0.05
Finalized T012 A 17115 homogeneous_dark inputs 222 checkpoints 1 seconds 0.05
Finalized T012 A 17115 homogeneous_bright inputs 223 checkpoints 41 seconds 2.61
Finalized T012 A 17115 left_right inputs 224 checkpoints 6 seconds 0.38
Finalized T012 A 17115 quadrants inputs 225 checkpoints 8 seconds 0.4
Finalized T012 A 17178 clean inputs 226 checkpoints 1 seconds 0.05
Finalized T012 A 17178 homogeneous_dark inputs 227 checkpoints 11 seconds 0.49
Finalized T012 A 17178 homogeneous_bright inputs 228 checkpoints 41 seconds 2.57
Finalized T012 A 17178 left_right inputs 229 checkpoints 41 seconds 2.83
Finalized T012 A 17178 quadrants inputs 230 checkpoints 41 seconds 2.51
Finalized T012 A 17182 clean inputs 231 checkpoints 1 seconds 0.05
Finalized T012 A 17182 homogeneous_dark inputs 232 checkpoints 1 seconds 0.05
Finalized T012 A 17182 homogeneous_bright inputs 233 checkpoints 41 seconds 2.64
Finalized T012 A 17182 left_right inputs 234 checkpoints 41 seconds 2.8
Finalized T012 A 17182 quadrants inputs 235 checkpoints 41 seconds 2.81
Finalized T012 A 17207 clean inputs 236 checkpoints 41 seconds 2.66
Finalized T012 A 17207 homogeneous_dark inputs 237 checkpoints 41 seconds 1.97
Finalized T012 A 17207 homogeneous_bright inputs 238 checkpoints 41 seconds 2.63
Finalized T012 A 17207 left_right inputs 239 checkpoints 41 seconds 2.68
Finalized T012 A 17207 quadrants inputs 240 checkpoints 41 seconds 2.82
Finalized T012 A 17379 clean inputs 241 checkpoints 1 seconds 0.05
Finalized T012 A 17379 homogeneous_dark inputs 242 checkpoints 41 seconds 2.09
Finalized T012 A 17379 homogeneous_bright inputs 243 checkpoints 41 seconds 2.66
Finalized T012 A 17379 left_right inputs 244 checkpoints 41 seconds 2.73
Finalized T012 A 17379 quadrants inputs 245 checkpoints 41 seconds 2.82
Finalized T012 A 17436 clean inputs 246 checkpoints 1 seconds 0.05
Finalized T012 A 17436 homogeneous_dark inputs 247 checkpoints 41 seconds 2.59
Finalized T012 A 17436 homogeneous_bright inputs 248 checkpoints 41 seconds 2.54
Finalized T012 A 17436 left_right inputs 249 checkpoints 41 seconds 2.79
Finalized T012 A 17436 quadrants inputs 250 checkpoints 41 seconds 2.85
Finalized T012 A 17627 clean inputs 251 checkpoints 1 seconds 0.05
Finalized T012 A 17627 homogeneous_dark inputs 252 checkpoints 41 seconds 2.56
Finalized T012 A 17627 homogeneous_bright inputs 253 checkpoints 5 seconds 0.29
Finalized T012 A 17627 left_right inputs 254 checkpoints 41 seconds 2.85
Finalized T012 A 17627 quadrants inputs 255 checkpoints 9 seconds 0.43
Finalized T012 A 17714 clean inputs 256 checkpoints 1 seconds 0.05
Finalized T012 A 17714 homogeneous_dark inputs 257 checkpoints 41 seconds 2.54
Finalized T012 A 17714 homogeneous_bright inputs 258 checkpoints 41 seconds 2.69
Finalized T012 A 17714 left_right inputs 259 checkpoints 41 seconds 2.64
Finalized T012 A 17714 quadrants inputs 260 checkpoints 41 seconds 2.76
Finalized T012 A 17899 clean inputs 261 checkpoints 1 seconds 0.05
Finalized T012 A 17899 homogeneous_dark inputs 262 checkpoints 11 seconds 0.6
Finalized T012 A 17899 homogeneous_bright inputs 263 checkpoints 41 seconds 2.66
Finalized T012 A 17899 left_right inputs 264 checkpoints 41 seconds 2.83
Finalized T012 A 17899 quadrants inputs 265 checkpoints 41 seconds 2.75
Finalized T012 A 17905 clean inputs 266 checkpoints 1 seconds 0.05
Finalized T012 A 17905 homogeneous_dark inputs 267 checkpoints 10 seconds 0.55
Finalized T012 A 17905 homogeneous_bright inputs 268 checkpoints 41 seconds 2.63
Finalized T012 A 17905 left_right inputs 269 checkpoints 7 seconds 0.38
Finalized T012 A 17905 quadrants inputs 270 checkpoints 41 seconds 2.62
Finalized T012 A 17959 clean inputs 271 checkpoints 1 seconds 0.05
Finalized T012 A 17959 homogeneous_dark inputs 272 checkpoints 1 seconds 0.05
Finalized T012 A 17959 homogeneous_bright inputs 273 checkpoints 41 seconds 2.75
Finalized T012 A 17959 left_right inputs 274 checkpoints 41 seconds 2.84
Finalized T012 A 17959 quadrants inputs 275 checkpoints 41 seconds 2.81
Finalized T012 A 18150 clean inputs 276 checkpoints 1 seconds 0.05
Finalized T012 A 18150 homogeneous_dark inputs 277 checkpoints 10 seconds 0.53
Finalized T012 A 18150 homogeneous_bright inputs 278 checkpoints 41 seconds 2.59
Finalized T012 A 18150 left_right inputs 279 checkpoints 41 seconds 2.81
Finalized T012 A 18150 quadrants inputs 280 checkpoints 9 seconds 0.54
Finalized T012 A 18193 clean inputs 281 checkpoints 41 seconds 2.64
Finalized T012 A 18193 homogeneous_dark inputs 282 checkpoints 41 seconds 2.72
Finalized T012 A 18193 homogeneous_bright inputs 283 checkpoints 41 seconds 2.6
Finalized T012 A 18193 left_right inputs 284 checkpoints 41 seconds 2.83
Finalized T012 A 18193 quadrants inputs 285 checkpoints 41 seconds 2.75
Finalized T012 A 18380 clean inputs 286 checkpoints 1 seconds 0.05
Finalized T012 A 18380 homogeneous_dark inputs 287 checkpoints 41 seconds 2.73
Finalized T012 A 18380 homogeneous_bright inputs 288 checkpoints 41 seconds 2.64
Finalized T012 A 18380 left_right inputs 289 checkpoints 41 seconds 2.81
Finalized T012 A 18380 quadrants inputs 290 checkpoints 41 seconds 2.88
Finalized T012 A 18491 clean inputs 291 checkpoints 1 seconds 0.05
Finalized T012 A 18491 homogeneous_dark inputs 292 checkpoints 8 seconds 0.45
Finalized T012 A 18491 homogeneous_bright inputs 293 checkpoints 3 seconds 0.17
Finalized T012 A 18491 left_right inputs 294 checkpoints 8 seconds 0.5
Finalized T012 A 18491 quadrants inputs 295 checkpoints 1 seconds 0.07
Finalized T012 A 18519 clean inputs 296 checkpoints 1 seconds 0.05
Finalized T012 A 18519 homogeneous_dark inputs 297 checkpoints 41 seconds 2.37
Finalized T012 A 18519 homogeneous_bright inputs 298 checkpoints 41 seconds 2.24
Finalized T012 A 18519 left_right inputs 299 checkpoints 41 seconds 2.76
Finalized T012 A 18519 quadrants inputs 300 checkpoints 41 seconds 2.66
Finalized T012 A 18575 clean inputs 301 checkpoints 1 seconds 0.05
Finalized T012 A 18575 homogeneous_dark inputs 302 checkpoints 1 seconds 0.05
Finalized T012 A 18575 homogeneous_bright inputs 303 checkpoints 41 seconds 2.64
Finalized T012 A 18575 left_right inputs 304 checkpoints 41 seconds 2.75
Finalized T012 A 18575 quadrants inputs 305 checkpoints 41 seconds 2.8
Finalized T012 A 18737 clean inputs 306 checkpoints 1 seconds 0.05
Finalized T012 A 18737 homogeneous_dark inputs 307 checkpoints 1 seconds 0.05
Finalized T012 A 18737 homogeneous_bright inputs 308 checkpoints 41 seconds 2.66
Finalized T012 A 18737 left_right inputs 309 checkpoints 41 seconds 2.89
Finalized T012 A 18737 quadrants inputs 310 checkpoints 41 seconds 2.83
Finalized T012 A 18770 clean inputs 311 checkpoints 41 seconds 2.68
Finalized T012 A 18770 homogeneous_dark inputs 312 checkpoints 41 seconds 2.73
Finalized T012 A 18770 homogeneous_bright inputs 313 checkpoints 1 seconds 0.05
Finalized T012 A 18770 left_right inputs 314 checkpoints 41 seconds 2.87
Finalized T012 A 18770 quadrants inputs 315 checkpoints 41 seconds 2.81
Finalized T012 A 18833 clean inputs 316 checkpoints 1 seconds 0.05
Finalized T012 A 18833 homogeneous_dark inputs 317 checkpoints 41 seconds 2.63
Finalized T012 A 18833 homogeneous_bright inputs 318 checkpoints 41 seconds 2.64
Finalized T012 A 18833 left_right inputs 319 checkpoints 41 seconds 2.89
Finalized T012 A 18833 quadrants inputs 320 checkpoints 41 seconds 2.82
Finalized T012 A 18837 clean inputs 321 checkpoints 1 seconds 0.05
Finalized T012 A 18837 homogeneous_dark inputs 322 checkpoints 11 seconds 0.63
Finalized T012 A 18837 homogeneous_bright inputs 323 checkpoints 41 seconds 2.52
Finalized T012 A 18837 left_right inputs 324 checkpoints 41 seconds 2.7
Finalized T012 A 18837 quadrants inputs 325 checkpoints 41 seconds 2.65
Finalized T012 A 19042 clean inputs 326 checkpoints 1 seconds 0.05
Finalized T012 A 19042 homogeneous_dark inputs 327 checkpoints 1 seconds 0.05
Finalized T012 A 19042 homogeneous_bright inputs 328 checkpoints 41 seconds 2.69
Finalized T012 A 19042 left_right inputs 329 checkpoints 41 seconds 3.02
Finalized T012 A 19042 quadrants inputs 330 checkpoints 41 seconds 2.94
Finalized T012 A 19109 clean inputs 331 checkpoints 1 seconds 0.05
Finalized T012 A 19109 homogeneous_dark inputs 332 checkpoints 10 seconds 0.58
Finalized T012 A 19109 homogeneous_bright inputs 333 checkpoints 41 seconds 2.56
Finalized T012 A 19109 left_right inputs 334 checkpoints 10 seconds 0.59
Finalized T012 A 19109 quadrants inputs 335 checkpoints 10 seconds 0.62
Finalized T012 A 19221 clean inputs 336 checkpoints 41 seconds 2.56
Finalized T012 A 19221 homogeneous_dark inputs 337 checkpoints 41 seconds 2.63
Finalized T012 A 19221 homogeneous_bright inputs 338 checkpoints 41 seconds 2.58
Finalized T012 A 19221 left_right inputs 339 checkpoints 41 seconds 2.85
Finalized T012 A 19221 quadrants inputs 340 checkpoints 41 seconds 2.74
Finalized T012 A 19402 clean inputs 341 checkpoints 41 seconds 2.67
Finalized T012 A 19402 homogeneous_dark inputs 342 checkpoints 41 seconds 2.62
Finalized T012 A 19402 homogeneous_bright inputs 343 checkpoints 41 seconds 2.59
Finalized T012 A 19402 left_right inputs 344 checkpoints 41 seconds 2.76
Finalized T012 A 19402 quadrants inputs 345 checkpoints 41 seconds 2.86
Finalized T012 A 19432 clean inputs 346 checkpoints 1 seconds 0.05
Finalized T012 A 19432 homogeneous_dark inputs 347 checkpoints 41 seconds 2.23
Finalized T012 A 19432 homogeneous_bright inputs 348 checkpoints 10 seconds 0.54
Finalized T012 A 19432 left_right inputs 349 checkpoints 7 seconds 0.42
Finalized T012 A 19432 quadrants inputs 350 checkpoints 41 seconds 2.85
Finalized T012 A 19742 clean inputs 351 checkpoints 1 seconds 0.05
Finalized T012 A 19742 homogeneous_dark inputs 352 checkpoints 41 seconds 2.25
Finalized T012 A 19742 homogeneous_bright inputs 353 checkpoints 41 seconds 2.58
Finalized T012 A 19742 left_right inputs 354 checkpoints 41 seconds 2.41
Finalized T012 A 19742 quadrants inputs 355 checkpoints 41 seconds 2.82
Finalized T012 A 19786 clean inputs 356 checkpoints 1 seconds 0.05
Finalized T012 A 19786 homogeneous_dark inputs 357 checkpoints 41 seconds 2.62
Finalized T012 A 19786 homogeneous_bright inputs 358 checkpoints 41 seconds 2.41
Finalized T012 A 19786 left_right inputs 359 checkpoints 41 seconds 2.82
Finalized T012 A 19786 quadrants inputs 360 checkpoints 41 seconds 2.84
Finalized T012 A 19924 clean inputs 361 checkpoints 1 seconds 0.05
Finalized T012 A 19924 homogeneous_dark inputs 362 checkpoints 41 seconds 2.51
Finalized T012 A 19924 homogeneous_bright inputs 363 checkpoints 41 seconds 2.55
Finalized T012 A 19924 left_right inputs 364 checkpoints 41 seconds 2.63
Finalized T012 A 19924 quadrants inputs 365 checkpoints 41 seconds 2.57
Finalized T012 A 20059 clean inputs 366 checkpoints 4 seconds 0.22
Finalized T012 A 20059 homogeneous_dark inputs 367 checkpoints 1 seconds 0.05
Finalized T012 A 20059 homogeneous_bright inputs 368 checkpoints 41 seconds 2.68
Finalized T012 A 20059 left_right inputs 369 checkpoints 41 seconds 2.85
Finalized T012 A 20059 quadrants inputs 370 checkpoints 41 seconds 2.83
Finalized T012 A 20107 clean inputs 371 checkpoints 1 seconds 0.05
Finalized T012 A 20107 homogeneous_dark inputs 372 checkpoints 41 seconds 2.65
Finalized T012 A 20107 homogeneous_bright inputs 373 checkpoints 4 seconds 0.32
Finalized T012 A 20107 left_right inputs 374 checkpoints 10 seconds 0.63
Finalized T012 A 20107 quadrants inputs 375 checkpoints 41 seconds 2.62
Finalized T012 A 20247 clean inputs 376 checkpoints 1 seconds 0.05
Finalized T012 A 20247 homogeneous_dark inputs 377 checkpoints 41 seconds 2.71
Finalized T012 A 20247 homogeneous_bright inputs 378 checkpoints 41 seconds 2.61
Finalized T012 A 20247 left_right inputs 379 checkpoints 41 seconds 2.56
Finalized T012 A 20247 quadrants inputs 380 checkpoints 41 seconds 2.76
Finalized T012 A 20333 clean inputs 381 checkpoints 1 seconds 0.05
Finalized T012 A 20333 homogeneous_dark inputs 382 checkpoints 41 seconds 2.73
Finalized T012 A 20333 homogeneous_bright inputs 383 checkpoints 41 seconds 2.68
Finalized T012 A 20333 left_right inputs 384 checkpoints 41 seconds 2.89
Finalized T012 A 20333 quadrants inputs 385 checkpoints 41 seconds 2.82
Finalized T012 A 20553 clean inputs 386 checkpoints 1 seconds 0.05
Finalized T012 A 20553 homogeneous_dark inputs 387 checkpoints 6 seconds 0.34
Finalized T012 A 20553 homogeneous_bright inputs 388 checkpoints 6 seconds 0.31
Finalized T012 A 20553 left_right inputs 389 checkpoints 5 seconds 0.3
Finalized T012 A 20553 quadrants inputs 390 checkpoints 3 seconds 0.19
Finalized T012 A 20571 clean inputs 391 checkpoints 1 seconds 0.05
Finalized T012 A 20571 homogeneous_dark inputs 392 checkpoints 10 seconds 0.55
Finalized T012 A 20571 homogeneous_bright inputs 393 checkpoints 3 seconds 0.16
Finalized T012 A 20571 left_right inputs 394 checkpoints 10 seconds 0.59
Finalized T012 A 20571 quadrants inputs 395 checkpoints 10 seconds 0.57
Finalized T012 A 20992 clean inputs 396 checkpoints 1 seconds 0.05
Finalized T012 A 20992 homogeneous_dark inputs 397 checkpoints 41 seconds 2.75
Finalized T012 A 20992 homogeneous_bright inputs 398 checkpoints 41 seconds 2.64
Finalized T012 A 20992 left_right inputs 399 checkpoints 41 seconds 2.88
Finalized T012 A 20992 quadrants inputs 400 checkpoints 41 seconds 2.81
Finalized T012 A 21167 clean inputs 401 checkpoints 41 seconds 2.88
Finalized T012 A 21167 homogeneous_dark inputs 402 checkpoints 41 seconds 2.91
Finalized T012 A 21167 homogeneous_bright inputs 403 checkpoints 41 seconds 2.9
Finalized T012 A 21167 left_right inputs 404 checkpoints 41 seconds 2.99
Finalized T012 A 21167 quadrants inputs 405 checkpoints 41 seconds 3.03
Finalized T012 A 21503 clean inputs 406 checkpoints 1 seconds 0.06
Finalized T012 A 21503 homogeneous_dark inputs 407 checkpoints 41 seconds 2.57
Finalized T012 A 21503 homogeneous_bright inputs 408 checkpoints 41 seconds 2.78
Finalized T012 A 21503 left_right inputs 409 checkpoints 41 seconds 2.94
Finalized T012 A 21503 quadrants inputs 410 checkpoints 41 seconds 2.97
Finalized T012 A 21604 clean inputs 411 checkpoints 7 seconds 0.47
Finalized T012 A 21604 homogeneous_dark inputs 412 checkpoints 41 seconds 2.47
Finalized T012 A 21604 homogeneous_bright inputs 413 checkpoints 3 seconds 0.3
Finalized T012 A 21604 left_right inputs 414 checkpoints 41 seconds 2.63
Finalized T012 A 21604 quadrants inputs 415 checkpoints 41 seconds 2.82
Finalized T012 A 21839 clean inputs 416 checkpoints 1 seconds 0.06
Finalized T012 A 21839 homogeneous_dark inputs 417 checkpoints 41 seconds 2.77
Finalized T012 A 21839 homogeneous_bright inputs 418 checkpoints 41 seconds 2.83
Finalized T012 A 21839 left_right inputs 419 checkpoints 41 seconds 3.05
Finalized T012 A 21839 quadrants inputs 420 checkpoints 41 seconds 2.99
Finalized T012 A 21879 clean inputs 421 checkpoints 1 seconds 0.06
Finalized T012 A 21879 homogeneous_dark inputs 422 checkpoints 41 seconds 2.8
Finalized T012 A 21879 homogeneous_bright inputs 423 checkpoints 41 seconds 3.0
Finalized T012 A 21879 left_right inputs 424 checkpoints 41 seconds 3.05
Finalized T012 A 21879 quadrants inputs 425 checkpoints 41 seconds 3.07
Finalized T012 A 21903 clean inputs 426 checkpoints 41 seconds 2.73
Finalized T012 A 21903 homogeneous_dark inputs 427 checkpoints 41 seconds 2.74
Finalized T012 A 21903 homogeneous_bright inputs 428 checkpoints 41 seconds 2.71
Finalized T012 A 21903 left_right inputs 429 checkpoints 41 seconds 3.03
Finalized T012 A 21903 quadrants inputs 430 checkpoints 41 seconds 2.92
Finalized T012 A 22192 clean inputs 431 checkpoints 1 seconds 0.07
Finalized T012 A 22192 homogeneous_dark inputs 432 checkpoints 41 seconds 2.94
Finalized T012 A 22192 homogeneous_bright inputs 433 checkpoints 41 seconds 2.9
Finalized T012 A 22192 left_right inputs 434 checkpoints 41 seconds 3.12
Finalized T012 A 22192 quadrants inputs 435 checkpoints 41 seconds 3.09
Finalized T012 A 22396 clean inputs 436 checkpoints 1 seconds 0.06
Finalized T012 A 22396 homogeneous_dark inputs 437 checkpoints 41 seconds 2.78
Finalized T012 A 22396 homogeneous_bright inputs 438 checkpoints 41 seconds 2.69
Finalized T012 A 22396 left_right inputs 439 checkpoints 41 seconds 3.0
Finalized T012 A 22396 quadrants inputs 440 checkpoints 41 seconds 2.78
Finalized T012 A 22479 clean inputs 441 checkpoints 1 seconds 0.06
Finalized T012 A 22479 homogeneous_dark inputs 442 checkpoints 41 seconds 2.73
Finalized T012 A 22479 homogeneous_bright inputs 443 checkpoints 41 seconds 2.79
Finalized T012 A 22479 left_right inputs 444 checkpoints 41 seconds 2.77
Finalized T012 A 22479 quadrants inputs 445 checkpoints 41 seconds 2.88
Finalized T012 A 22589 clean inputs 446 checkpoints 1 seconds 0.06
Finalized T012 A 22589 homogeneous_dark inputs 447 checkpoints 8 seconds 0.6
Finalized T012 A 22589 homogeneous_bright inputs 448 checkpoints 1 seconds 0.06
Finalized T012 A 22589 left_right inputs 449 checkpoints 1 seconds 0.09
Finalized T012 A 22589 quadrants inputs 450 checkpoints 1 seconds 0.09
Finalized T012 A 22623 clean inputs 451 checkpoints 1 seconds 0.06
Finalized T012 A 22623 homogeneous_dark inputs 452 checkpoints 41 seconds 2.77
Finalized T012 A 22623 homogeneous_bright inputs 453 checkpoints 41 seconds 2.9
Finalized T012 A 22623 left_right inputs 454 checkpoints 41 seconds 3.06
Finalized T012 A 22623 quadrants inputs 455 checkpoints 41 seconds 2.65
Finalized T012 A 22705 clean inputs 456 checkpoints 1 seconds 0.06
Finalized T012 A 22705 homogeneous_dark inputs 457 checkpoints 10 seconds 0.76
Finalized T012 A 22705 homogeneous_bright inputs 458 checkpoints 41 seconds 2.94
Finalized T012 A 22705 left_right inputs 459 checkpoints 41 seconds 3.0
Finalized T012 A 22705 quadrants inputs 460 checkpoints 41 seconds 2.96
Finalized T012 A 22755 clean inputs 461 checkpoints 8 seconds 0.51
Finalized T012 A 22755 homogeneous_dark inputs 462 checkpoints 41 seconds 2.85
Finalized T012 A 22755 homogeneous_bright inputs 463 checkpoints 1 seconds 0.06
Finalized T012 A 22755 left_right inputs 464 checkpoints 41 seconds 3.02
Finalized T012 A 22755 quadrants inputs 465 checkpoints 41 seconds 2.79
Finalized T012 A 22892 clean inputs 466 checkpoints 41 seconds 2.81
Finalized T012 A 22892 homogeneous_dark inputs 467 checkpoints 41 seconds 2.53
Finalized T012 A 22892 homogeneous_bright inputs 468 checkpoints 41 seconds 2.92
Finalized T012 A 22892 left_right inputs 469 checkpoints 41 seconds 2.97
Finalized T012 A 22892 quadrants inputs 470 checkpoints 41 seconds 3.12
Finalized T012 A 22935 clean inputs 471 checkpoints 1 seconds 0.06
Finalized T012 A 22935 homogeneous_dark inputs 472 checkpoints 41 seconds 2.77
Finalized T012 A 22935 homogeneous_bright inputs 473 checkpoints 41 seconds 2.9
Finalized T012 A 22935 left_right inputs 474 checkpoints 41 seconds 3.04
Finalized T012 A 22935 quadrants inputs 475 checkpoints 41 seconds 2.88
Finalized T012 A 22969 clean inputs 476 checkpoints 1 seconds 0.06
Finalized T012 A 22969 homogeneous_dark inputs 477 checkpoints 1 seconds 0.06
Finalized T012 A 22969 homogeneous_bright inputs 478 checkpoints 41 seconds 2.85
Finalized T012 A 22969 left_right inputs 479 checkpoints 41 seconds 2.95
Finalized T012 A 22969 quadrants inputs 480 checkpoints 41 seconds 3.01
Finalized T012 A 23023 clean inputs 481 checkpoints 1 seconds 0.06
Finalized T012 A 23023 homogeneous_dark inputs 482 checkpoints 41 seconds 2.36
Finalized T012 A 23023 homogeneous_bright inputs 483 checkpoints 41 seconds 2.73
Finalized T012 A 23023 left_right inputs 484 checkpoints 41 seconds 2.76
Finalized T012 A 23023 quadrants inputs 485 checkpoints 41 seconds 2.72
Finalized T012 A 23126 clean inputs 486 checkpoints 41 seconds 2.85
Finalized T012 A 23126 homogeneous_dark inputs 487 checkpoints 41 seconds 2.88
Finalized T012 A 23126 homogeneous_bright inputs 488 checkpoints 41 seconds 2.93
Finalized T012 A 23126 left_right inputs 489 checkpoints 41 seconds 3.08
Finalized T012 A 23126 quadrants inputs 490 checkpoints 41 seconds 3.17
Finalized T012 A 23230 clean inputs 491 checkpoints 1 seconds 0.07
Finalized T012 A 23230 homogeneous_dark inputs 492 checkpoints 1 seconds 0.07
Finalized T012 A 23230 homogeneous_bright inputs 493 checkpoints 41 seconds 2.86
Finalized T012 A 23230 left_right inputs 494 checkpoints 10 seconds 0.8
Finalized T012 A 23230 quadrants inputs 495 checkpoints 41 seconds 3.02
Finalized T012 A 23359 clean inputs 496 checkpoints 1 seconds 0.07
Finalized T012 A 23359 homogeneous_dark inputs 497 checkpoints 41 seconds 2.53
Finalized T012 A 23359 homogeneous_bright inputs 498 checkpoints 41 seconds 2.47
Finalized T012 A 23359 left_right inputs 499 checkpoints 41 seconds 3.04
Finalized T012 A 23359 quadrants inputs 500 checkpoints 41 seconds 3.09
Stage A passes False failed ['clean_p95', 'homogeneous_dark', 'beyond_discrete', 'beyond_fixed_step'] fixed step 16
STOP: no fresh T012 manifest/scoring in this process. Commit a passing frozen receipt first.
[autodl] finished_at=2026-09-12T15:30:42+08:00
[autodl] exit_code=0
