[autodl] run_id=20260921-172057-ttie-t071a-official-real
[autodl] started_at=2026-09-21T17:21:03+08:00
......                                                                   [100%]
6 passed in 1.61s
/home/wenchang/asdasdsad/wjq/TTIE/.venv/lib/python3.12/site-packages/timm/models/layers/__init__.py:49: FutureWarning: Importing from timm.models.layers is deprecated, please import via timm.layers
  warnings.warn(f"Importing from {__name__} is deprecated, please import via timm.layers", FutureWarning)
/home/wenchang/asdasdsad/wjq/TTIE/.venv/lib/python3.12/site-packages/open_clip/factory.py:129: FutureWarning: You are using `torch.load` with `weights_only=False` (the current default value), which uses the default pickle module implicitly. It is possible to construct malicious pickle data which will execute arbitrary code during unpickling (See https://github.com/pytorch/pytorch/blob/main/SECURITY.md#untrusted-models for more details). In a future release, the default value for `weights_only` will be flipped to `True`. This limits the functions that could be executed during unpickling. Arbitrary objects will no longer be allowed to be loaded via this mode unless they are explicitly allowlisted by the user via `torch.serialization.add_safe_globals`. We recommend you start setting `weights_only=True` for any use case where you don't have full control of the loaded file. Please open an issue on GitHub for any issues related to this experimental feature.
  checkpoint = torch.load(checkpoint_path, map_location=map_location)
{"completed": 1, "seconds": 0.8948584450117778}
{"completed": 2, "seconds": 0.6339336459932383}
{"completed": 3, "seconds": 0.6329801800020505}
{"completed": 4, "seconds": 0.6388311010086909}
{"completed": 5, "seconds": 0.6200008929881733}
{"completed": 6, "seconds": 0.6293825650063809}
{"completed": 7, "seconds": 0.6464426259917673}
{"completed": 8, "seconds": 0.6164913210086524}
{"completed": 9, "seconds": 0.6196483300009277}
{"completed": 10, "seconds": 0.6105861510150135}
{"completed": 11, "seconds": 0.6932350730057806}
{"completed": 12, "seconds": 0.6751347829995211}
{"completed": 13, "seconds": 0.6521301679895259}
{"completed": 14, "seconds": 0.675595810986124}
{"completed": 15, "seconds": 0.674292529001832}
{"completed": 16, "seconds": 0.6551353999821004}
{"completed": 17, "seconds": 0.6563334639940877}
{"completed": 18, "seconds": 0.6189535509911366}
{"completed": 19, "seconds": 0.6226188000000548}
{"completed": 20, "seconds": 0.6458674519963097}
{"completed": 21, "seconds": 0.762304692005273}
{"completed": 22, "seconds": 0.8182868460135069}
{"completed": 23, "seconds": 0.8015885740169324}
{"completed": 24, "seconds": 0.7653105029894505}
{"completed": 25, "seconds": 0.8065186720050406}
{"completed": 26, "seconds": 0.8193161690142006}
{"completed": 27, "seconds": 0.7908837650029454}
{"completed": 28, "seconds": 0.7687585749954451}
{"completed": 29, "seconds": 0.7919052250217646}
{"completed": 30, "seconds": 0.7939643290010281}
{"completed": 31, "seconds": 0.7561347619921435}
{"completed": 32, "seconds": 0.780586212000344}
{"completed": 33, "seconds": 0.7830113399832044}
{"completed": 34, "seconds": 0.759480145003181}
{"completed": 35, "seconds": 0.7976142340048682}
{"completed": 36, "seconds": 0.7845146100153215}
{"completed": 37, "seconds": 0.7809150209941436}
{"completed": 38, "seconds": 0.7870811570028309}
{"completed": 39, "seconds": 0.7998253939731512}
{"completed": 40, "seconds": 0.7308065079851076}
{"completed": 41, "seconds": 0.8206756899890024}
{"completed": 42, "seconds": 0.792793258005986}
{"completed": 43, "seconds": 0.814119243004825}
{"completed": 44, "seconds": 0.7733283640118316}
{"completed": 45, "seconds": 0.7599352989927866}
{"completed": 46, "seconds": 0.7775439769902732}
{"completed": 47, "seconds": 0.7645294200046919}
{"completed": 48, "seconds": 0.8228643339825794}
{"completed": 49, "seconds": 0.7570330269809347}
{"completed": 50, "seconds": 0.8090720349864569}
{"completed": 51, "seconds": 0.7703756050032098}
{"completed": 52, "seconds": 0.8296477120020427}
{"completed": 53, "seconds": 0.7632820729922969}
{"completed": 54, "seconds": 0.7775435569928959}
{"completed": 55, "seconds": 0.7746366689971182}
{"completed": 56, "seconds": 0.7623661370016634}
{"completed": 57, "seconds": 0.7741337410116103}
{"completed": 58, "seconds": 0.7863934610213619}
{"completed": 59, "seconds": 0.8073745740111917}
{"completed": 60, "seconds": 0.7500000850122888}
{"completed": 61, "seconds": 0.7696321310068015}
{"completed": 62, "seconds": 0.7773747130122501}
{"completed": 63, "seconds": 0.6200580419972539}
{"completed": 64, "seconds": 0.6256876809929963}
{"completed": 65, "seconds": 0.6561320209875703}
{"completed": 66, "seconds": 0.6524974670028314}
{"completed": 67, "seconds": 0.6527077329810709}
{"completed": 68, "seconds": 0.6609465380024631}
{"completed": 69, "seconds": 0.6406047740019858}
{"completed": 70, "seconds": 0.6052895869943313}
{"completed": 71, "seconds": 0.6184343179920688}
{"completed": 72, "seconds": 0.6161548929812852}
{"completed": 73, "seconds": 0.6409181070048362}
{"completed": 74, "seconds": 0.6573321649921127}
{"completed": 75, "seconds": 0.667928461014526}
{"completed": 76, "seconds": 0.6601297990127932}
{"completed": 77, "seconds": 0.642285289010033}
{"completed": 78, "seconds": 0.6703513280081097}
{"completed": 79, "seconds": 0.6734433309757151}
{"completed": 80, "seconds": 0.6430979699944146}
{"completed": 81, "seconds": 0.6802098549960647}
{"completed": 82, "seconds": 0.6657534760015551}
{"completed": 83, "seconds": 0.4972788599843625}
{"completed": 84, "seconds": 0.5194559600204229}
{"completed": 85, "seconds": 0.777666487992974}
{"completed": 86, "seconds": 0.5571829290129244}
{"completed": 87, "seconds": 0.5789393269806169}
{"completed": 88, "seconds": 0.5306532380054705}
{"completed": 89, "seconds": 0.6221931659965776}
{"completed": 90, "seconds": 0.6240341939846985}
{"completed": 91, "seconds": 0.6433645650104154}
{"completed": 92, "seconds": 0.6312237190140877}
{"completed": 93, "seconds": 0.5892173380125314}
{"completed": 94, "seconds": 0.6920327690022532}
{"completed": 95, "seconds": 0.7009883110004012}
{"completed": 96, "seconds": 0.6855886930134147}
{"completed": 97, "seconds": 0.6418211910058744}
{"completed": 98, "seconds": 0.6607189070200548}
{"completed": 99, "seconds": 0.5637733589974232}
{"completed": 100, "seconds": 0.5451136479969136}
ALL_100_OFFICIAL_OUTPUTS_FROZEN 7b00345e2437b558f40e196eba4ce8114a50c219d24dd856c1da94c2596e32e3
{"classification": "OFFICIAL_LOLV2_REAL_TEST_RESULT_FROZEN", "images": 100, "mean_psnr": 18.53226686142791, "median_psnr": 18.192788332030815, "mean_rgb_ssim": 0.5734772617839705, "selected_steps": {"min": 17, "median": 22.0, "max": 24, "histogram": {"17": 5, "19": 5, "20": 7, "21": 10, "22": 29, "23": 34, "24": 10}}, "ssim": {"data_range": 1.0, "window": 11, "sigma": 1.5, "K1": 0.01, "K2": 0.03, "covariance": "population", "channels": "RGB mean", "crop": 0, "padding": "reflect (half-sample symmetric)", "dtype": "float64"}, "psnr_convention": "per-image -10log10 full RGBMSE, float64 over float32[0,1]pixels, no crop/resize/outputquantization", "inference_seconds": 70.03712362400256, "mean_image_seconds": 0.7003712362400256, "output_freeze_sha256": "7b00345e2437b558f40e196eba4ce8114a50c219d24dd856c1da94c2596e32e3", "final_manifest_sha256": "e7f129d931d27531e5f6a14cd72e8c94734c474c40c3c403959cc8f5764e5ab9", "inference_reference_reads": 0, "reference_member_reads": 100, "optimizer_runs": 100, "optimizer_updates": 2700, "model_fits": 0, "completed_utc": "2026-09-21T09:23:04.674894+00:00"}
{"status": "PASS", "classification": "OFFICIAL_LOLV2_REAL_TEST_RESULT_FROZEN", "complete_official_pairs": 100, "independent_metric_max_abs_error": 7.105427357601002e-15, "output_freeze_sha256": "7b00345e2437b558f40e196eba4ce8114a50c219d24dd856c1da94c2596e32e3", "reference_ordering_verified": true, "independent_reference_reads": 100, "inference_reference_reads": 0, "optimizer_runs": 0, "model_fits": 0, "verified_utc": "2026-09-21T09:23:28.982246+00:00"}
[autodl] finished_at=2026-09-21T17:23:29+08:00
[autodl] exit_code=0
