[autodl] run_id=20260921-045307-ttie-t067d-boundary
[autodl] started_at=2026-09-21T04:53:11+08:00
...                                                                      [100%]
3 passed in 1.54s
{"classification": "INTERVAL_BOUNDARY_DIAGNOSIS_COMPLETE", "images": 100, "interval_states": 2465, "intervals_with_unsafe": 5, "intervals_with_recovery": 3, "selected_unsafe": 1, "unsafe_interval_states": 12, "fixed_q_bins": {"[0,.50)": 4, "[.50,.75)": 0, "[.75,.875)": 1, "[.875,1.0001]": 5, "outside_fixed_bins": 2}, "outside_fixed_bin_rows": [{"index": 16, "k": 21, "q_k": 1.013872898880158}, {"index": 86, "k": 25, "q_k": 1.0082310254735503}], "optimizer_runs": 0, "model_fits": 0, "completed_utc": "2026-09-20T20:53:16.517055+00:00", "seconds": 1.1563118220074102}
labels-verified 1
labels-verified 2
labels-verified 3
labels-verified 4
labels-verified 5
labels-verified 6
labels-verified 7
labels-verified 8
labels-verified 9
labels-verified 10
labels-verified 11
labels-verified 12
labels-verified 13
labels-verified 14
labels-verified 15
labels-verified 16
labels-verified 17
labels-verified 18
labels-verified 19
labels-verified 20
labels-verified 21
labels-verified 22
labels-verified 23
labels-verified 24
labels-verified 25
labels-verified 26
labels-verified 27
labels-verified 28
labels-verified 29
labels-verified 30
labels-verified 31
labels-verified 32
labels-verified 33
labels-verified 34
labels-verified 35
labels-verified 36
labels-verified 37
labels-verified 38
labels-verified 39
labels-verified 40
labels-verified 41
labels-verified 42
labels-verified 43
labels-verified 44
labels-verified 45
labels-verified 46
labels-verified 47
labels-verified 48
labels-verified 49
labels-verified 50
labels-verified 51
labels-verified 52
labels-verified 53
labels-verified 54
labels-verified 55
labels-verified 56
labels-verified 57
labels-verified 58
labels-verified 59
labels-verified 60
labels-verified 61
labels-verified 62
labels-verified 63
labels-verified 64
labels-verified 65
labels-verified 66
labels-verified 67
labels-verified 68
labels-verified 69
labels-verified 70
labels-verified 71
labels-verified 72
labels-verified 73
labels-verified 74
labels-verified 75
labels-verified 76
labels-verified 77
labels-verified 78
labels-verified 79
labels-verified 80
labels-verified 81
labels-verified 82
labels-verified 83
labels-verified 84
labels-verified 85
labels-verified 86
labels-verified 87
labels-verified 88
labels-verified 89
labels-verified 90
labels-verified 91
labels-verified 92
labels-verified 93
labels-verified 94
labels-verified 95
labels-verified 96
labels-verified 97
labels-verified 98
labels-verified 99
labels-verified 100
{"status": "PASS", "classification": "INTERVAL_BOUNDARY_DIAGNOSIS_COMPLETE", "interval_states_verified": 2465, "all_transfer_states_rerendered": 2800, "metric_max_error": 1.2363443602225743e-12, "optimizer_runs": 0, "model_fits": 0, "verified_utc": "2026-09-20T20:53:38.714750+00:00"}
[autodl] finished_at=2026-09-21T04:53:39+08:00
[autodl] exit_code=0
