[autodl] run_id=20260921-195909-ttie-t072b-uhdll-native
[autodl] started_at=2026-09-21T19:59:15+08:00
/home/wenchang/asdasdsad/wjq/TTIE/.venv/lib/python3.12/site-packages/timm/models/layers/__init__.py:49: FutureWarning: Importing from timm.models.layers is deprecated, please import via timm.layers
  warnings.warn(f"Importing from {__name__} is deprecated, please import via timm.layers", FutureWarning)
/home/wenchang/asdasdsad/wjq/TTIE/.venv/lib/python3.12/site-packages/open_clip/factory.py:129: FutureWarning: You are using `torch.load` with `weights_only=False` (the current default value), which uses the default pickle module implicitly. It is possible to construct malicious pickle data which will execute arbitrary code during unpickling (See https://github.com/pytorch/pytorch/blob/main/SECURITY.md#untrusted-models for more details). In a future release, the default value for `weights_only` will be flipped to `True`. This limits the functions that could be executed during unpickling. Arbitrary objects will no longer be allowed to be loaded via this mode unless they are explicitly allowlisted by the user via `torch.serialization.add_safe_globals`. We recommend you start setting `weights_only=True` for any use case where you don't have full control of the loaded file. Please open an issue on GitHub for any issues related to this experimental feature.
  checkpoint = torch.load(checkpoint_path, map_location=map_location)
Traceback (most recent call last):
  File "<frozen runpy>", line 198, in _run_module_as_main
  File "<frozen runpy>", line 88, in _run_code
  File "/media/wenchang/F/wjq/TTIE/releases/20260921-ttie-t072b-uhdll-native/research_log/T072B/run.py", line 74, in <module>
    p=argparse.ArgumentParser();p.add_argument('--method',choices=['ours','retinexformer','snr_aware'],required=True);p.add_argument('--low',type=Path,required=True);p.add_argument('--out',type=Path,required=True);a=p.parse_args();main(a.method,a.low.resolve(),a.out.resolve())
                                                                                                                                                                                                                                       ^^^^^^^^^^^^^^^^^^^^^^^^^^^^^^^^^^^^^^^^^^^^^^
  File "/media/wenchang/F/wjq/TTIE/releases/20260921-ttie-t072b-uhdll-native/research_log/T072B/run.py", line 72, in main
    record['post_binding_unchanged']=True;write(out/'receipt.json',record);print(json.dumps(record),flush=True)
                                          ^^^^^^^^^^^^^^^^^^^^^^^^^^^^^^^^
  File "/media/wenchang/F/wjq/TTIE/releases/20260921-ttie-t072b-uhdll-native/research_log/T063A/common.py", line 18, in write
    with p.open('x') as f:json.dump(d,f,indent=2,allow_nan=False);f.flush();os.fsync(f.fileno())
         ^^^^^^^^^^^
  File "/home/wenchang/anaconda3/envs/python3.12-tk2-2.3/lib/python3.12/pathlib.py", line 1013, in open
    return io.open(self, mode, buffering, encoding, errors, newline)
           ^^^^^^^^^^^^^^^^^^^^^^^^^^^^^^^^^^^^^^^^^^^^^^^^^^^^^^^^^
FileExistsError: [Errno 17] File exists: '/media/wenchang/F/wjq/TTIE/runs/T072B-uhdll-native/ours/receipt.json'
[autodl] finished_at=2026-09-21T19:59:47+08:00
[autodl] exit_code=1
