[autodl] run_id=20260920-092400-ttie-t062cr2-fresh
[autodl] started_at=2026-09-20T09:24:06+08:00
/home/wenchang/asdasdsad/wjq/TTIE/.venv/lib/python3.12/site-packages/timm/models/layers/__init__.py:49: FutureWarning: Importing from timm.models.layers is deprecated, please import via timm.layers
  warnings.warn(f"Importing from {__name__} is deprecated, please import via timm.layers", FutureWarning)
/home/wenchang/asdasdsad/wjq/TTIE/.venv/lib/python3.12/site-packages/open_clip/factory.py:129: FutureWarning: You are using `torch.load` with `weights_only=False` (the current default value), which uses the default pickle module implicitly. It is possible to construct malicious pickle data which will execute arbitrary code during unpickling (See https://github.com/pytorch/pytorch/blob/main/SECURITY.md#untrusted-models for more details). In a future release, the default value for `weights_only` will be flipped to `True`. This limits the functions that could be executed during unpickling. Arbitrary objects will no longer be allowed to be loaded via this mode unless they are explicitly allowlisted by the user via `torch.serialization.add_safe_globals`. We recommend you start setting `weights_only=True` for any use case where you don't have full control of the loaded file. Please open an issue on GitHub for any issues related to this experimental feature.
  checkpoint = torch.load(checkpoint_path, map_location=map_location)
{"completed": 1, "seconds": 5.559764669989818}
{"completed": 2, "seconds": 5.489577920001466}
{"completed": 3, "seconds": 5.555883936001919}
{"completed": 4, "seconds": 5.625186737001059}
{"completed": 5, "seconds": 5.57922415700159}
{"completed": 6, "seconds": 5.647678348002955}
{"completed": 7, "seconds": 5.595425923005678}
{"completed": 8, "seconds": 5.637267893995158}
{"completed": 9, "seconds": 5.56574886800081}
{"completed": 10, "seconds": 5.63511204700626}
{"completed": 11, "seconds": 5.577938749993336}
{"completed": 12, "seconds": 5.648190394000267}
{"completed": 13, "seconds": 5.517137401999207}
{"completed": 14, "seconds": 5.58643547599786}
{"completed": 15, "seconds": 5.640637816992239}
{"completed": 16, "seconds": 5.641867961996468}
{"completed": 17, "seconds": 5.639961115986807}
{"completed": 18, "seconds": 5.6074871989985695}
{"completed": 19, "seconds": 5.648448924010154}
{"completed": 20, "seconds": 5.568834053003229}
{"completed": 21, "seconds": 5.580843838994042}
{"completed": 22, "seconds": 5.501506212007371}
{"completed": 23, "seconds": 5.629812389001017}
{"completed": 24, "seconds": 5.5549787470081355}
{"completed": 25, "seconds": 5.805692939989967}
{"completed": 26, "seconds": 5.633473278998281}
{"completed": 27, "seconds": 5.538375560994609}
{"completed": 28, "seconds": 5.568628295994131}
{"completed": 29, "seconds": 5.59704407400568}
{"completed": 30, "seconds": 5.475035497001954}
{"completed": 31, "seconds": 5.583125952995033}
{"completed": 32, "seconds": 5.56359030699241}
{"completed": 33, "seconds": 5.63318975000584}
{"completed": 34, "seconds": 5.6839756989938905}
{"completed": 35, "seconds": 5.548143648993573}
{"completed": 36, "seconds": 5.601338541993755}
{"completed": 37, "seconds": 5.463727975002257}
{"completed": 38, "seconds": 5.538212098996155}
{"completed": 39, "seconds": 5.506675875003566}
{"completed": 40, "seconds": 5.47354428700055}
{"completed": 41, "seconds": 5.530052818998229}
{"completed": 42, "seconds": 5.492902568992577}
{"completed": 43, "seconds": 5.488310508997529}
{"completed": 44, "seconds": 5.514761616999749}
{"completed": 45, "seconds": 5.440204714002903}
{"completed": 46, "seconds": 5.431431840013829}
{"completed": 47, "seconds": 5.539247901993804}
{"completed": 48, "seconds": 5.470424036000622}
{"completed": 49, "seconds": 5.523099458005163}
{"completed": 50, "seconds": 5.51173393400677}
{"completed": 51, "seconds": 5.441678672999842}
{"completed": 52, "seconds": 5.757394560991088}
{"completed": 53, "seconds": 5.548225798003841}
{"completed": 54, "seconds": 5.408454639007687}
{"completed": 55, "seconds": 5.488294840004528}
{"completed": 56, "seconds": 5.56198558799224}
{"completed": 57, "seconds": 5.607481130995438}
{"completed": 58, "seconds": 5.625750907987822}
{"completed": 59, "seconds": 5.5740191630029585}
{"completed": 60, "seconds": 5.527117131990963}
{"completed": 61, "seconds": 5.460811224998906}
{"completed": 62, "seconds": 5.541394216008484}
{"completed": 63, "seconds": 5.504978338998626}
{"completed": 64, "seconds": 5.6229660469980445}
{"completed": 65, "seconds": 5.621039254998323}
{"completed": 66, "seconds": 5.4718859500135295}
{"completed": 67, "seconds": 5.475416948989732}
{"completed": 68, "seconds": 5.536456924004597}
{"completed": 69, "seconds": 5.5340616930043325}
{"completed": 70, "seconds": 5.625091276000603}
{"completed": 71, "seconds": 5.52062683099939}
{"completed": 72, "seconds": 5.448520500998711}
{"completed": 73, "seconds": 5.610496046996559}
{"completed": 74, "seconds": 5.468635636992985}
{"completed": 75, "seconds": 5.53878342200187}
{"completed": 76, "seconds": 5.516489367990289}
{"completed": 77, "seconds": 5.530470231999061}
{"completed": 78, "seconds": 5.572411840999848}
{"completed": 79, "seconds": 5.497062072012341}
{"completed": 80, "seconds": 5.498968287996831}
{"completed": 81, "seconds": 5.574904043009155}
{"completed": 82, "seconds": 5.529511371001718}
{"completed": 83, "seconds": 5.593301173008513}
{"completed": 84, "seconds": 5.670611092995387}
{"completed": 85, "seconds": 5.657443072996102}
{"completed": 86, "seconds": 5.673705027002143}
{"completed": 87, "seconds": 5.606195029002265}
{"completed": 88, "seconds": 5.626274017005926}
{"completed": 89, "seconds": 5.5870046759955585}
{"completed": 90, "seconds": 5.550130308998632}
{"completed": 91, "seconds": 5.602400072995806}
{"completed": 92, "seconds": 5.4827863199898275}
{"completed": 93, "seconds": 5.570031163006206}
{"completed": 94, "seconds": 5.605049006000627}
{"completed": 95, "seconds": 5.590737935010111}
{"completed": 96, "seconds": 5.479824551992351}
{"completed": 97, "seconds": 5.490339348005364}
{"completed": 98, "seconds": 5.51389213600487}
{"completed": 99, "seconds": 5.43143983000482}
{"completed": 100, "seconds": 5.650307677002274}
ALL_300_FROZEN 700ae2612234eb139a20c3560b58c85dca1eef3849347c24ffc09575620c07de
{"task": "T062-C-R2", "verdict": "NEGATIVE", "gates": {"mean_psnr": true, "median_psnr": true, "regressions": true, "worst": false, "mean_ssim": true}, "mean_delta_psnr": 3.5504314939354953, "median_delta_psnr": 3.3795780123457853, "regressions_t026": 10, "worst_delta_t026": -7.334175346097778, "mean_delta_ssim": 0.009839267210038789, "improve": 92, "regress": 8, "tie": 0, "absolute": {"identity": {"psnr": 7.578243899154436, "ssim": 0.16359604074682918}, "T026": {"psnr": 11.095192131606941, "ssim": 0.4054545153843958}, "T036": {"psnr": 12.13753375274626, "ssim": 0.4025945341818165}, "T062": {"psnr": 15.687965246681758, "ssim": 0.4124338013918553}}, "freeze_utc": "2026-09-20T01:33:30.465378+00:00", "first_reference_read_utc": "2026-09-20T01:33:34.332667+00:00", "freeze_sha256": "700ae2612234eb139a20c3560b58c85dca1eef3849347c24ffc09575620c07de", "seconds": 26.91785541801073, "completed_utc": "2026-09-20T01:33:59.806810+00:00"}
{"status": "PASS", "verdict": "NEGATIVE", "final_outputs": 300, "metrics_checked": 800, "max_metric_error": 7.744915819785092e-13, "gates": {"mean_psnr": true, "median_psnr": true, "regressions": true, "worst": false, "mean_ssim": true}, "cohort_sha256": "e8a66a350bcce5282df2e8114355afc434bcd0f4ea69e54957ebb7618f9183c2", "verified_utc": "2026-09-20T01:34:28.424014+00:00"}
[autodl] finished_at=2026-09-20T09:34:28+08:00
[autodl] exit_code=0
