[autodl] run_id=20260920-224647-ttie-t066b-support-r1
[autodl] started_at=2026-09-20T22:46:52+08:00
........                                                                 [100%]
8 passed in 1.71s
labels-scored 1
labels-scored 2
labels-scored 3
labels-scored 4
labels-scored 5
labels-scored 6
labels-scored 7
labels-scored 8
labels-scored 9
labels-scored 10
labels-scored 11
labels-scored 12
labels-scored 13
labels-scored 14
labels-scored 15
labels-scored 16
labels-scored 17
labels-scored 18
labels-scored 19
labels-scored 20
labels-scored 21
labels-scored 22
labels-scored 23
labels-scored 24
labels-scored 25
labels-scored 26
labels-scored 27
labels-scored 28
labels-scored 29
labels-scored 30
labels-scored 31
labels-scored 32
labels-scored 33
labels-scored 34
labels-scored 35
labels-scored 36
labels-scored 37
labels-scored 38
labels-scored 39
labels-scored 40
labels-scored 41
labels-scored 42
labels-scored 43
labels-scored 44
labels-scored 45
labels-scored 46
labels-scored 47
labels-scored 48
labels-scored 49
labels-scored 50
labels-scored 51
labels-scored 52
labels-scored 53
labels-scored 54
labels-scored 55
labels-scored 56
labels-scored 57
labels-scored 58
labels-scored 59
labels-scored 60
labels-scored 61
labels-scored 62
labels-scored 63
labels-scored 64
labels-scored 65
labels-scored 66
labels-scored 67
labels-scored 68
labels-scored 69
labels-scored 70
labels-scored 71
labels-scored 72
labels-scored 73
labels-scored 74
labels-scored 75
labels-scored 76
labels-scored 77
labels-scored 78
labels-scored 79
labels-scored 80
labels-scored 81
labels-scored 82
labels-scored 83
labels-scored 84
labels-scored 85
labels-scored 86
labels-scored 87
labels-scored 88
labels-scored 89
labels-scored 90
labels-scored 91
labels-scored 92
labels-scored 93
labels-scored 94
labels-scored 95
labels-scored 96
labels-scored 97
labels-scored 98
labels-scored 99
labels-scored 100
{"classification": "SELECTED_TAIL_SPECIFIC_FAILURE", "label": "diagnostic-only exposed-cohort audit; no new selector", "transfer": {"all": {"states": 2800, "confusion": {"safe_pred_safe": 2500, "safe_pred_unsafe": 202, "unsafe_pred_safe": 21, "unsafe_pred_unsafe": 77}, "unsafe_recall": 0.7857142857142857}, "prefix": {"states": 2730, "confusion": {"safe_pred_safe": 2439, "safe_pred_unsafe": 202, "unsafe_pred_safe": 12, "unsafe_pred_unsafe": 77}, "unsafe_recall": 0.8651685393258427}, "base": {"states": 100, "confusion": {"safe_pred_safe": 98, "safe_pred_unsafe": 0, "unsafe_pred_safe": 2, "unsafe_pred_unsafe": 0}, "unsafe_recall": 0.0}}, "transfer_unsafe_support": {"states": 98, "fraction_m_positive": 0.7244897959183674, "d_safe": {"min": 0.022376604631845133, "q25": 0.24960924410870608, "median": 0.32402934594755584, "q75": 0.9056916170178615, "max": 3.2845910281855493, "mean": 0.6233226738555318}, "d_unsafe": {"min": 0.02116469138459028, "q25": 0.3477888323514535, "median": 0.4645914415748896, "q75": 0.7412346954411599, "max": 10.980629348537633, "mean": 1.6325064191082903}, "margin": {"min": -0.44357963057924765, "q25": -0.006022901355019494, "median": 0.11554835705377121, "q75": 0.23822031598420335, "max": 7.696038320352084, "mean": 1.0091837452527583}}, "development_loio_unsafe_support": {"states": 81, "fraction_m_positive": 0.7530864197530864, "d_safe": {"min": 0.060257628819189786, "q25": 0.23907585433189854, "median": 0.34835052798123034, "q75": 0.6614626288320725, "max": 15.97493087883408, "mean": 0.7843332061266565}, "d_unsafe": {"min": 0.11738713547728966, "q25": 0.3097580159450124, "median": 0.5127947892387559, "q75": 0.8020161457631616, "max": 23.554513687842654, "mean": 1.1418446152501347}, "margin": {"min": -0.3190120500569905, "q25": 8.81533766474707e-05, "median": 0.1133215276179108, "q75": 0.24207384709343283, "max": 7.579582809008574, "mean": 0.35751140912347795}}, "unsafe_base_rows": [{"index": 16, "step": 21, "p_safe": 0.9999999999999065, "safe": 0, "quality_margin": -7.1311154303317075, "d_safe": 2.116968259553892, "d_unsafe": 6.984576534557032, "margin": 4.86760827500314, "safe_bank_row": 1616, "unsafe_bank_row": 907}, {"index": 86, "step": 25, "p_safe": 0.9999999999999065, "safe": 0, "quality_margin": -10.364944679494553, "d_safe": 1.406172879210794, "d_unsafe": 7.047229207921262, "margin": 5.6410563287104685, "safe_bank_row": 2714, "unsafe_bank_row": 907}], "false_safe_base_states": 2, "transfer_unsafe_exact_distance_ties": 0, "development_classifier_context": "T066-A held-out classifier recall73/81; target-free development table here uses frozen final model", "completed_utc": "2026-09-20T14:47:13.653827+00:00", "seconds": 17.540653786010807, "optimizer_runs": 0, "model_fits": 0}
verified-development 1
verified-development 2
verified-development 3
verified-development 4
verified-development 5
verified-development 6
verified-development 7
verified-development 8
verified-development 9
verified-development 10
verified-development 11
verified-development 12
verified-development 13
verified-development 14
verified-development 15
verified-development 16
verified-development 17
verified-development 18
verified-development 19
verified-development 20
verified-development 21
verified-development 22
verified-development 23
verified-development 24
verified-development 25
verified-development 26
verified-development 27
verified-development 28
verified-development 29
verified-development 30
verified-development 31
verified-development 32
verified-development 33
verified-development 34
verified-development 35
verified-development 36
verified-development 37
verified-development 38
verified-development 39
verified-development 40
verified-development 41
verified-development 42
verified-development 43
verified-development 44
verified-development 45
verified-development 46
verified-development 47
verified-development 48
verified-development 49
verified-development 50
verified-development 51
verified-development 52
verified-development 53
verified-development 54
verified-development 55
verified-development 56
verified-development 57
verified-development 58
verified-development 59
verified-development 60
verified-development 61
verified-development 62
verified-development 63
verified-development 64
verified-development 65
verified-development 66
verified-development 67
verified-development 68
verified-development 69
verified-development 70
verified-development 71
verified-development 72
verified-development 73
verified-development 74
verified-development 75
verified-development 76
verified-development 77
verified-development 78
verified-development 79
verified-development 80
verified-development 81
verified-development 82
verified-development 83
verified-development 84
verified-development 85
verified-development 86
verified-development 87
verified-development 88
verified-development 89
verified-development 90
verified-development 91
verified-development 92
verified-development 93
verified-development 94
verified-development 95
verified-development 96
verified-development 97
verified-development 98
verified-development 99
verified-development 100
verified-transfer 1
verified-transfer 2
verified-transfer 3
verified-transfer 4
verified-transfer 5
verified-transfer 6
verified-transfer 7
verified-transfer 8
verified-transfer 9
verified-transfer 10
verified-transfer 11
verified-transfer 12
verified-transfer 13
verified-transfer 14
verified-transfer 15
verified-transfer 16
verified-transfer 17
verified-transfer 18
verified-transfer 19
verified-transfer 20
verified-transfer 21
verified-transfer 22
verified-transfer 23
verified-transfer 24
verified-transfer 25
verified-transfer 26
verified-transfer 27
verified-transfer 28
verified-transfer 29
verified-transfer 30
verified-transfer 31
verified-transfer 32
verified-transfer 33
verified-transfer 34
verified-transfer 35
verified-transfer 36
verified-transfer 37
verified-transfer 38
verified-transfer 39
verified-transfer 40
verified-transfer 41
verified-transfer 42
verified-transfer 43
verified-transfer 44
verified-transfer 45
verified-transfer 46
verified-transfer 47
verified-transfer 48
verified-transfer 49
verified-transfer 50
verified-transfer 51
verified-transfer 52
verified-transfer 53
verified-transfer 54
verified-transfer 55
verified-transfer 56
verified-transfer 57
verified-transfer 58
verified-transfer 59
verified-transfer 60
verified-transfer 61
verified-transfer 62
verified-transfer 63
verified-transfer 64
verified-transfer 65
verified-transfer 66
verified-transfer 67
verified-transfer 68
verified-transfer 69
verified-transfer 70
verified-transfer 71
verified-transfer 72
verified-transfer 73
verified-transfer 74
verified-transfer 75
verified-transfer 76
verified-transfer 77
verified-transfer 78
verified-transfer 79
verified-transfer 80
verified-transfer 81
verified-transfer 82
verified-transfer 83
verified-transfer 84
verified-transfer 85
verified-transfer 86
verified-transfer 87
verified-transfer 88
verified-transfer 89
verified-transfer 90
verified-transfer 91
verified-transfer 92
verified-transfer 93
verified-transfer 94
verified-transfer 95
verified-transfer 96
verified-transfer 97
verified-transfer 98
verified-transfer 99
verified-transfer 100
labels-verified 1
labels-verified 2
labels-verified 3
labels-verified 4
labels-verified 5
labels-verified 6
labels-verified 7
labels-verified 8
labels-verified 9
labels-verified 10
labels-verified 11
labels-verified 12
labels-verified 13
labels-verified 14
labels-verified 15
labels-verified 16
labels-verified 17
labels-verified 18
labels-verified 19
labels-verified 20
labels-verified 21
labels-verified 22
labels-verified 23
labels-verified 24
labels-verified 25
labels-verified 26
labels-verified 27
labels-verified 28
labels-verified 29
labels-verified 30
labels-verified 31
labels-verified 32
labels-verified 33
labels-verified 34
labels-verified 35
labels-verified 36
labels-verified 37
labels-verified 38
labels-verified 39
labels-verified 40
labels-verified 41
labels-verified 42
labels-verified 43
labels-verified 44
labels-verified 45
labels-verified 46
labels-verified 47
labels-verified 48
labels-verified 49
labels-verified 50
labels-verified 51
labels-verified 52
labels-verified 53
labels-verified 54
labels-verified 55
labels-verified 56
labels-verified 57
labels-verified 58
labels-verified 59
labels-verified 60
labels-verified 61
labels-verified 62
labels-verified 63
labels-verified 64
labels-verified 65
labels-verified 66
labels-verified 67
labels-verified 68
labels-verified 69
labels-verified 70
labels-verified 71
labels-verified 72
labels-verified 73
labels-verified 74
labels-verified 75
labels-verified 76
labels-verified 77
labels-verified 78
labels-verified 79
labels-verified 80
labels-verified 81
labels-verified 82
labels-verified 83
labels-verified 84
labels-verified 85
labels-verified 86
labels-verified 87
labels-verified 88
labels-verified 89
labels-verified 90
labels-verified 91
labels-verified 92
labels-verified 93
labels-verified 94
labels-verified 95
labels-verified 96
labels-verified 97
labels-verified 98
labels-verified 99
labels-verified 100
{"status": "PASS", "classification": "SELECTED_TAIL_SPECIFIC_FAILURE", "development_feature_max_error": 7.105427357601002e-15, "transfer_feature_max_error": 6.217248937900877e-15, "probability_max_error": 1.1179945857975326e-13, "metric_max_error": 1.3429257705865894e-12, "distance_max_error": 5.329070518200751e-15, "development_states": 2800, "transfer_states": 2800, "model_fits": 0, "verified_utc": "2026-09-20T14:49:01.725207+00:00"}
[autodl] finished_at=2026-09-20T22:49:02+08:00
[autodl] exit_code=0
