[autodl] run_id=20260920-224522-ttie-t066b-support
[autodl] started_at=2026-09-20T22:45:28+08:00
........                                                                 [100%]
8 passed in 1.65s
Traceback (most recent call last):
  File "<frozen runpy>", line 198, in _run_module_as_main
  File "<frozen runpy>", line 88, in _run_code
  File "/home/wenchang/asdasdsad/wjq/TTIE/releases/20260920-ttie-t066b-support/research_log/T066B/run.py", line 80, in <module>
    p=argparse.ArgumentParser();p.add_argument('--out',type=Path,required=True);main(p.parse_args().out.resolve())
                                                                                ^^^^^^^^^^^^^^^^^^^^^^^^^^^^^^^^^^
  File "/home/wenchang/asdasdsad/wjq/TTIE/releases/20260920-ttie-t066b-support/research_log/T066B/run.py", line 61, in main
    for p,h in json.loads((HERE/'evaluation_binding.json').read_bytes()).items():assert sha(p)==h,p
                                                                                        ^^^^^^
  File "/home/wenchang/asdasdsad/wjq/TTIE/releases/20260920-ttie-t066b-support/research_log/T063A/common.py", line 13, in sha
    with Path(p).open('rb') as f:
         ^^^^^^^^^^^^^^^^^^
  File "/home/wenchang/anaconda3/envs/python3.12-tk2-2.3/lib/python3.12/pathlib.py", line 1013, in open
    return io.open(self, mode, buffering, encoding, errors, newline)
           ^^^^^^^^^^^^^^^^^^^^^^^^^^^^^^^^^^^^^^^^^^^^^^^^^^^^^^^^^
FileNotFoundError: [Errno 2] No such file or directory: 'research_log/T063D/reference_inputs.json'
[autodl] finished_at=2026-09-20T22:45:32+08:00
[autodl] exit_code=1
