[autodl] run_id=20260914-144320-ttie-t027a-baseline
[autodl] started_at=2026-09-14T14:43:27+08:00
{
  "task": "T027-A",
  "selection_prefix": "TTIE-T027A-smoke|",
  "pool_size": 589,
  "train_size": 689,
  "validation_size": 100,
  "validation_overlap": [],
  "test_overlap": [],
  "split_sha256": "b88c8347005984b5523b117b52c0c068672fe172eb7c9aa5b60102d350e2d85b",
  "zip_members_read": [
    "LOL-v2/Real_captured/Train/Low/low00149.png",
    "LOL-v2/Real_captured/Train/Low/low00277.png",
    "LOL-v2/Real_captured/Train/Low/low00582.png",
    "LOL-v2/Real_captured/Train/Low/low00308.png",
    "LOL-v2/Real_captured/Train/Low/low00197.png",
    "LOL-v2/Real_captured/Train/Low/low00200.png",
    "LOL-v2/Real_captured/Train/Low/low00504.png",
    "LOL-v2/Real_captured/Train/Low/low00263.png"
  ],
  "selected": [
    {
      "low": "Train/Low/low00149.png",
      "sha256": "ed6c28fa1f82d478666d4e1f1cd32fa80124e69d67884aad376e54129b2f0d9d",
      "selection_hash": "006398ab4c5e549c8cc89f1706c55be2d8feecf6c8af1a38d499e08848606db2"
    },
    {
      "low": "Train/Low/low00277.png",
      "sha256": "a27d223dca572fc6292acc2d568c73c27ba393adaa6fa1f2a4263d7ef4f011f6",
      "selection_hash": "01cb1a015f93bf37b22b44d7c2e86556254f7b9149a46328d3383dc48ef6c235"
    },
    {
      "low": "Train/Low/low00582.png",
      "sha256": "24d10de6ebf757d561fa60cf136188c4d0f6636b79e10661ff7c4683c4f961c7",
      "selection_hash": "02daf9f2e6ce788c9014a88355ffdbbe3a13104a83c512debe0617b44afef1b5"
    },
    {
      "low": "Train/Low/low00308.png",
      "sha256": "08e9b6134cbe8d14dbe9cb8af3c346669ffeae225377bf28668a93aee64e617e",
      "selection_hash": "02dd258b2c06896a71cd55f71bcc5a5f0af35ebc6a3a34e0fb99b5d4fd6f8fbe"
    },
    {
      "low": "Train/Low/low00197.png",
      "sha256": "f2e7f80aaae21ffd2418916f1033bfd30804ca4af646add948bfd1a08d03a0d2",
      "selection_hash": "0368a232d9f8fcc4be3d0acaa4a8c05b77818e9dcd39c2ca55c065043cada1c5"
    },
    {
      "low": "Train/Low/low00200.png",
      "sha256": "f34c3dc50ab9ceb005d7a37f38dafd42e15d3a2a1744c96cce18ae4fd3bff9aa",
      "selection_hash": "03a19e847b7899dd865c8f384f5b79761e31f36b9de7eb63046584a78f6d01ed"
    },
    {
      "low": "Train/Low/low00504.png",
      "sha256": "059fc92456c98bd9c40dd366558ca7baf34bcfe39b6897dc7e2dfde205ce4bb3",
      "selection_hash": "044ac221799b83171872b99af0264a98e77c92f038af08d0fd2a51e0d4c363ee"
    },
    {
      "low": "Train/Low/low00263.png",
      "sha256": "2b9d200f6c4e2a2fb91f78a8c2ab15cdaf4ac83268477b564a53b52826f773b3",
      "selection_hash": "0498161b132283cf4a9217bf1a1c0469ccd7284319a5450bfb647feadbe92c66"
    }
  ]
}
/home/wenchang/anaconda3/envs/python3.12-tk2-2.3/lib/python3.12/site-packages/torch/cuda/__init__.py:654: UserWarning: Can't initialize NVML
  warnings.warn("Can't initialize NVML")
Train/Low/low00149.png 1.3240871889865957
Train/Low/low00277.png 0.06325519102392718
Train/Low/low00582.png 0.061355664976872504
Train/Low/low00308.png 0.05893552198540419
Train/Low/low00197.png 0.05876519001321867
Train/Low/low00200.png 0.05963696201797575
Train/Low/low00504.png 0.05877656099619344
Train/Low/low00263.png 0.05878644000040367
BASELINE PASS:8 low-only official forwards
[autodl] finished_at=2026-09-14T14:43:32+08:00
[autodl] exit_code=0
