/home/wenchang/anaconda3/envs/python3.12-tk2-2.3/lib/python3.12/site-packages/torch/cuda/__init__.py:654: UserWarning: Can't initialize NVML
  warnings.warn("Can't initialize NVML")
verified T015 inputs 20
verified T015 inputs 40
verified T015 inputs 60
verified T015 inputs 80
verified T015 inputs 100
verified T015 inputs 120
verified T015 inputs 140
verified T015 inputs 160
verified T015 inputs 180
verified T015 inputs 200
verified T015 inputs 220
verified T015 inputs 240
{
  "task": "T015",
  "all_hashes_verified": true,
  "all_stored_pixel_mse_exact": true,
  "frozen_scores_checkpoints_routes_oracles_exact": true,
  "features_projections_summary_exact": true,
  "frozen_receipt_assets_manifest_verified": true,
  "no_refitting": true,
  "offset_is_primary": true,
  "qualified": false,
  "failed": [
    "beyond_best_fixed",
    "beyond_discrete",
    "beyond_fixed16",
    "offset_noninferiority",
    "aligned_noninferiority",
    "oracle_regret"
  ],
  "hashed_files": 4560,
  "large_image_bytes": 54981354720,
  "evaluation_inputs": 240,
  "energy_checkpoints": 23040,
  "energy_updates": 22320,
  "semantic_checkpoints": 6002,
  "inactive_region_checks": 10589,
  "no_active_inputs": 54
}
