[autodl] run_id=20260912-213014-ttie-t015-fresh-ready
[autodl] started_at=2026-09-12T21:30:22+08:00
/home/wenchang/anaconda3/envs/python3.12-tk2-2.3/lib/python3.12/site-packages/torch/cuda/__init__.py:654: UserWarning: Can't initialize NVML
  warnings.warn("Can't initialize NVML")
3.12.12 | packaged by conda-forge | (main, Jan 26 2026, 23:51:32) [GCC 14.3.0]
torch 2.4.0
torchvision 0.19.0
open_clip_torch 2.26.1
timm 1.0.29
Pillow 12.3.0
CUDA 12.1 NVIDIA RTX A6000
test_cpu_diagnostics_and_loss_decrease (test_adapt.AdaptTests.test_cpu_diagnostics_and_loss_decrease) ... <frozen importlib._bootstrap>:488: DeprecationWarning: Type google._upb._message.MessageMapContainer uses PyType_Spec with a metaclass that has custom tp_new. This is deprecated and will no longer be allowed in Python 3.14.
<frozen importlib._bootstrap>:488: DeprecationWarning: Type google._upb._message.ScalarMapContainer uses PyType_Spec with a metaclass that has custom tp_new. This is deprecated and will no longer be allowed in Python 3.14.
ok
test_episode_reset_reproducibility (test_adapt.AdaptTests.test_episode_reset_reproducibility) ... ok
test_fixed_prior_value (test_adapt.AdaptTests.test_fixed_prior_value) ... ok
test_only_fast_parameters_updated (test_adapt.AdaptTests.test_only_fast_parameters_updated) ... ok
test_zero_steps_identity (test_adapt.AdaptTests.test_zero_steps_identity) ... ok
test_auc_ties_and_literal_conjunction (test_clip_signal.ClipSignalTests.test_auc_ties_and_literal_conjunction) ... ok
test_calibration_ignores_heldout_values_and_dirty_calibration (test_clip_signal.ClipSignalTests.test_calibration_ignores_heldout_values_and_dirty_calibration) ... ok
test_detached_winner_threshold_and_zero_loss (test_clip_signal.ClipSignalTests.test_detached_winner_threshold_and_zero_loss) ... ok
test_frozen_encoder_has_pixel_gradient (test_clip_signal.ClipSignalTests.test_frozen_encoder_has_pixel_gradient) ... ok
test_scores_do_not_consume_evaluation_reference_or_labels (test_clip_signal.ClipSignalTests.test_scores_do_not_consume_evaluation_reference_or_labels) ... ok
test_evaluation_reference_does_not_affect_adaptation (test_demo.DemoTests.test_evaluation_reference_does_not_affect_adaptation) ... ok
test_full_demo_is_deterministic (test_demo.DemoTests.test_full_demo_is_deterministic) ... ok
test_metrics_known_value (test_demo.DemoTests.test_metrics_known_value) ... ok
test_bank_order_sobol_mapping_and_inactive_identity (test_energy_core.EnergyCoreTests.test_bank_order_sobol_mapping_and_inactive_identity) ... ok
test_exact_updates_selection_reset_projection_and_metadata_rejection (test_energy_core.EnergyCoreTests.test_exact_updates_selection_reset_projection_and_metadata_rejection) ... ok
test_features_have_live_evidence_and_state_gradients (test_energy_core.EnergyCoreTests.test_features_have_live_evidence_and_state_gradients) ... ok
test_fixed_training_recipe_normalization_save_and_device_gradient (test_energy_core.EnergyCoreTests.test_fixed_training_recipe_normalization_save_and_device_gradient) ... /home/wenchang/anaconda3/envs/python3.12-tk2-2.3/lib/python3.12/site-packages/torch/cuda/__init__.py:654: UserWarning: Can't initialize NVML
  warnings.warn("Can't initialize NVML")
ok
test_saved_gradients_features_selection_survive_reference_replacement (test_energy_evidence.EnergyEvidenceTests.test_saved_gradients_features_selection_survive_reference_replacement) ... ok
test_seven_source_eleven_fresh_gates_and_oracle_not_alternate_pass (test_energy_evidence.EnergyEvidenceTests.test_seven_source_eleven_fresh_gates_and_oracle_not_alternate_pass) ... ok
test_source_bank_saved_before_targets_and_cosine_known_cases (test_energy_evidence.EnergyEvidenceTests.test_source_bank_saved_before_targets_and_cosine_known_cases) ... ok
test_frozen_energy_bank_normalization_source_and_actual_git_blob (test_energy_pilot.EnergyPilotTests.test_frozen_energy_bank_normalization_source_and_actual_git_blob) ... ok
test_new_source_excludes408_and_failed_source_prevents_fresh_read (test_energy_pilot.EnergyPilotTests.test_new_source_excludes408_and_failed_source_prevents_fresh_read) ... ok
test_tiny_source_train_calibration_and_no_fresh_manifest (test_energy_pilot.EnergyPilotTests.test_tiny_source_train_calibration_and_no_fresh_manifest) ... T013 bank 1 1 clean states 1
T013 bank 2 1 homogeneous_dark states 24
T013 bank 3 1 homogeneous_bright states 24
T013 bank 4 1 left_right states 24
T013 bank 5 1 quadrants states 24
T013 trained energy 97 rows 100 epochs
T013 A finalized 1 2 clean seconds 0.14
T013 A finalized 2 2 homogeneous_dark seconds 0.65
T013 A finalized 3 2 homogeneous_bright seconds 0.64
T013 A finalized 4 2 left_right seconds 0.67
T013 A finalized 5 2 quadrants seconds 0.67
ok
test_coordinate_restrictions_exact (test_geometry.GeometryTests.test_coordinate_restrictions_exact) ... ok
test_development_manifest_excludes_all_old_data (test_geometry.GeometryTests.test_development_manifest_excludes_all_old_data) ... ok
test_diagnosis_rules_and_objective_priority_are_literal (test_geometry.GeometryTests.test_diagnosis_rules_and_objective_priority_are_literal) ... ok
test_literal_surface_and_tied_ranks (test_geometry.GeometryTests.test_literal_surface_and_tied_ranks) ... ok
test_oracle_resets_identity_and_is_diagnostic_only (test_geometry.GeometryTests.test_oracle_resets_identity_and_is_diagnostic_only) ... ok
test_piecewise_constant_equivalence_and_odd_quadrant_boundary (test_geometry.GeometryTests.test_piecewise_constant_equivalence_and_odd_quadrant_boundary) ... ok
test_recording_leaves_t008_trajectory_unchanged_and_reference_is_offline (test_geometry.GeometryTests.test_recording_leaves_t008_trajectory_unchanged_and_reference_is_offline) ... ok
test_reference_gradient_changes_without_affecting_semantic_api (test_geometry.GeometryTests.test_reference_gradient_changes_without_affecting_semantic_api) ... ok
test_constant_spatial_grid_matches_global (test_isp.ISPTests.test_constant_spatial_grid_matches_global) ... ok
test_each_operator_has_finite_nonzero_gradient (test_isp.ISPTests.test_each_operator_has_finite_nonzero_gradient) ... ok
test_identity_including_black_and_white (test_isp.ISPTests.test_identity_including_black_and_white) ... ok
test_single_operator_semantics (test_isp.ISPTests.test_single_operator_semantics) ... ok
test_spatial_interpolation_and_bounds (test_isp.ISPTests.test_spatial_interpolation_and_bounds) ... ok
test_image_any_denominators_tradeoffs_auc_and_gate (test_joint_audit.JointAuditTests.test_image_any_denominators_tradeoffs_auc_and_gate) ... ok
test_metadata_is_attached_after_persistence_cannot_change_pixel_inference (test_joint_audit.JointAuditTests.test_metadata_is_attached_after_persistence_cannot_change_pixel_inference) ... ok
test_calibration_image_max_linear_percentile_and_exclusion (test_joint_gate.JointGateTests.test_calibration_image_max_linear_percentile_and_exclusion) ... ok
test_exact_saved_prototype_and_t006_score_arithmetic (test_joint_gate.JointGateTests.test_exact_saved_prototype_and_t006_score_arithmetic) ... ok
test_fresh_manifest_excludes_every_prior_split (test_joint_gate.JointGateTests.test_fresh_manifest_excludes_every_prior_split) ... ok
test_same_scores_raw_winner_strict_boundary_and_activation_only (test_joint_gate.JointGateTests.test_same_scores_raw_winner_strict_boundary_and_activation_only) ... ok
test_clean_source_calibration_only (test_learned_prototypes.LearnedPrototypeTests.test_clean_source_calibration_only) ... ok
test_exact_initialization_and_gradient_ownership (test_learned_prototypes.LearnedPrototypeTests.test_exact_initialization_and_gradient_ownership) ... ok
test_fresh_deterministic_manifest (test_learned_prototypes.LearnedPrototypeTests.test_fresh_deterministic_manifest) ... ok
test_pixel_only_inference_and_decisions (test_learned_prototypes.LearnedPrototypeTests.test_pixel_only_inference_and_decisions) ... ok
test_source_only_training_freezes_before_inference (test_learned_prototypes.LearnedPrototypeTests.test_source_only_training_freezes_before_inference) ... ok
test_five_views_and_differentiable_geometry (test_natural.NaturalTests.test_five_views_and_differentiable_geometry) ... ok
test_gain_conventions_match_previous_suite (test_natural.NaturalTests.test_gain_conventions_match_previous_suite) ... ok
test_each_threshold_is_enforced (test_projected_metrics.ProjectedMetricsTests.test_each_threshold_is_enforced) ... ok
test_literal_criteria_one_step_not_selector_stress_excluded (test_projected_metrics.ProjectedMetricsTests.test_literal_criteria_one_step_not_selector_stress_excluded) ... ok
test_all_nine_outputs_decisions_and_hashes_precede_metrics (test_projected_pilot.ProjectedPilotTests.test_all_nine_outputs_decisions_and_hashes_precede_metrics) ... ok
test_fresh_manifest_uses_existing_order_exclusions_and_new_split (test_projected_pilot.ProjectedPilotTests.test_fresh_manifest_uses_existing_order_exclusions_and_new_split) ... ok
test_replacement_reference_leaves_outputs_gradients_and_states_unchanged (test_projected_pilot.ProjectedPilotTests.test_replacement_reference_leaves_outputs_gradients_and_states_unchanged) ... ok
test_discrete_candidates_are_legal_and_inactive_output_unchanged (test_projected_ttt.ProjectedTests.test_discrete_candidates_are_legal_and_inactive_output_unchanged) ... ok
test_episode_reset_no_active_and_no_metadata_api (test_projected_ttt.ProjectedTests.test_episode_reset_no_active_and_no_metadata_api) ... ok
test_global_conflict_agreement_and_no_active (test_projected_ttt.ProjectedTests.test_global_conflict_agreement_and_no_active) ... ok
test_inactive_low_value_pixels_are_bitwise_unchanged (test_projected_ttt.ProjectedTests.test_inactive_low_value_pixels_are_bitwise_unchanged) ... ok
test_one_step_matches_first_full_update_and_audits_projection (test_projected_ttt.ProjectedTests.test_one_step_matches_first_full_update_and_audits_projection) ... ok
test_projection_bounds_signs_and_inactive_exact_identity (test_projected_ttt.ProjectedTests.test_projection_bounds_signs_and_inactive_exact_identity) ... ok
test_renderer_and_envelope_baseline_parity (test_projected_ttt.ProjectedTests.test_renderer_and_envelope_baseline_parity) ... ok
test_gate_requires_mixed_recall_and_low_wrong_activation (test_prototype_audit.PrototypeAuditTests.test_gate_requires_mixed_recall_and_low_wrong_activation) ... ok
test_metadata_changes_only_offline_localization (test_prototype_audit.PrototypeAuditTests.test_metadata_changes_only_offline_localization) ... ok
test_mixed_labels_and_all_view_denominators (test_prototype_audit.PrototypeAuditTests.test_mixed_labels_and_all_view_denominators) ... ok
test_global_unaffected_by_tv_and_components_reconstruct_total (test_regularization.RegularizationTests.test_global_unaffected_by_tv_and_components_reconstruct_total) ... ok
test_identity_normalization_anchor_and_bounds (test_regularization.RegularizationTests.test_identity_normalization_anchor_and_bounds) ... ok
test_tv_constant_varying_and_analytic_value (test_regularization.RegularizationTests.test_tv_constant_varying_and_analytic_value) ... ok
test_zero_weight_t001_fixed_numeric_regression (test_regularization.RegularizationTests.test_zero_weight_t001_fixed_numeric_regression) ... ok
test_exact_probe_sign_magnitude_and_response (test_relative_clip.RelativeTests.test_exact_probe_sign_magnitude_and_response) ... ok
test_fresh_manifest_and_calibration_excludes_other_rows (test_relative_clip.RelativeTests.test_fresh_manifest_and_calibration_excludes_other_rows) ... ok
test_literal_gate_uses_correct_type_tpr_and_precision (test_relative_clip.RelativeTests.test_literal_gate_uses_correct_type_tpr_and_precision) ... ok
test_metadata_does_not_change_responses_gates_targets (test_relative_clip.RelativeTests.test_metadata_does_not_change_responses_gates_targets) ... ok
test_literal_grid_feasibility_and_conservative_tie (test_residual_metrics.ResidualMetricsTests.test_literal_grid_feasibility_and_conservative_tie) ... ok
test_offset_boundary_and_offline_regional_mse (test_residual_metrics.ResidualMetricsTests.test_offset_boundary_and_offline_regional_mse) ... ok
test_qualification_conjunction_and_stress_exclusion (test_residual_metrics.ResidualMetricsTests.test_qualification_conjunction_and_stress_exclusion) ... ok
test_all_eight_outputs_and_decisions_precede_reference_access (test_residual_pilot.ResidualPilotTests.test_all_eight_outputs_and_decisions_precede_reference_access) ... ok
test_manifest_algorithm_excludes_all_prior_ids_and_small_images (test_residual_pilot.ResidualPilotTests.test_manifest_algorithm_excludes_all_prior_ids_and_small_images) ... ok
test_source_actions_include_all_fixed_pairs_without_reference_api (test_residual_pilot.ResidualPilotTests.test_source_actions_include_all_fixed_pairs_without_reference_api) ... ok
test_all_methods_reset_and_reject_reference_metadata (test_residual_ttt.ResidualTests.test_all_methods_reset_and_reject_reference_metadata) ... ok
test_coordinate_only_region_matches_diagnostic_and_constant_bilinear (test_residual_ttt.ResidualTests.test_coordinate_only_region_matches_diagnostic_and_constant_bilinear) ... ok
test_equation_frozen_winner_initial_energy_opposite_penalty (test_residual_ttt.ResidualTests.test_equation_frozen_winner_initial_energy_opposite_penalty) ... ok
test_no_active_exact_identity_all_methods (test_residual_ttt.ResidualTests.test_no_active_exact_identity_all_methods) ... ok
test_zero_rho_loss_gradient_and_trajectory_match (test_residual_ttt.ResidualTests.test_zero_rho_loss_gradient_and_trajectory_match) ... ok
test_literal_mean_gates_paired_rows_and_gradient_exclusion (test_restoration_metrics.RestorationMetricTests.test_literal_mean_gates_paired_rows_and_gradient_exclusion) ... ok
test_official_fresh_manifest_prefix_and_exclusions (test_restoration_metrics.RestorationMetricTests.test_official_fresh_manifest_prefix_and_exclusions) ... ok
test_replaced_reference_changes_metrics_only_after_methods_complete (test_restoration_metrics.RestorationMetricTests.test_replaced_reference_changes_metrics_only_after_methods_complete) ... ok
test_only_three_scores_and_literal_tie_order (test_routing_core.RoutingCoreTests.test_only_three_scores_and_literal_tie_order) ... ok
test_original_basis_regression_and_reference_access_order (test_routing_core.RoutingCoreTests.test_original_basis_regression_and_reference_access_order) ... ok
test_best_fixed_is_aggregate_not_per_image_oracle (test_routing_metrics.RoutingMetricTests.test_best_fixed_is_aggregate_not_per_image_oracle) ... ok
test_counts_full_margins_and_regret_on_selected_basis (test_routing_metrics.RoutingMetricTests.test_counts_full_margins_and_regret_on_selected_basis) ... ok
test_literal_ten_clauses_and_offset_is_primary (test_routing_metrics.RoutingMetricTests.test_literal_ten_clauses_and_offset_is_primary) ... ok
test_648_exclusions_and_frozen_old_code_inventory (test_routing_pilot.RoutingPilotTests.test_648_exclusions_and_frozen_old_code_inventory) ... ok
test_fresh_six_conditions_no_training_and_persisted_route (test_routing_pilot.RoutingPilotTests.test_fresh_six_conditions_no_training_and_persisted_route) ... T015 finalized 1 1 clean basis global_ttt_energy_sobolev seconds 0.14
T015 finalized 2 1 homogeneous_dark basis region2_ttt_energy_sobolev seconds 0.62
T015 finalized 3 1 homogeneous_bright basis region2_ttt_energy_sobolev seconds 0.61
T015 finalized 4 1 left_right basis region2_ttt_energy_sobolev seconds 0.64
T015 finalized 5 1 quadrants basis global_ttt_energy_sobolev seconds 0.64
T015 finalized 6 1 offset_left_right_40 basis region2_ttt_energy_sobolev seconds 0.64
ok
test_all_fixed_settings_and_component_trajectories (test_safety_sweep.SafetySweepTests.test_all_fixed_settings_and_component_trajectories) ... ok
test_clean_reference_replacement_never_changes_any_trajectory (test_safety_sweep.SafetySweepTests.test_clean_reference_replacement_never_changes_any_trajectory) ... ok
test_predeclared_decision_rule_known_values (test_safety_sweep.SafetySweepTests.test_predeclared_decision_rule_known_values) ... ok
test_direct_policy_and_exact_candidate_ties (test_semantic_ttt.SemanticTTTTests.test_direct_policy_and_exact_candidate_ties) ... ok
test_episode_reset_and_metadata_cannot_enter_trajectory (test_semantic_ttt.SemanticTTTTests.test_episode_reset_and_metadata_cannot_enter_trajectory) ... ok
test_fixed_original_mask_and_two_sided_hinge (test_semantic_ttt.SemanticTTTTests.test_fixed_original_mask_and_two_sided_hinge) ... ok
test_frozen_encoder_gradients_reach_both_isp_coordinates (test_semantic_ttt.SemanticTTTTests.test_frozen_encoder_gradients_reach_both_isp_coordinates) ... ok
test_global_spatial_constant_render_and_fixed_other_operators (test_semantic_ttt.SemanticTTTTests.test_global_spatial_constant_render_and_fixed_other_operators) ... ok
test_literal_saved_calibration_and_hash (test_semantic_ttt.SemanticTTTTests.test_literal_saved_calibration_and_hash) ... ok
test_no_active_is_bitwise_identity_for_every_method (test_semantic_ttt.SemanticTTTTests.test_no_active_is_bitwise_identity_for_every_method) ... ok
test_bank_coordinates_unchanged_exact_inactive_and_value_only_rows (test_sobolev_core.SobolevCoreTests.test_bank_coordinates_unchanged_exact_inactive_and_value_only_rows) ... ok
test_cached_features_use_same_grad_forward_path_as_derivatives (test_sobolev_core.SobolevCoreTests.test_cached_features_use_same_grad_forward_path_as_derivatives) ... ok
test_cached_jacobian_matches_direct_chain_rule_and_reference (test_sobolev_core.SobolevCoreTests.test_cached_jacobian_matches_direct_chain_rule_and_reference) ... ok
test_inference_rejects_all_source_supervision (test_sobolev_core.SobolevCoreTests.test_inference_rejects_all_source_supervision) ... ok
test_same_source_value_control_is_bitwise_t013_and_direction_loss (test_sobolev_core.SobolevCoreTests.test_same_source_value_control_is_bitwise_t013_and_direction_loss) ... ok
test_eight_and_twelve_literal_clauses_include_control (test_sobolev_evidence.SobolevEvidenceTests.test_eight_and_twelve_literal_clauses_include_control) ... ok
test_reference_replacement_preserves_all_persisted_label_free_evidence (test_sobolev_evidence.SobolevEvidenceTests.test_reference_replacement_preserves_all_persisted_label_free_evidence) ... ok
test_508_prior_exclusions_and_failed_gate_never_reads_fresh_pool (test_sobolev_pilot.SobolevPilotTests.test_508_prior_exclusions_and_failed_gate_never_reads_fresh_pool) ... ok
test_receipt_both_heads_convention_and_actual_git_blobs (test_sobolev_pilot.SobolevPilotTests.test_receipt_both_heads_convention_and_actual_git_blobs) ... ok
test_tiny_complete_source_two_heads_calibration_and_no_fresh (test_sobolev_pilot.SobolevPilotTests.test_tiny_complete_source_two_heads_calibration_and_no_fresh) ... T014 bank 1 1 clean states 1 seconds 0.01
T014 bank 2 1 homogeneous_dark states 24 seconds 4.45
T014 bank 3 1 homogeneous_bright states 24 seconds 4.48
T014 bank 4 1 left_right states 24 seconds 4.47
T014 bank 5 1 quadrants states 24 seconds 4.45
T014 trained both heads 97 rows,100epochs
T014 A finalized 1 2 clean seconds 0.16
T014 A finalized 2 2 homogeneous_dark seconds 0.75
T014 A finalized 3 2 homogeneous_bright seconds 0.75
T014 A finalized 4 2 left_right seconds 0.79
T014 A finalized 5 2 quadrants seconds 0.78
ok
test_fixed_step_safety_then_hetero_then_earliest (test_stop_metrics.StopMetricsTests.test_fixed_step_safety_then_hetero_then_earliest) ... ok
test_stage_a_five_clauses_and_stage_b_eleven_with_stress_exclusion (test_stop_metrics.StopMetricsTests.test_stage_a_five_clauses_and_stage_b_eleven_with_stress_exclusion) ... ok
test_development_80_20_split_and_fresh_barrier_precedes_pool_read (test_stop_pilot.StopPilotTests.test_development_80_20_split_and_fresh_barrier_precedes_pool_read) ... ok
test_freeze_checks_head_manifest_code_normalization_and_git_blob (test_stop_pilot.StopPilotTests.test_freeze_checks_head_manifest_code_normalization_and_git_blob) ... ok
test_source_training_and_calibration_end_to_end_without_fresh_data (test_stop_pilot.StopPilotTests.test_source_training_and_calibration_end_to_end_without_fresh_data) ... Stage A passes False failed ['homogeneous_dark', 'beyond_discrete', 'beyond_fixed_step'] fixed step 2
STOP: no fresh T012 manifest/scoring in this process. Commit a passing frozen receipt first.
ok
test_stage_b_persistence_and_reference_replacement (test_stop_pilot.StopPilotTests.test_stage_b_persistence_and_reference_replacement) ... ok
test_checkpoint_frozen_scores_and_cpu_cuda_selection (test_stop_quality.StopQualityTests.test_checkpoint_frozen_scores_and_cpu_cuda_selection) ... ok
test_fixed_recipe_train_only_normalization_and_exact_repeat (test_stop_quality.StopQualityTests.test_fixed_recipe_train_only_normalization_and_exact_repeat) ... ok
test_earliest_tie_and_inactive_bypass (test_stop_trajectory.StopTrajectoryTests.test_earliest_tie_and_inactive_bypass) ... ok
test_feature_order_normalization_signs_terminal_and_projection_count (test_stop_trajectory.StopTrajectoryTests.test_feature_order_normalization_signs_terminal_and_projection_count) ... ok
test_metadata_cannot_enter_capture_features_selection_or_output (test_stop_trajectory.StopTrajectoryTests.test_metadata_cannot_enter_capture_features_selection_or_output) ... ok
test_passive_capture_exact_t011_outputs_gradients_and_states (test_stop_trajectory.StopTrajectoryTests.test_passive_capture_exact_t011_outputs_gradients_and_states) ... ok
test_clean_families_and_determinism (test_suite.SuiteTests.test_clean_families_and_determinism) ... ok
test_degradation_masks_and_t001_equivalence (test_suite.SuiteTests.test_degradation_masks_and_t001_equivalence) ... ok
test_evaluation_only_reference_and_exports (test_suite.SuiteTests.test_evaluation_only_reference_and_exports) ... ok
test_identity_drift_clean_condition (test_suite.SuiteTests.test_identity_drift_clean_condition) ... ok
test_count_aggregation_and_uniform_field (test_uniform.UniformTests.test_count_aggregation_and_uniform_field) ... ok
test_spatial_one_matches_global_exactly (test_uniform.UniformTests.test_spatial_one_matches_global_exactly) ... ok
test_symmetric_control_stays_near_global_and_resets (test_uniform.UniformTests.test_symmetric_control_stays_near_global_and_resets) ... ok

----------------------------------------------------------------------
Ran 132 tests in 42.521s

OK
/home/wenchang/asdasdsad/wjq/TTIE/.venv/lib/python3.12/site-packages/timm/models/layers/__init__.py:49: FutureWarning: Importing from timm.models.layers is deprecated, please import via timm.layers
  warnings.warn(f"Importing from {__name__} is deprecated, please import via timm.layers", FutureWarning)
/home/wenchang/anaconda3/envs/python3.12-tk2-2.3/lib/python3.12/site-packages/torch/cuda/__init__.py:654: UserWarning: Can't initialize NVML
  warnings.warn("Can't initialize NVML")
/home/wenchang/asdasdsad/wjq/TTIE/.venv/lib/python3.12/site-packages/open_clip/factory.py:129: FutureWarning: You are using `torch.load` with `weights_only=False` (the current default value), which uses the default pickle module implicitly. It is possible to construct malicious pickle data which will execute arbitrary code during unpickling (See https://github.com/pytorch/pytorch/blob/main/SECURITY.md#untrusted-models for more details). In a future release, the default value for `weights_only` will be flipped to `True`. This limits the functions that could be executed during unpickling. Arbitrary objects will no longer be allowed to be loaded via this mode unless they are explicitly allowlisted by the user via `torch.serialization.add_safe_globals`. We recommend you start setting `weights_only=True` for any use case where you don't have full control of the loaded file. Please open an issue on GitHub for any issues related to this experimental feature.
  checkpoint = torch.load(checkpoint_path, map_location=map_location)
T015 finalized 1 55167 clean basis global_ttt_energy_sobolev seconds 0.31
T015 finalized 2 55167 homogeneous_dark basis global_ttt_energy_sobolev seconds 0.28
T015 finalized 3 55167 homogeneous_bright basis global_ttt_energy_sobolev seconds 7.72
T015 finalized 4 55167 left_right basis global_ttt_energy_sobolev seconds 0.3
T015 finalized 5 55167 quadrants basis global_ttt_energy_sobolev seconds 8.1
T015 finalized 6 55167 offset_left_right_40 basis global_ttt_energy_sobolev seconds 0.35
T015 finalized 7 55299 clean basis global_ttt_energy_sobolev seconds 0.19
T015 finalized 8 55299 homogeneous_dark basis region2_ttt_energy_sobolev seconds 9.86
T015 finalized 9 55299 homogeneous_bright basis region2_ttt_energy_sobolev seconds 10.0
T015 finalized 10 55299 left_right basis bilinear2_ttt_energy_sobolev seconds 10.07
T015 finalized 11 55299 quadrants basis region2_ttt_energy_sobolev seconds 10.2
T015 finalized 12 55299 offset_left_right_40 basis region2_ttt_energy_sobolev seconds 10.24
T015 finalized 13 55528 clean basis global_ttt_energy_sobolev seconds 0.16
T015 finalized 14 55528 homogeneous_dark basis bilinear2_ttt_energy_sobolev seconds 9.92
T015 finalized 15 55528 homogeneous_bright basis bilinear2_ttt_energy_sobolev seconds 10.05
T015 finalized 16 55528 left_right basis bilinear2_ttt_energy_sobolev seconds 10.04
T015 finalized 17 55528 quadrants basis region2_ttt_energy_sobolev seconds 10.08
T015 finalized 18 55528 offset_left_right_40 basis bilinear2_ttt_energy_sobolev seconds 10.05
T015 finalized 19 55950 clean basis global_ttt_energy_sobolev seconds 0.19
T015 finalized 20 55950 homogeneous_dark basis global_ttt_energy_sobolev seconds 8.24
T015 finalized 21 55950 homogeneous_bright basis global_ttt_energy_sobolev seconds 8.06
T015 finalized 22 55950 left_right basis global_ttt_energy_sobolev seconds 8.19
T015 finalized 23 55950 quadrants basis region2_ttt_energy_sobolev seconds 7.46
T015 finalized 24 55950 offset_left_right_40 basis global_ttt_energy_sobolev seconds 0.22
T015 finalized 25 56127 clean basis global_ttt_energy_sobolev seconds 0.15
T015 finalized 26 56127 homogeneous_dark basis global_ttt_energy_sobolev seconds 9.46
T015 finalized 27 56127 homogeneous_bright basis region2_ttt_energy_sobolev seconds 8.97
T015 finalized 28 56127 left_right basis bilinear2_ttt_energy_sobolev seconds 9.33
T015 finalized 29 56127 quadrants basis bilinear2_ttt_energy_sobolev seconds 9.82
T015 finalized 30 56127 offset_left_right_40 basis bilinear2_ttt_energy_sobolev seconds 9.63
T015 finalized 31 56288 clean basis global_ttt_energy_sobolev seconds 0.18
T015 finalized 32 56288 homogeneous_dark basis global_ttt_energy_sobolev seconds 8.12
T015 finalized 33 56288 homogeneous_bright basis region2_ttt_energy_sobolev seconds 9.48
T015 finalized 34 56288 left_right basis bilinear2_ttt_energy_sobolev seconds 10.1
T015 finalized 35 56288 quadrants basis bilinear2_ttt_energy_sobolev seconds 10.08
T015 finalized 36 56288 offset_left_right_40 basis region2_ttt_energy_sobolev seconds 10.05
T015 finalized 37 56344 clean basis global_ttt_energy_sobolev seconds 0.18
T015 finalized 38 56344 homogeneous_dark basis global_ttt_energy_sobolev seconds 10.13
T015 finalized 39 56344 homogeneous_bright basis region2_ttt_energy_sobolev seconds 10.17
T015 finalized 40 56344 left_right basis region2_ttt_energy_sobolev seconds 10.17
T015 finalized 41 56344 quadrants basis region2_ttt_energy_sobolev seconds 10.01
T015 finalized 42 56344 offset_left_right_40 basis bilinear2_ttt_energy_sobolev seconds 10.12
T015 finalized 43 56350 clean basis global_ttt_energy_sobolev seconds 0.16
T015 finalized 44 56350 homogeneous_dark basis global_ttt_energy_sobolev seconds 9.5
T015 finalized 45 56350 homogeneous_bright basis bilinear2_ttt_energy_sobolev seconds 9.27
T015 finalized 46 56350 left_right basis region2_ttt_energy_sobolev seconds 9.45
T015 finalized 47 56350 quadrants basis region2_ttt_energy_sobolev seconds 9.46
T015 finalized 48 56350 offset_left_right_40 basis region2_ttt_energy_sobolev seconds 9.65
T015 finalized 49 56545 clean basis global_ttt_energy_sobolev seconds 0.18
T015 finalized 50 56545 homogeneous_dark basis global_ttt_energy_sobolev seconds 9.79
T015 finalized 51 56545 homogeneous_bright basis global_ttt_energy_sobolev seconds 9.5
T015 finalized 52 56545 left_right basis global_ttt_energy_sobolev seconds 9.98
T015 finalized 53 56545 quadrants basis region2_ttt_energy_sobolev seconds 9.87
T015 finalized 54 56545 offset_left_right_40 basis region2_ttt_energy_sobolev seconds 7.72
T015 finalized 55 57027 clean basis global_ttt_energy_sobolev seconds 0.2
T015 finalized 56 57027 homogeneous_dark basis global_ttt_energy_sobolev seconds 8.44
T015 finalized 57 57027 homogeneous_bright basis region2_ttt_energy_sobolev seconds 10.34
T015 finalized 58 57027 left_right basis bilinear2_ttt_energy_sobolev seconds 10.34
T015 finalized 59 57027 quadrants basis bilinear2_ttt_energy_sobolev seconds 8.57
T015 finalized 60 57027 offset_left_right_40 basis region2_ttt_energy_sobolev seconds 10.29
T015 finalized 61 57149 clean basis global_ttt_energy_sobolev seconds 0.17
T015 finalized 62 57149 homogeneous_dark basis global_ttt_energy_sobolev seconds 9.59
T015 finalized 63 57149 homogeneous_bright basis region2_ttt_energy_sobolev seconds 10.25
T015 finalized 64 57149 left_right basis region2_ttt_energy_sobolev seconds 10.32
T015 finalized 65 57149 quadrants basis region2_ttt_energy_sobolev seconds 10.13
T015 finalized 66 57149 offset_left_right_40 basis bilinear2_ttt_energy_sobolev seconds 9.52
T015 finalized 67 57232 clean basis global_ttt_energy_sobolev seconds 0.17
T015 finalized 68 57232 homogeneous_dark basis global_ttt_energy_sobolev seconds 7.36
T015 finalized 69 57232 homogeneous_bright basis region2_ttt_energy_sobolev seconds 9.38
T015 finalized 70 57232 left_right basis bilinear2_ttt_energy_sobolev seconds 8.79
T015 finalized 71 57232 quadrants basis region2_ttt_energy_sobolev seconds 8.98
T015 finalized 72 57232 offset_left_right_40 basis bilinear2_ttt_energy_sobolev seconds 9.2
T015 finalized 73 57238 clean basis global_ttt_energy_sobolev seconds 0.2
T015 finalized 74 57238 homogeneous_dark basis region2_ttt_energy_sobolev seconds 9.86
T015 finalized 75 57238 homogeneous_bright basis region2_ttt_energy_sobolev seconds 7.56
T015 finalized 76 57238 left_right basis region2_ttt_energy_sobolev seconds 10.0
T015 finalized 77 57238 quadrants basis region2_ttt_energy_sobolev seconds 9.47
T015 finalized 78 57238 offset_left_right_40 basis global_ttt_energy_sobolev seconds 8.01
T015 finalized 79 57244 clean basis global_ttt_energy_sobolev seconds 0.21
T015 finalized 80 57244 homogeneous_dark basis global_ttt_energy_sobolev seconds 10.19
T015 finalized 81 57244 homogeneous_bright basis region2_ttt_energy_sobolev seconds 10.19
T015 finalized 82 57244 left_right basis bilinear2_ttt_energy_sobolev seconds 10.32
T015 finalized 83 57244 quadrants basis bilinear2_ttt_energy_sobolev seconds 10.09
T015 finalized 84 57244 offset_left_right_40 basis bilinear2_ttt_energy_sobolev seconds 9.91
T015 finalized 85 57597 clean basis global_ttt_energy_sobolev seconds 0.21
T015 finalized 86 57597 homogeneous_dark basis region2_ttt_energy_sobolev seconds 7.86
T015 finalized 87 57597 homogeneous_bright basis global_ttt_energy_sobolev seconds 0.2
T015 finalized 88 57597 left_right basis global_ttt_energy_sobolev seconds 0.24
T015 finalized 89 57597 quadrants basis region2_ttt_energy_sobolev seconds 8.23
T015 finalized 90 57597 offset_left_right_40 basis global_ttt_energy_sobolev seconds 0.24
T015 finalized 91 57672 clean basis global_ttt_energy_sobolev seconds 0.19
T015 finalized 92 57672 homogeneous_dark basis global_ttt_energy_sobolev seconds 0.2
T015 finalized 93 57672 homogeneous_bright basis bilinear2_ttt_energy_sobolev seconds 9.75
T015 finalized 94 57672 left_right basis region2_ttt_energy_sobolev seconds 7.78
T015 finalized 95 57672 quadrants basis bilinear2_ttt_energy_sobolev seconds 9.84
T015 finalized 96 57672 offset_left_right_40 basis region2_ttt_energy_sobolev seconds 7.8
T015 finalized 97 58029 clean basis global_ttt_energy_sobolev seconds 0.2
T015 finalized 98 58029 homogeneous_dark basis global_ttt_energy_sobolev seconds 9.39
T015 finalized 99 58029 homogeneous_bright basis region2_ttt_energy_sobolev seconds 7.97
T015 finalized 100 58029 left_right basis global_ttt_energy_sobolev seconds 10.06
T015 finalized 101 58029 quadrants basis region2_ttt_energy_sobolev seconds 8.19
T015 finalized 102 58029 offset_left_right_40 basis global_ttt_energy_sobolev seconds 10.01
T015 finalized 103 58111 clean basis region2_ttt_energy_sobolev seconds 7.35
T015 finalized 104 58111 homogeneous_dark basis global_ttt_energy_sobolev seconds 7.47
T015 finalized 105 58111 homogeneous_bright basis global_ttt_energy_sobolev seconds 8.26
T015 finalized 106 58111 left_right basis region2_ttt_energy_sobolev seconds 8.64
T015 finalized 107 58111 quadrants basis region2_ttt_energy_sobolev seconds 8.04
T015 finalized 108 58111 offset_left_right_40 basis global_ttt_energy_sobolev seconds 9.35
T015 finalized 109 58350 clean basis global_ttt_energy_sobolev seconds 0.21
T015 finalized 110 58350 homogeneous_dark basis global_ttt_energy_sobolev seconds 8.18
T015 finalized 111 58350 homogeneous_bright basis region2_ttt_energy_sobolev seconds 10.12
T015 finalized 112 58350 left_right basis bilinear2_ttt_energy_sobolev seconds 10.01
T015 finalized 113 58350 quadrants basis region2_ttt_energy_sobolev seconds 7.94
T015 finalized 114 58350 offset_left_right_40 basis region2_ttt_energy_sobolev seconds 10.05
T015 finalized 115 58384 clean basis global_ttt_energy_sobolev seconds 0.22
T015 finalized 116 58384 homogeneous_dark basis global_ttt_energy_sobolev seconds 10.12
T015 finalized 117 58384 homogeneous_bright basis region2_ttt_energy_sobolev seconds 7.83
T015 finalized 118 58384 left_right basis bilinear2_ttt_energy_sobolev seconds 10.12
T015 finalized 119 58384 quadrants basis region2_ttt_energy_sobolev seconds 10.11
T015 finalized 120 58384 offset_left_right_40 basis bilinear2_ttt_energy_sobolev seconds 10.05
T015 finalized 121 58393 clean basis global_ttt_energy_sobolev seconds 0.21
T015 finalized 122 58393 homogeneous_dark basis global_ttt_energy_sobolev seconds 10.0
T015 finalized 123 58393 homogeneous_bright basis bilinear2_ttt_energy_sobolev seconds 10.11
T015 finalized 124 58393 left_right basis bilinear2_ttt_energy_sobolev seconds 10.1
T015 finalized 125 58393 quadrants basis bilinear2_ttt_energy_sobolev seconds 9.94
T015 finalized 126 58393 offset_left_right_40 basis bilinear2_ttt_energy_sobolev seconds 10.01
T015 finalized 127 58539 clean basis global_ttt_energy_sobolev seconds 0.23
T015 finalized 128 58539 homogeneous_dark basis global_ttt_energy_sobolev seconds 10.31
T015 finalized 129 58539 homogeneous_bright basis region2_ttt_energy_sobolev seconds 8.11
T015 finalized 130 58539 left_right basis bilinear2_ttt_energy_sobolev seconds 8.42
T015 finalized 131 58539 quadrants basis region2_ttt_energy_sobolev seconds 10.34
T015 finalized 132 58539 offset_left_right_40 basis bilinear2_ttt_energy_sobolev seconds 8.22
T015 finalized 133 58636 clean basis global_ttt_energy_sobolev seconds 0.19
T015 finalized 134 58636 homogeneous_dark basis bilinear2_ttt_energy_sobolev seconds 7.63
T015 finalized 135 58636 homogeneous_bright basis bilinear2_ttt_energy_sobolev seconds 9.65
T015 finalized 136 58636 left_right basis region2_ttt_energy_sobolev seconds 9.6
T015 finalized 137 58636 quadrants basis region2_ttt_energy_sobolev seconds 9.62
T015 finalized 138 58636 offset_left_right_40 basis region2_ttt_energy_sobolev seconds 9.69
T015 finalized 139 58705 clean basis bilinear2_ttt_energy_sobolev seconds 10.08
T015 finalized 140 58705 homogeneous_dark basis bilinear2_ttt_energy_sobolev seconds 9.82
T015 finalized 141 58705 homogeneous_bright basis bilinear2_ttt_energy_sobolev seconds 9.79
T015 finalized 142 58705 left_right basis region2_ttt_energy_sobolev seconds 10.12
T015 finalized 143 58705 quadrants basis region2_ttt_energy_sobolev seconds 10.1
T015 finalized 144 58705 offset_left_right_40 basis bilinear2_ttt_energy_sobolev seconds 10.06
T015 finalized 145 59044 clean basis global_ttt_energy_sobolev seconds 0.23
T015 finalized 146 59044 homogeneous_dark basis bilinear2_ttt_energy_sobolev seconds 10.25
T015 finalized 147 59044 homogeneous_bright basis bilinear2_ttt_energy_sobolev seconds 10.15
T015 finalized 148 59044 left_right basis bilinear2_ttt_energy_sobolev seconds 10.2
T015 finalized 149 59044 quadrants basis region2_ttt_energy_sobolev seconds 10.29
T015 finalized 150 59044 offset_left_right_40 basis bilinear2_ttt_energy_sobolev seconds 10.14
T015 finalized 151 59386 clean basis global_ttt_energy_sobolev seconds 0.25
T015 finalized 152 59386 homogeneous_dark basis global_ttt_energy_sobolev seconds 0.23
T015 finalized 153 59386 homogeneous_bright basis global_ttt_energy_sobolev seconds 7.95
T015 finalized 154 59386 left_right basis region2_ttt_energy_sobolev seconds 7.93
T015 finalized 155 59386 quadrants basis region2_ttt_energy_sobolev seconds 8.04
T015 finalized 156 59386 offset_left_right_40 basis region2_ttt_energy_sobolev seconds 8.05
T015 finalized 157 59598 clean basis global_ttt_energy_sobolev seconds 0.24
T015 finalized 158 59598 homogeneous_dark basis global_ttt_energy_sobolev seconds 10.08
T015 finalized 159 59598 homogeneous_bright basis bilinear2_ttt_energy_sobolev seconds 9.98
T015 finalized 160 59598 left_right basis bilinear2_ttt_energy_sobolev seconds 10.06
T015 finalized 161 59598 quadrants basis region2_ttt_energy_sobolev seconds 10.12
T015 finalized 162 59598 offset_left_right_40 basis region2_ttt_energy_sobolev seconds 9.99
T015 finalized 163 59635 clean basis global_ttt_energy_sobolev seconds 0.23
T015 finalized 164 59635 homogeneous_dark basis global_ttt_energy_sobolev seconds 10.06
T015 finalized 165 59635 homogeneous_bright basis bilinear2_ttt_energy_sobolev seconds 10.03
T015 finalized 166 59635 left_right basis bilinear2_ttt_energy_sobolev seconds 10.13
T015 finalized 167 59635 quadrants basis region2_ttt_energy_sobolev seconds 10.09
T015 finalized 168 59635 offset_left_right_40 basis region2_ttt_energy_sobolev seconds 10.09
T015 finalized 169 59920 clean basis global_ttt_energy_sobolev seconds 0.25
T015 finalized 170 59920 homogeneous_dark basis global_ttt_energy_sobolev seconds 8.4
T015 finalized 171 59920 homogeneous_bright basis global_ttt_energy_sobolev seconds 0.25
T015 finalized 172 59920 left_right basis bilinear2_ttt_energy_sobolev seconds 8.47
T015 finalized 173 59920 quadrants basis region2_ttt_energy_sobolev seconds 7.53
T015 finalized 174 59920 offset_left_right_40 basis bilinear2_ttt_energy_sobolev seconds 9.95
T015 finalized 175 60052 clean basis global_ttt_energy_sobolev seconds 0.25
T015 finalized 176 60052 homogeneous_dark basis global_ttt_energy_sobolev seconds 10.28
T015 finalized 177 60052 homogeneous_bright basis bilinear2_ttt_energy_sobolev seconds 10.25
T015 finalized 178 60052 left_right basis bilinear2_ttt_energy_sobolev seconds 10.24
T015 finalized 179 60052 quadrants basis region2_ttt_energy_sobolev seconds 10.23
T015 finalized 180 60052 offset_left_right_40 basis region2_ttt_energy_sobolev seconds 10.19
T015 finalized 181 60102 clean basis global_ttt_energy_sobolev seconds 0.27
T015 finalized 182 60102 homogeneous_dark basis bilinear2_ttt_energy_sobolev seconds 8.59
T015 finalized 183 60102 homogeneous_bright basis global_ttt_energy_sobolev seconds 10.55
T015 finalized 184 60102 left_right basis region2_ttt_energy_sobolev seconds 7.36
T015 finalized 185 60102 quadrants basis region2_ttt_energy_sobolev seconds 10.26
T015 finalized 186 60102 offset_left_right_40 basis region2_ttt_energy_sobolev seconds 8.5
T015 finalized 187 60347 clean basis global_ttt_energy_sobolev seconds 0.24
T015 finalized 188 60347 homogeneous_dark basis global_ttt_energy_sobolev seconds 9.97
T015 finalized 189 60347 homogeneous_bright basis global_ttt_energy_sobolev seconds 0.26
T015 finalized 190 60347 left_right basis region2_ttt_energy_sobolev seconds 8.19
T015 finalized 191 60347 quadrants basis region2_ttt_energy_sobolev seconds 8.12
T015 finalized 192 60347 offset_left_right_40 basis global_ttt_energy_sobolev seconds 0.28
T015 finalized 193 60363 clean basis global_ttt_energy_sobolev seconds 0.24
T015 finalized 194 60363 homogeneous_dark basis global_ttt_energy_sobolev seconds 8.23
T015 finalized 195 60363 homogeneous_bright basis global_ttt_energy_sobolev seconds 10.12
T015 finalized 196 60363 left_right basis region2_ttt_energy_sobolev seconds 10.02
T015 finalized 197 60363 quadrants basis region2_ttt_energy_sobolev seconds 9.96
T015 finalized 198 60363 offset_left_right_40 basis region2_ttt_energy_sobolev seconds 10.04
T015 finalized 199 60449 clean basis global_ttt_energy_sobolev seconds 0.25
T015 finalized 200 60449 homogeneous_dark basis global_ttt_energy_sobolev seconds 8.08
T015 finalized 201 60449 homogeneous_bright basis global_ttt_energy_sobolev seconds 10.05
T015 finalized 202 60449 left_right basis region2_ttt_energy_sobolev seconds 10.06
T015 finalized 203 60449 quadrants basis region2_ttt_energy_sobolev seconds 10.2
T015 finalized 204 60449 offset_left_right_40 basis region2_ttt_energy_sobolev seconds 10.03
T015 finalized 205 60507 clean basis global_ttt_energy_sobolev seconds 0.36
T015 finalized 206 60507 homogeneous_dark basis global_ttt_energy_sobolev seconds 0.26
T015 finalized 207 60507 homogeneous_bright basis bilinear2_ttt_energy_sobolev seconds 8.16
T015 finalized 208 60507 left_right basis region2_ttt_energy_sobolev seconds 8.08
T015 finalized 209 60507 quadrants basis bilinear2_ttt_energy_sobolev seconds 8.07
T015 finalized 210 60507 offset_left_right_40 basis region2_ttt_energy_sobolev seconds 8.32
T015 finalized 211 60770 clean basis global_ttt_energy_sobolev seconds 0.26
T015 finalized 212 60770 homogeneous_dark basis global_ttt_energy_sobolev seconds 0.25
T015 finalized 213 60770 homogeneous_bright basis region2_ttt_energy_sobolev seconds 10.18
T015 finalized 214 60770 left_right basis region2_ttt_energy_sobolev seconds 8.3
T015 finalized 215 60770 quadrants basis bilinear2_ttt_energy_sobolev seconds 8.04
T015 finalized 216 60770 offset_left_right_40 basis region2_ttt_energy_sobolev seconds 8.3
T015 finalized 217 60823 clean basis global_ttt_energy_sobolev seconds 0.26
T015 finalized 218 60823 homogeneous_dark basis global_ttt_energy_sobolev seconds 9.41
T015 finalized 219 60823 homogeneous_bright basis region2_ttt_energy_sobolev seconds 9.89
T015 finalized 220 60823 left_right basis bilinear2_ttt_energy_sobolev seconds 10.18
T015 finalized 221 60823 quadrants basis bilinear2_ttt_energy_sobolev seconds 9.99
T015 finalized 222 60823 offset_left_right_40 basis bilinear2_ttt_energy_sobolev seconds 10.14
T015 finalized 223 60835 clean basis global_ttt_energy_sobolev seconds 0.26
T015 finalized 224 60835 homogeneous_dark basis global_ttt_energy_sobolev seconds 9.88
T015 finalized 225 60835 homogeneous_bright basis region2_ttt_energy_sobolev seconds 10.11
T015 finalized 226 60835 left_right basis bilinear2_ttt_energy_sobolev seconds 8.29
T015 finalized 227 60835 quadrants basis bilinear2_ttt_energy_sobolev seconds 10.18
T015 finalized 228 60835 offset_left_right_40 basis bilinear2_ttt_energy_sobolev seconds 8.11
T015 finalized 229 60855 clean basis global_ttt_energy_sobolev seconds 0.26
T015 finalized 230 60855 homogeneous_dark basis global_ttt_energy_sobolev seconds 9.97
T015 finalized 231 60855 homogeneous_bright basis bilinear2_ttt_energy_sobolev seconds 9.95
T015 finalized 232 60855 left_right basis region2_ttt_energy_sobolev seconds 10.01
T015 finalized 233 60855 quadrants basis region2_ttt_energy_sobolev seconds 10.01
T015 finalized 234 60855 offset_left_right_40 basis region2_ttt_energy_sobolev seconds 9.97
T015 finalized 235 60886 clean basis global_ttt_energy_sobolev seconds 0.28
T015 finalized 236 60886 homogeneous_dark basis global_ttt_energy_sobolev seconds 10.29
T015 finalized 237 60886 homogeneous_bright basis global_ttt_energy_sobolev seconds 0.28
T015 finalized 238 60886 left_right basis global_ttt_energy_sobolev seconds 10.34
T015 finalized 239 60886 quadrants basis region2_ttt_energy_sobolev seconds 10.31
T015 finalized 240 60886 offset_left_right_40 basis global_ttt_energy_sobolev seconds 0.27
T015 qualified False failed ['beyond_best_fixed', 'beyond_discrete', 'beyond_fixed16', 'offset_noninferiority', 'aligned_noninferiority', 'oracle_regret']
STOP: no rerun, calibration, fitting, new split or next task.
[autodl] finished_at=2026-09-12T22:00:40+08:00
[autodl] exit_code=0
