[autodl] run_id=20260915-023649-ttie-t035a-oracle
[autodl] started_at=2026-09-15T02:36:53+08:00
/home/wenchang/anaconda3/envs/python3.12-tk2-2.3/lib/python3.12/site-packages/torch/cuda/__init__.py:654: UserWarning: Can't initialize NVML
  warnings.warn("Can't initialize NVML")
REFERENCE_ORACLE_ONLY 1/100 winner=T026A_selected step=500 seconds=13.26
REFERENCE_ORACLE_ONLY 2/100 winner=T026A_selected step=500 seconds=11.47
REFERENCE_ORACLE_ONLY 3/100 winner=T026A_selected step=500 seconds=12.22
REFERENCE_ORACLE_ONLY 4/100 winner=identity step=500 seconds=12.41
REFERENCE_ORACLE_ONLY 5/100 winner=T026A_selected step=500 seconds=12.29
REFERENCE_ORACLE_ONLY 6/100 winner=T026A_selected step=500 seconds=12.38
REFERENCE_ORACLE_ONLY 7/100 winner=T026A_selected step=500 seconds=12.23
REFERENCE_ORACLE_ONLY 8/100 winner=T026A_selected step=500 seconds=12.27
REFERENCE_ORACLE_ONLY 9/100 winner=T026A_selected step=500 seconds=11.91
REFERENCE_ORACLE_ONLY 10/100 winner=T026A_selected step=500 seconds=12.26
REFERENCE_ORACLE_ONLY 11/100 winner=T026A_selected step=500 seconds=12.26
REFERENCE_ORACLE_ONLY 12/100 winner=T026A_selected step=500 seconds=12.38
REFERENCE_ORACLE_ONLY 13/100 winner=T026A_selected step=443 seconds=12.42
REFERENCE_ORACLE_ONLY 14/100 winner=T026A_selected step=500 seconds=11.70
REFERENCE_ORACLE_ONLY 15/100 winner=T026A_selected step=500 seconds=11.84
REFERENCE_ORACLE_ONLY 16/100 winner=T026A_selected step=500 seconds=12.39
REFERENCE_ORACLE_ONLY 17/100 winner=T026A_selected step=500 seconds=12.16
REFERENCE_ORACLE_ONLY 18/100 winner=identity step=500 seconds=12.33
REFERENCE_ORACLE_ONLY 19/100 winner=T026A_selected step=499 seconds=12.20
REFERENCE_ORACLE_ONLY 20/100 winner=T026A_selected step=500 seconds=12.28
REFERENCE_ORACLE_ONLY 21/100 winner=T026A_selected step=500 seconds=12.29
REFERENCE_ORACLE_ONLY 22/100 winner=T026A_selected step=500 seconds=12.19
REFERENCE_ORACLE_ONLY 23/100 winner=T026A_selected step=500 seconds=12.29
REFERENCE_ORACLE_ONLY 24/100 winner=T026A_selected step=500 seconds=11.79
REFERENCE_ORACLE_ONLY 25/100 winner=T026A_selected step=500 seconds=12.27
REFERENCE_ORACLE_ONLY 26/100 winner=T026A_selected step=500 seconds=12.31
REFERENCE_ORACLE_ONLY 27/100 winner=T026A_selected step=484 seconds=12.11
REFERENCE_ORACLE_ONLY 28/100 winner=identity step=500 seconds=12.23
REFERENCE_ORACLE_ONLY 29/100 winner=T026A_selected step=500 seconds=12.41
REFERENCE_ORACLE_ONLY 30/100 winner=identity step=500 seconds=12.32
REFERENCE_ORACLE_ONLY 31/100 winner=T026A_selected step=500 seconds=12.35
REFERENCE_ORACLE_ONLY 32/100 winner=T026A_selected step=500 seconds=12.18
REFERENCE_ORACLE_ONLY 33/100 winner=T026A_selected step=500 seconds=12.36
REFERENCE_ORACLE_ONLY 34/100 winner=T026A_selected step=500 seconds=12.35
REFERENCE_ORACLE_ONLY 35/100 winner=T026A_selected step=500 seconds=11.95
REFERENCE_ORACLE_ONLY 36/100 winner=identity step=500 seconds=12.25
REFERENCE_ORACLE_ONLY 37/100 winner=identity step=500 seconds=12.34
REFERENCE_ORACLE_ONLY 38/100 winner=T026A_selected step=493 seconds=11.51
REFERENCE_ORACLE_ONLY 39/100 winner=T026A_selected step=500 seconds=12.36
REFERENCE_ORACLE_ONLY 40/100 winner=T026A_selected step=500 seconds=12.46
REFERENCE_ORACLE_ONLY 41/100 winner=T026A_selected step=500 seconds=11.83
REFERENCE_ORACLE_ONLY 42/100 winner=T026A_selected step=500 seconds=10.33
REFERENCE_ORACLE_ONLY 43/100 winner=T026A_selected step=500 seconds=9.38
REFERENCE_ORACLE_ONLY 44/100 winner=T026A_selected step=468 seconds=12.14
REFERENCE_ORACLE_ONLY 45/100 winner=T026A_selected step=500 seconds=12.39
REFERENCE_ORACLE_ONLY 46/100 winner=T026A_selected step=500 seconds=12.20
REFERENCE_ORACLE_ONLY 47/100 winner=T026A_selected step=500 seconds=12.27
REFERENCE_ORACLE_ONLY 48/100 winner=T026A_selected step=500 seconds=12.32
REFERENCE_ORACLE_ONLY 49/100 winner=identity step=500 seconds=12.23
REFERENCE_ORACLE_ONLY 50/100 winner=T026A_selected step=500 seconds=12.17
REFERENCE_ORACLE_ONLY 51/100 winner=identity step=500 seconds=12.16
REFERENCE_ORACLE_ONLY 52/100 winner=T026A_selected step=500 seconds=12.26
REFERENCE_ORACLE_ONLY 53/100 winner=T026A_selected step=500 seconds=12.33
REFERENCE_ORACLE_ONLY 54/100 winner=T026A_selected step=493 seconds=12.04
REFERENCE_ORACLE_ONLY 55/100 winner=T026A_selected step=500 seconds=11.92
REFERENCE_ORACLE_ONLY 56/100 winner=T026A_selected step=500 seconds=12.08
REFERENCE_ORACLE_ONLY 57/100 winner=T026A_selected step=500 seconds=11.84
REFERENCE_ORACLE_ONLY 58/100 winner=T026A_selected step=500 seconds=11.88
REFERENCE_ORACLE_ONLY 59/100 winner=T026A_selected step=500 seconds=12.10
REFERENCE_ORACLE_ONLY 60/100 winner=identity step=289 seconds=12.31
REFERENCE_ORACLE_ONLY 61/100 winner=T026A_selected step=500 seconds=12.28
REFERENCE_ORACLE_ONLY 62/100 winner=T026A_selected step=499 seconds=12.31
REFERENCE_ORACLE_ONLY 63/100 winner=T026A_selected step=500 seconds=11.90
REFERENCE_ORACLE_ONLY 64/100 winner=T026A_selected step=500 seconds=11.86
REFERENCE_ORACLE_ONLY 65/100 winner=T026A_selected step=465 seconds=11.85
REFERENCE_ORACLE_ONLY 66/100 winner=T026A_selected step=500 seconds=12.40
REFERENCE_ORACLE_ONLY 67/100 winner=identity step=500 seconds=12.16
REFERENCE_ORACLE_ONLY 68/100 winner=T026A_selected step=500 seconds=12.10
REFERENCE_ORACLE_ONLY 69/100 winner=T026A_selected step=500 seconds=11.83
REFERENCE_ORACLE_ONLY 70/100 winner=T026A_selected step=500 seconds=12.00
REFERENCE_ORACLE_ONLY 71/100 winner=T026A_selected step=454 seconds=12.09
REFERENCE_ORACLE_ONLY 72/100 winner=T026A_selected step=500 seconds=12.27
REFERENCE_ORACLE_ONLY 73/100 winner=T026A_selected step=500 seconds=12.36
REFERENCE_ORACLE_ONLY 74/100 winner=identity step=500 seconds=12.38
REFERENCE_ORACLE_ONLY 75/100 winner=T026A_selected step=371 seconds=12.31
REFERENCE_ORACLE_ONLY 76/100 winner=identity step=203 seconds=12.35
REFERENCE_ORACLE_ONLY 77/100 winner=T026A_selected step=500 seconds=12.38
REFERENCE_ORACLE_ONLY 78/100 winner=T026A_selected step=500 seconds=11.95
REFERENCE_ORACLE_ONLY 79/100 winner=T026A_selected step=421 seconds=12.34
REFERENCE_ORACLE_ONLY 80/100 winner=T026A_selected step=500 seconds=12.39
REFERENCE_ORACLE_ONLY 81/100 winner=identity step=500 seconds=12.11
REFERENCE_ORACLE_ONLY 82/100 winner=T026A_selected step=500 seconds=12.35
REFERENCE_ORACLE_ONLY 83/100 winner=T026A_selected step=500 seconds=11.94
REFERENCE_ORACLE_ONLY 84/100 winner=T026A_selected step=500 seconds=12.35
REFERENCE_ORACLE_ONLY 85/100 winner=T026A_selected step=500 seconds=12.37
REFERENCE_ORACLE_ONLY 86/100 winner=T026A_selected step=500 seconds=11.83
REFERENCE_ORACLE_ONLY 87/100 winner=identity step=500 seconds=12.09
REFERENCE_ORACLE_ONLY 88/100 winner=T026A_selected step=500 seconds=10.88
REFERENCE_ORACLE_ONLY 89/100 winner=T026A_selected step=472 seconds=12.16
REFERENCE_ORACLE_ONLY 90/100 winner=T026A_selected step=500 seconds=12.25
REFERENCE_ORACLE_ONLY 91/100 winner=identity step=500 seconds=11.94
REFERENCE_ORACLE_ONLY 92/100 winner=T026A_selected step=443 seconds=12.54
REFERENCE_ORACLE_ONLY 93/100 winner=T026A_selected step=500 seconds=12.30
REFERENCE_ORACLE_ONLY 94/100 winner=T026A_selected step=500 seconds=12.18
REFERENCE_ORACLE_ONLY 95/100 winner=T026A_selected step=500 seconds=12.19
REFERENCE_ORACLE_ONLY 96/100 winner=T026A_selected step=500 seconds=12.08
REFERENCE_ORACLE_ONLY 97/100 winner=T026A_selected step=500 seconds=12.06
REFERENCE_ORACLE_ONLY 98/100 winner=identity step=500 seconds=12.38
REFERENCE_ORACLE_ONLY 99/100 winner=T026A_selected step=500 seconds=11.97
REFERENCE_ORACLE_ONLY 100/100 winner=T026A_selected step=500 seconds=12.28
FROZEN100oracleoutputs/200histories; PSNR/SSIM not yet computed
common-mode explains most WB gain {'count': 100, 'mean': 2.0930311111438713, 'median': 1.5620560810430515, 'min': -0.000341969339043402, 'max': 9.659105901028301, 'p05': 1.5167542131422356e-05, 'p95': 5.647296272375807}
[autodl] finished_at=2026-09-15T02:57:57+08:00
[autodl] exit_code=0
